WARNING: redefining INVISTRA:CONTROL-STRING in DEFGENERIC
WARNING: redefining INVISTRA::DIRECTIVE-CHARACTER in DEFGENERIC
STRICT9-NAME-AUDIT *CASES* NIL NIL
STRICT9-NAME-AUDIT *CLOSURE-FORM* NIL NIL
STRICT9-NAME-AUDIT *ERROR-FORM* NIL NIL
STRICT9-NAME-AUDIT *MOVING-FORM* NIL NIL
STRICT9-NAME-AUDIT *NESTED-FORM* NIL NIL
STRICT9-NAME-AUDIT *OWNERS* NIL NIL
STRICT9-NAME-AUDIT *THROW-FORM* NIL NIL
STRICT9-NAME-AUDIT AUTOMATIC-MOVEMENT NIL NIL
STRICT9-NAME-AUDIT CHECK-DDERIV-LOAD NIL NIL
STRICT9-NAME-AUDIT CHECK-DESIGNATOR NIL NIL
STRICT9-NAME-AUDIT CHECK-DIRECT-EMPTY NIL NIL
STRICT9-NAME-AUDIT CHECK-ERROR NIL NIL
STRICT9-NAME-AUDIT CHECK-MOVING NIL NIL
STRICT9-NAME-AUDIT CHECK-RETRY NIL NIL
STRICT9-NAME-AUDIT CHECK-RETURNED-GRAPH NIL NIL
STRICT9-NAME-AUDIT CHECK-SEMANTICS NIL NIL
STRICT9-NAME-AUDIT CHECK-SINGLE-RESULT NIL NIL
STRICT9-NAME-AUDIT CHECK-THROW NIL NIL
STRICT9-NAME-AUDIT CLIENT NIL NIL
STRICT9-NAME-AUDIT CONS-FORM NIL NIL
STRICT9-NAME-AUDIT DESIGNATOR-CALLBACK NIL NIL
STRICT9-NAME-AUDIT DESIGNATOR-TOTAL NIL NIL
STRICT9-NAME-AUDIT ENV NIL NIL
STRICT9-NAME-AUDIT EXPECTED-MAPC-STOP NIL NIL
STRICT9-NAME-AUDIT FINISH-SUCCESS NIL NIL
STRICT9-NAME-AUDIT FULL-CYCLE NIL NIL
STRICT9-NAME-AUDIT GUEST-ENVIRONMENT NIL NIL
STRICT9-NAME-AUDIT NO-ACTIVE-SCOPES NIL NIL
STRICT9-NAME-AUDIT NOTE-PROBE-PHASE NIL NIL
STRICT9-NAME-AUDIT OWNER NIL NIL
STRICT9-NAME-AUDIT PROVIDER NIL NIL
STRICT9-NAME-AUDIT REGISTERS NIL NIL
STRICT9-NAME-AUDIT RUN-MAPC-STRICT-CASE NIL NIL
STRICT9-NAME-AUDIT SEMANTIC-FORM NIL NIL
STRICT9-NAME-AUDIT VM NIL NIL
STRICT9-NAME-AUDIT WRONG-HOST-DESIGNATOR NIL NIL
STRICT9-OLD-PHASE-COLLISION #<PACKAGE "COMMON-LISP">
STRICT9-GROUP-BEGIN :DIRECT-EMPTY
STRICT9-GROUP-FAIL :DIRECT-EMPTY phase=:DIRECT-EMPTY-ARITY [MACLINA.ARGPARSE:WRONG-NUMBER-OF-ARGUMENTS] Got 3 arguments, but expected exactly 2
STRICT9-PRE-UNWIND :DIRECT-EMPTY (5 3 6 0 3 1)
STRICT9-GROUP-BEGIN :SEMANTICS
STRICT9-GROUP-FAIL :SEMANTICS phase=(:SEMANTIC ((1 2 9) (3 4))) [MACLINA.ARGPARSE:WRONG-NUMBER-OF-ARGUMENTS] Got 3 arguments, but expected exactly 2
STRICT9-PRE-UNWIND :SEMANTICS (11 9 6 6 3 2)
STRICT9-GROUP-BEGIN :MOVING
STRICT9-GROUP-FAIL :MOVING phase=:MANAGED-CALLBACK-MOVEMENT [MACLINA.ARGPARSE:WRONG-NUMBER-OF-ARGUMENTS] Got 3 arguments, but expected exactly 2
STRICT9-PRE-UNWIND :MOVING (7 5 6 2 3 2)
STRICT9-GROUP-BEGIN :NESTED
STRICT9-GROUP-FAIL :NESTED phase=:MANAGED-CALLBACK-MOVEMENT [MACLINA.ARGPARSE:WRONG-NUMBER-OF-ARGUMENTS] Got 3 arguments, but expected exactly 2
STRICT9-PRE-UNWIND :NESTED (7 5 6 2 3 2)
STRICT9-GROUP-BEGIN :CLOSURE
STRICT9-GROUP-PASS :CLOSURE
STRICT9-GROUP-BEGIN :DESIGNATOR
STRICT9-GROUP-PASS :DESIGNATOR
STRICT9-GROUP-BEGIN :ERROR
STRICT9-GROUP-FAIL :ERROR phase=:EXPECTED-CALLBACK-ERROR [MACLINA.ARGPARSE:WRONG-NUMBER-OF-ARGUMENTS] Got 3 arguments, but expected exactly 2
STRICT9-PRE-UNWIND :ERROR (5 3 6 0 3 2)
STRICT9-GROUP-BEGIN :THROW
STRICT9-GROUP-FAIL :THROW phase=:THROW-MULTIPLE-VALUES [MACLINA.ARGPARSE:WRONG-NUMBER-OF-ARGUMENTS] Got 3 arguments, but expected exactly 2
STRICT9-PRE-UNWIND :THROW (5 3 6 0 3 2)
STRICT9-GROUP-BEGIN :DDERIV-LOAD
WARNING: Unknown operator DDERIV: treating as global function
WARNING: Unknown operator DDERIV: treating as global function
WARNING: Unknown operator DDERIV: treating as global function
STRICT9-GROUP-FAIL :DDERIV-LOAD phase=:ORIGINAL-DDERIV-LOAD [MACLINA.ARGPARSE:WRONG-NUMBER-OF-ARGUMENTS] Got 3 arguments, but expected exactly 2
STRICT9-PRE-UNWIND :DDERIV-LOAD (5 3 6 0 3 2)
STRICT9-SUMMARY groups=9 passes=2 failures=7 owners=9
STRICT9-OWNER :DIRECT-EMPTY status=:FAILED-RETAINED phase=:DIRECT-EMPTY-ARITY runtime=T config=:PUBLISHED token-active=T
STRICT9-OWNER :SEMANTICS status=:FAILED-RETAINED phase=(:SEMANTIC
                                                        ((1 2 9) (3 4))) runtime=T config=:PUBLISHED token-active=T
STRICT9-OWNER :MOVING status=:FAILED-RETAINED phase=:MANAGED-CALLBACK-MOVEMENT runtime=T config=:PUBLISHED token-active=T
STRICT9-OWNER :NESTED status=:FAILED-RETAINED phase=:MANAGED-CALLBACK-MOVEMENT runtime=T config=:PUBLISHED token-active=T
STRICT9-OWNER :CLOSURE status=:COMPLETE phase=:COMPLETE runtime=T config=NIL token-active=NIL
STRICT9-OWNER :DESIGNATOR status=:COMPLETE phase=:COMPLETE runtime=T config=NIL token-active=NIL
STRICT9-OWNER :ERROR status=:FAILED-RETAINED phase=:EXPECTED-CALLBACK-ERROR runtime=T config=:PUBLISHED token-active=T
STRICT9-OWNER :THROW status=:FAILED-RETAINED phase=:THROW-MULTIPLE-VALUES runtime=T config=:PUBLISHED token-active=T
STRICT9-OWNER :DDERIV-LOAD status=:FAILED-RETAINED phase=:ORIGINAL-DDERIV-LOAD runtime=T config=:PUBLISHED token-active=T
While evaluating the form starting at line 44, column 0
  of #P"/tmp/clamsara-gcbench-52e08f1-tfa6uf75/independent-review/gabriel-next/native-strict9-c2zybsxw/runner.lisp":
While evaluating the form starting at line 28, column 0
  of #P"/tmp/clamsara-gcbench-52e08f1-tfa6uf75/independent-review/gabriel-next/native-strict9-c2zybsxw/bootstrap-02.lisp":
Unhandled SIMPLE-ERROR in thread #<SB-THREAD:THREAD tid=17623 "main thread" RUNNING
                                    {1200450003}>:
  The assertion (ZEROP *RUNNER-FAILURES*) failed with *RUNNER-FAILURES* = 7.

Backtrace for: #<SB-THREAD:THREAD tid=17623 "main thread" RUNNING {1200450003}>
0: (SB-DEBUG::DEBUGGER-DISABLED-HOOK #<SIMPLE-ERROR "~@<The assertion ~S failed~:[.~:; ~
                                           with ~:*~{~S = ~S~^, ~}.~]~:@>" {120B303303}> #<unused argument> :QUIT T)
1: (SB-DEBUG::RUN-HOOK SB-EXT:*INVOKE-DEBUGGER-HOOK* #<SIMPLE-ERROR "~@<The assertion ~S failed~:[.~:; ~
                                           with ~:*~{~S = ~S~^, ~}.~]~:@>" {120B303303}>)
2: (INVOKE-DEBUGGER #<SIMPLE-ERROR "~@<The assertion ~S failed~:[.~:; ~
                                           with ~:*~{~S = ~S~^, ~}.~]~:@>" {120B303303}>)
3: (ERROR #<SIMPLE-ERROR "~@<The assertion ~S failed~:[.~:; ~
                                           with ~:*~{~S = ~S~^, ~}.~]~:@>" {120B303303}>)
4: (SB-KERNEL:WITH-SIMPLE-CONDITION-RESTARTS ERROR NIL #<SIMPLE-ERROR "~@<The assertion ~S failed~:[.~:; ~
                                           with ~:*~{~S = ~S~^, ~}.~]~:@>" {120B303303}>)
5: (SB-KERNEL:ASSERT-ERROR (ZEROP *RUNNER-FAILURES*) 1 *RUNNER-FAILURES* 7)
6: ("top level form") [toplevel]
7: ((FLET "G" :IN SB-C::%COMPILE-IN-LEXENV))
8: (SB-C::%COMPILE-IN-LEXENV (TAGBODY #1=#:TRY (LET ((#2=#:TEMP943 *RUNNER-FAILURES*)) (WHEN (ZEROP #2#) (GO . #3=(#:DONE))) (SB-KERNEL:ASSERT-ERROR (QUOTE (ZEROP *RUNNER-FAILURES*)) 1 (QUOTE *RUNNER-FAILURES*) #2#)) (GO #1#) . #3#) #<NULL-LEXENV> NIL #<SB-C::SOURCE-INFO {12046627A3}> 9 NIL T T)
9: (SB-C:EVAL-WITH-COMPILE-IN-LEXENV (TAGBODY #1=#:TRY (LET ((#2=#:TEMP943 *RUNNER-FAILURES*)) (WHEN (ZEROP #2#) (GO . #3=(#:DONE))) (SB-KERNEL:ASSERT-ERROR (QUOTE (ZEROP *RUNNER-FAILURES*)) 1 (QUOTE *RUNNER-FAILURES*) #2#)) (GO #1#) . #3#) #<NULL-LEXENV> #<SB-C::SOURCE-INFO {12046627A3}> 9 NIL)
10: (SB-IMPL::%SIMPLE-EVAL (TAGBODY #1=#:TRY (LET ((#2=#:TEMP943 *RUNNER-FAILURES*)) (WHEN (ZEROP #2#) (GO . #3=(#:DONE))) (SB-KERNEL:ASSERT-ERROR (QUOTE (ZEROP *RUNNER-FAILURES*)) 1 (QUOTE *RUNNER-FAILURES*) #2#)) (GO #1#) . #3#) #<NULL-LEXENV>)
11: (SB-INT:SIMPLE-EVAL-IN-LEXENV (ASSERT (ZEROP *RUNNER-FAILURES*)) #<NULL-LEXENV>)
12: (SB-EXT:EVAL-TLF (ASSERT (ZEROP *RUNNER-FAILURES*)) 9 NIL)
13: ((LABELS SB-FASL::EVAL-FORM :IN SB-INT:LOAD-AS-SOURCE) (ASSERT (ZEROP *RUNNER-FAILURES*)) 9)
14: ((LAMBDA (SB-KERNEL:FORM &KEY :CURRENT-INDEX &ALLOW-OTHER-KEYS) :IN SB-INT:LOAD-AS-SOURCE) (ASSERT (ZEROP *RUNNER-FAILURES*)) :CURRENT-INDEX 9)
15: (SB-C::%DO-FORMS-FROM-INFO #<FUNCTION (LAMBDA (SB-KERNEL:FORM &KEY :CURRENT-INDEX &ALLOW-OTHER-KEYS) :IN SB-INT:LOAD-AS-SOURCE) {7F8E5E0B6ADB}> #<SB-C::SOURCE-INFO {12046627A3}> SB-C::INPUT-ERROR-IN-LOAD)
16: (SB-INT:LOAD-AS-SOURCE #<SB-INT:FORM-TRACKING-STREAM for "file /tmp/clamsara-gcbench-52e08f1-tfa6uf75/independent-review/gabriel-next/native-strict9-c2zybsxw/runner.lisp" {120466DB83}> :VERBOSE NIL :PRINT NIL :CONTEXT "loading")
17: ((LABELS SB-FASL::LOAD-STREAM-1 :IN LOAD) #<SB-INT:FORM-TRACKING-STREAM for "file /tmp/clamsara-gcbench-52e08f1-tfa6uf75/independent-review/gabriel-next/native-strict9-c2zybsxw/runner.lisp" {120466DB83}> NIL)
18: (SB-FASL::CALL-WITH-LOAD-BINDINGS #<FUNCTION (LABELS SB-FASL::LOAD-STREAM-1 :IN LOAD) {7F8E5E0B6E9B}> #<SB-INT:FORM-TRACKING-STREAM for "file /tmp/clamsara-gcbench-52e08f1-tfa6uf75/independent-review/gabriel-next/native-strict9-c2zybsxw/runner.lisp" {120466DB83}> NIL #<SB-INT:FORM-TRACKING-STREAM for "file /tmp/clamsara-gcbench-52e08f1-tfa6uf75/independent-review/gabriel-next/native-strict9-c2zybsxw/runner.lisp" {120466DB83}>)
19: (LOAD #P"/tmp/clamsara-gcbench-52e08f1-tfa6uf75/independent-review/gabriel-next/native-strict9-c2zybsxw/runner.lisp" :VERBOSE NIL :PRINT NIL :IF-DOES-NOT-EXIST :ERROR :EXTERNAL-FORMAT :DEFAULT)
20: (SB-INT:SIMPLE-EVAL-IN-LEXENV (LOAD #P"/tmp/clamsara-gcbench-52e08f1-tfa6uf75/independent-review/gabriel-next/native-strict9-c2zybsxw/runner.lisp") #<NULL-LEXENV>)
21: (SB-EXT:EVAL-TLF (LOAD #P"/tmp/clamsara-gcbench-52e08f1-tfa6uf75/independent-review/gabriel-next/native-strict9-c2zybsxw/runner.lisp") 11 NIL)
22: ((LABELS SB-FASL::EVAL-FORM :IN SB-INT:LOAD-AS-SOURCE) (LOAD #P"/tmp/clamsara-gcbench-52e08f1-tfa6uf75/independent-review/gabriel-next/native-strict9-c2zybsxw/runner.lisp") 11)
23: ((LAMBDA (SB-KERNEL:FORM &KEY :CURRENT-INDEX &ALLOW-OTHER-KEYS) :IN SB-INT:LOAD-AS-SOURCE) (LOAD #P"/tmp/clamsara-gcbench-52e08f1-tfa6uf75/independent-review/gabriel-next/native-strict9-c2zybsxw/runner.lisp") :CURRENT-INDEX 11)
24: (SB-C::%DO-FORMS-FROM-INFO #<FUNCTION (LAMBDA (SB-KERNEL:FORM &KEY :CURRENT-INDEX &ALLOW-OTHER-KEYS) :IN SB-INT:LOAD-AS-SOURCE) {7F8E5E0B74CB}> #<SB-C::SOURCE-INFO {1204F05BF3}> SB-C::INPUT-ERROR-IN-LOAD)
25: (SB-INT:LOAD-AS-SOURCE #<SB-INT:FORM-TRACKING-STREAM for "file /tmp/clamsara-gcbench-52e08f1-tfa6uf75/independent-review/gabriel-next/native-strict9-c2zybsxw/bootstrap-02.lisp" {1204F0AE23}> :VERBOSE NIL :PRINT NIL :CONTEXT "loading")
26: ((LABELS SB-FASL::LOAD-STREAM-1 :IN LOAD) #<SB-INT:FORM-TRACKING-STREAM for "file /tmp/clamsara-gcbench-52e08f1-tfa6uf75/independent-review/gabriel-next/native-strict9-c2zybsxw/bootstrap-02.lisp" {1204F0AE23}> NIL)
27: (SB-FASL::CALL-WITH-LOAD-BINDINGS #<FUNCTION (LABELS SB-FASL::LOAD-STREAM-1 :IN LOAD) {7F8E5E0B788B}> #<SB-INT:FORM-TRACKING-STREAM for "file /tmp/clamsara-gcbench-52e08f1-tfa6uf75/independent-review/gabriel-next/native-strict9-c2zybsxw/bootstrap-02.lisp" {1204F0AE23}> NIL #<SB-INT:FORM-TRACKING-STREAM for "file /tmp/clamsara-gcbench-52e08f1-tfa6uf75/independent-review/gabriel-next/native-strict9-c2zybsxw/bootstrap-02.lisp" {1204F0AE23}>)
28: (LOAD #P"/tmp/clamsara-gcbench-52e08f1-tfa6uf75/independent-review/gabriel-next/native-strict9-c2zybsxw/bootstrap-02.lisp" :VERBOSE NIL :PRINT NIL :IF-DOES-NOT-EXIST :ERROR :EXTERNAL-FORMAT :DEFAULT)
29: (SB-IMPL::PROCESS-EVAL/LOAD-OPTIONS ((:LOAD . "/tmp/clamsara-gcbench-52e08f1-tfa6uf75/independent-review/gabriel-next/native-strict9-c2zybsxw/bootstrap-02.lisp") (:QUIT)))
30: (SB-IMPL::TOPLEVEL-INIT)
31: ((FLET SB-UNIX::BODY :IN SB-IMPL::START-LISP))
32: ((FLET "WITHOUT-INTERRUPTS-BODY-3" :IN SB-IMPL::START-LISP))
33: (SB-IMPL::%START-LISP)

unhandled condition in --disable-debugger mode, quitting
