; compiling file "/home/iskam/src/vibe/Clamsara/src/runtime/records.lisp" (written 21 SEP 2026 03:34:16 AM):

; wrote /home/iskam/.cache/common-lisp/sbcl-2.6.8.3-db35d4561-linux-x64/home/iskam/src/vibe/Clamsara/src/runtime/records-tmpGHU3ALSV.fasl
; compilation finished in 0:00:00.057
; compiling file "/home/iskam/src/vibe/Clamsara/src/runtime/barrier.lisp" (written 21 SEP 2026 03:34:48 AM):

; wrote /home/iskam/.cache/common-lisp/sbcl-2.6.8.3-db35d4561-linux-x64/home/iskam/src/vibe/Clamsara/src/runtime/barrier-tmpAAURSO1.fasl
; compilation finished in 0:00:00.026
; compiling file "/home/iskam/src/vibe/Clamsara/src/runtime/finalizers.lisp" (written 20 SEP 2026 06:30:40 PM):

; wrote /home/iskam/.cache/common-lisp/sbcl-2.6.8.3-db35d4561-linux-x64/home/iskam/src/vibe/Clamsara/src/runtime/finalizers-tmp5GEXGEG5.fasl
; compilation finished in 0:00:00.056
; compiling file "/home/iskam/src/vibe/Clamsara/src/runtime/trace.lisp" (written 20 SEP 2026 10:50:21 AM):

; wrote /home/iskam/.cache/common-lisp/sbcl-2.6.8.3-db35d4561-linux-x64/home/iskam/src/vibe/Clamsara/src/runtime/trace-tmpAR3FSGEY.fasl
; compilation finished in 0:00:00.034
; compiling file "/home/iskam/src/vibe/Clamsara/src/runtime/spaces.lisp" (written 20 SEP 2026 10:39:40 AM):

; wrote /home/iskam/.cache/common-lisp/sbcl-2.6.8.3-db35d4561-linux-x64/home/iskam/src/vibe/Clamsara/src/runtime/spaces-tmpJAIDFZTC.fasl
; compilation finished in 0:00:00.109
; compiling file "/home/iskam/src/vibe/Clamsara/src/runtime/cycle.lisp" (written 21 SEP 2026 03:34:16 AM):

; wrote /home/iskam/.cache/common-lisp/sbcl-2.6.8.3-db35d4561-linux-x64/home/iskam/src/vibe/Clamsara/src/runtime/cycle-tmp8V3J6PE9.fasl
; compilation finished in 0:00:00.038
; compiling file "/home/iskam/src/vibe/Clamsara/src/runtime/allocation.lisp" (written 21 SEP 2026 03:34:16 AM):

; wrote /home/iskam/.cache/common-lisp/sbcl-2.6.8.3-db35d4561-linux-x64/home/iskam/src/vibe/Clamsara/src/runtime/allocation-tmp9V47YWQF.fasl
; compilation finished in 0:00:00.012
; compiling file "/home/iskam/src/vibe/Clamsara/test/quality/support.lisp" (written 20 SEP 2026 11:17:10 PM):

; wrote /home/iskam/.cache/common-lisp/sbcl-2.6.8.3-db35d4561-linux-x64/home/iskam/src/vibe/Clamsara/test/quality/support-tmp9BN22RMA.fasl
; compilation finished in 0:00:00.063
CAS-PASS :GLOBAL-BEFORE-ORDER
CAS-PASS :REVERSE-WRITE-ONLY-CANCELLATION
MISMATCH-FAULT (:SIGNALED SB-INT:SIMPLE-CONTROL-ERROR)
CAS-PASS :MISMATCH-BEFORE-ERROR-STICKY
MATCHED-NLX (:SIGNALED SB-INT:SIMPLE-CONTROL-ERROR)
CAS-PASS :MATCHED-BEFORE-THROW-STICKY
CAS-PASS :SAME-CONTEXT-ADMIT-REENTRY
UNBIND-ENTRY (:RETURNED
              (#S(CLAMSARA::HOST-REFERENCE
                  :MODEL #<CLAMSARA::HOST-BOUND-OBJECT-MODEL {12032BD9C3}>
                  :DESCRIPTOR 2
                  :ADDRESS 4128
                  :KIND :BASE
                  :TAG 0
                  :DISPLACEMENT 0)
               :COMPLETE))
CAS-PASS :ACTIVE-CONTEXT-UNBIND
POST-FAULT-ALLOCATION (:SIGNALED CLAMSARA::RUNTIME-REJECTION)
CAS-PASS :POST-FAULT-ALLOCATION-CLOSED
CAS-PASS :ADMITTED-EQL-READ-DISPATCH
CAS-BOUNDARY-SUMMARY cases=8 failures=0 retained=0
CAS-EXPECTED-FATAL-WORLDS 3
