WARNING: redefining INVISTRA:CONTROL-STRING in DEFGENERIC
WARNING: redefining INVISTRA::DIRECTIVE-CHARACTER in DEFGENERIC

; file: /tmp/clamsara-mapc-draft-wd3ba0th/bench/gabriel/reference/dderiv.cl
; in: DEFUN DDERIV-AUX
;     (CLAMSARA.DDERIV.NATIVE-ORACLE::DDERIV CLAMSARA.DDERIV.NATIVE-ORACLE::A)
; 
; caught STYLE-WARNING:
;   undefined function: CLAMSARA.DDERIV.NATIVE-ORACLE::DDERIV
; 
; compilation unit finished
;   Undefined function:
;     DDERIV
;   caught 1 STYLE-WARNING condition

; file: /tmp/clamsara-mapc-draft-wd3ba0th/bench/gabriel/reference/dderiv.cl
; in: DEFUN //DDERIV
;     (CLAMSARA.DDERIV.NATIVE-ORACLE::DDERIV (CAR CLAMSARA.DDERIV.NATIVE-ORACLE::A))
; 
; caught STYLE-WARNING:
;   undefined function: CLAMSARA.DDERIV.NATIVE-ORACLE::DDERIV
; 
; compilation unit finished
;   Undefined function:
;     DDERIV
;   caught 1 STYLE-WARNING condition
WARNING: Unknown operator DDERIV: treating as global function
WARNING: Unknown operator DDERIV: treating as global function
WARNING: Unknown operator DDERIV: treating as global function
DDERIV-KERNEL-FAIL phase=(:KERNEL "(dderiv '(+ (* 3 x x) (* a x x) (* b x) 5))") passed=0 [TYPE-ERROR] The
                                                                                                       value

                                                                                                         (//
                                                                                                          0
                                                                                                          3)

                                                                                                       is
                                                                                                       not
                                                                                                       of
                                                                                                       type

                                                                                                         CONS
DDERIV-KERNEL-OWNER config=:PUBLISHED token-active=T
While evaluating the form starting at line 84, column 0
  of #P"/tmp/clamsara-dderiv-kernel-uffuyg9n/probe.lisp":
While evaluating the form starting at line 17, column 0
  of #P"/tmp/clamsara-dderiv-kernel-uffuyg9n/bootstrap.lisp":
Unhandled SIMPLE-ERROR in thread #<SB-THREAD:THREAD tid=18607 "main thread" RUNNING
                                    {1200450003}>:
  The assertion (NULL *FAILED-CONDITION*) failed with *FAILED-CONDITION* =
  #<TYPE-ERROR expected-type: CONS datum: (// 0 3)>.

Backtrace for: #<SB-THREAD:THREAD tid=18607 "main thread" RUNNING {1200450003}>
0: (SB-DEBUG::DEBUGGER-DISABLED-HOOK #<SIMPLE-ERROR "~@<The assertion ~S failed~:[.~:; ~
                                           with ~:*~{~S = ~S~^, ~}.~]~:@>" {1219FED413}> #<unused argument> :QUIT T)
1: (SB-DEBUG::RUN-HOOK SB-EXT:*INVOKE-DEBUGGER-HOOK* #<SIMPLE-ERROR "~@<The assertion ~S failed~:[.~:; ~
                                           with ~:*~{~S = ~S~^, ~}.~]~:@>" {1219FED413}>)
2: (INVOKE-DEBUGGER #<SIMPLE-ERROR "~@<The assertion ~S failed~:[.~:; ~
                                           with ~:*~{~S = ~S~^, ~}.~]~:@>" {1219FED413}>)
3: (ERROR #<SIMPLE-ERROR "~@<The assertion ~S failed~:[.~:; ~
                                           with ~:*~{~S = ~S~^, ~}.~]~:@>" {1219FED413}>)
4: (SB-KERNEL:WITH-SIMPLE-CONDITION-RESTARTS ERROR NIL #<SIMPLE-ERROR "~@<The assertion ~S failed~:[.~:; ~
                                           with ~:*~{~S = ~S~^, ~}.~]~:@>" {1219FED413}>)
5: (SB-KERNEL:ASSERT-ERROR (NULL *FAILED-CONDITION*) 1 *FAILED-CONDITION* #<TYPE-ERROR expected-type: CONS datum: (// 0 3)>)
6: ("top level form") [toplevel]
7: ((FLET "G" :IN SB-C::%COMPILE-IN-LEXENV))
8: (SB-C::%COMPILE-IN-LEXENV (TAGBODY #1=#:TRY (LET ((#2=#:TEMP702 *FAILED-CONDITION*)) (WHEN (NULL #2#) (GO . #3=(#:DONE))) (SB-KERNEL:ASSERT-ERROR (QUOTE (NULL *FAILED-CONDITION*)) 1 (QUOTE *FAILED-CONDITION*) #2#)) (GO #1#) . #3#) #<NULL-LEXENV> NIL #<SB-C::SOURCE-INFO {12149C7113}> 11 NIL T T)
9: (SB-C:EVAL-WITH-COMPILE-IN-LEXENV (TAGBODY #1=#:TRY (LET ((#2=#:TEMP702 *FAILED-CONDITION*)) (WHEN (NULL #2#) (GO . #3=(#:DONE))) (SB-KERNEL:ASSERT-ERROR (QUOTE (NULL *FAILED-CONDITION*)) 1 (QUOTE *FAILED-CONDITION*) #2#)) (GO #1#) . #3#) #<NULL-LEXENV> #<SB-C::SOURCE-INFO {12149C7113}> 11 NIL)
10: (SB-IMPL::%SIMPLE-EVAL (TAGBODY #1=#:TRY (LET ((#2=#:TEMP702 *FAILED-CONDITION*)) (WHEN (NULL #2#) (GO . #3=(#:DONE))) (SB-KERNEL:ASSERT-ERROR (QUOTE (NULL *FAILED-CONDITION*)) 1 (QUOTE *FAILED-CONDITION*) #2#)) (GO #1#) . #3#) #<NULL-LEXENV>)
11: (SB-INT:SIMPLE-EVAL-IN-LEXENV (ASSERT (NULL *FAILED-CONDITION*)) #<NULL-LEXENV>)
12: (SB-EXT:EVAL-TLF (ASSERT (NULL *FAILED-CONDITION*)) 11 NIL)
13: ((LABELS SB-FASL::EVAL-FORM :IN SB-INT:LOAD-AS-SOURCE) (ASSERT (NULL *FAILED-CONDITION*)) 11)
14: ((LAMBDA (SB-KERNEL:FORM &KEY :CURRENT-INDEX &ALLOW-OTHER-KEYS) :IN SB-INT:LOAD-AS-SOURCE) (ASSERT (NULL *FAILED-CONDITION*)) :CURRENT-INDEX 11)
15: (SB-C::%DO-FORMS-FROM-INFO #<FUNCTION (LAMBDA (SB-KERNEL:FORM &KEY :CURRENT-INDEX &ALLOW-OTHER-KEYS) :IN SB-INT:LOAD-AS-SOURCE) {7F2657AB6ADB}> #<SB-C::SOURCE-INFO {12149C7113}> SB-C::INPUT-ERROR-IN-LOAD)
16: (SB-INT:LOAD-AS-SOURCE #<SB-INT:FORM-TRACKING-STREAM for "file /tmp/clamsara-dderiv-kernel-uffuyg9n/probe.lisp" {1214A29023}> :VERBOSE NIL :PRINT NIL :CONTEXT "loading")
17: ((LABELS SB-FASL::LOAD-STREAM-1 :IN LOAD) #<SB-INT:FORM-TRACKING-STREAM for "file /tmp/clamsara-dderiv-kernel-uffuyg9n/probe.lisp" {1214A29023}> NIL)
18: (SB-FASL::CALL-WITH-LOAD-BINDINGS #<FUNCTION (LABELS SB-FASL::LOAD-STREAM-1 :IN LOAD) {7F2657AB6E9B}> #<SB-INT:FORM-TRACKING-STREAM for "file /tmp/clamsara-dderiv-kernel-uffuyg9n/probe.lisp" {1214A29023}> NIL #<SB-INT:FORM-TRACKING-STREAM for "file /tmp/clamsara-dderiv-kernel-uffuyg9n/probe.lisp" {1214A29023}>)
19: (LOAD #P"/tmp/clamsara-dderiv-kernel-uffuyg9n/probe.lisp" :VERBOSE NIL :PRINT NIL :IF-DOES-NOT-EXIST :ERROR :EXTERNAL-FORMAT :DEFAULT)
20: (SB-INT:SIMPLE-EVAL-IN-LEXENV (LOAD #P"/tmp/clamsara-dderiv-kernel-uffuyg9n/probe.lisp") #<NULL-LEXENV>)
21: (SB-EXT:EVAL-TLF (LOAD #P"/tmp/clamsara-dderiv-kernel-uffuyg9n/probe.lisp") 8 NIL)
22: ((LABELS SB-FASL::EVAL-FORM :IN SB-INT:LOAD-AS-SOURCE) (LOAD #P"/tmp/clamsara-dderiv-kernel-uffuyg9n/probe.lisp") 8)
23: ((LAMBDA (SB-KERNEL:FORM &KEY :CURRENT-INDEX &ALLOW-OTHER-KEYS) :IN SB-INT:LOAD-AS-SOURCE) (LOAD #P"/tmp/clamsara-dderiv-kernel-uffuyg9n/probe.lisp") :CURRENT-INDEX 8)
24: (SB-C::%DO-FORMS-FROM-INFO #<FUNCTION (LAMBDA (SB-KERNEL:FORM &KEY :CURRENT-INDEX &ALLOW-OTHER-KEYS) :IN SB-INT:LOAD-AS-SOURCE) {7F2657AB74CB}> #<SB-C::SOURCE-INFO {12096CF893}> SB-C::INPUT-ERROR-IN-LOAD)
25: (SB-INT:LOAD-AS-SOURCE #<SB-INT:FORM-TRACKING-STREAM for "file /tmp/clamsara-dderiv-kernel-uffuyg9n/bootstrap.lisp" {12096C7E33}> :VERBOSE NIL :PRINT NIL :CONTEXT "loading")
26: ((LABELS SB-FASL::LOAD-STREAM-1 :IN LOAD) #<SB-INT:FORM-TRACKING-STREAM for "file /tmp/clamsara-dderiv-kernel-uffuyg9n/bootstrap.lisp" {12096C7E33}> NIL)
27: (SB-FASL::CALL-WITH-LOAD-BINDINGS #<FUNCTION (LABELS SB-FASL::LOAD-STREAM-1 :IN LOAD) {7F2657AB788B}> #<SB-INT:FORM-TRACKING-STREAM for "file /tmp/clamsara-dderiv-kernel-uffuyg9n/bootstrap.lisp" {12096C7E33}> NIL #<SB-INT:FORM-TRACKING-STREAM for "file /tmp/clamsara-dderiv-kernel-uffuyg9n/bootstrap.lisp" {12096C7E33}>)
28: (LOAD #P"/tmp/clamsara-dderiv-kernel-uffuyg9n/bootstrap.lisp" :VERBOSE NIL :PRINT NIL :IF-DOES-NOT-EXIST :ERROR :EXTERNAL-FORMAT :DEFAULT)
29: (SB-IMPL::PROCESS-EVAL/LOAD-OPTIONS ((:LOAD . "/tmp/clamsara-dderiv-kernel-uffuyg9n/bootstrap.lisp") (:QUIT)))
30: (SB-IMPL::TOPLEVEL-INIT)
31: ((FLET SB-UNIX::BODY :IN SB-IMPL::START-LISP))
32: ((FLET "WITHOUT-INTERRUPTS-BODY-3" :IN SB-IMPL::START-LISP))
33: (SB-IMPL::%START-LISP)

unhandled condition in --disable-debugger mode, quitting
