MOP-PROBE :AROUND-ONLY applicable=((:AROUND)) result=(:SIGNALED
                                                      SB-PCL::NO-PRIMARY-METHOD-ERROR
                                                      "There is no primary method for the generic function
  #<STANDARD-GENERIC-FUNCTION CLAMSARA.OPAQUE-MOP-PROBE::AROUND-ONLY (1)>
when called with arguments
  (#<TOKEN-A {1202380723}>).
See also:
  The ANSI Standard, Section 7.6.6.2")
MOP-PROBE :BEFORE-ONLY applicable=((:BEFORE)) result=(:SIGNALED
                                                      SB-PCL::NO-PRIMARY-METHOD-ERROR
                                                      "There is no primary method for the generic function
  #<STANDARD-GENERIC-FUNCTION CLAMSARA.OPAQUE-MOP-PROBE::BEFORE-ONLY (1)>
when called with arguments
  (#<TOKEN-A {1202380723}>).
See also:
  The ANSI Standard, Section 7.6.6.2")
MOP-PROBE :AFTER-ONLY applicable=((:AFTER)) result=(:SIGNALED
                                                    SB-PCL::NO-PRIMARY-METHOD-ERROR
                                                    "There is no primary method for the generic function
  #<STANDARD-GENERIC-FUNCTION CLAMSARA.OPAQUE-MOP-PROBE::AFTER-ONLY (1)>
when called with arguments
  (#<TOKEN-A {1202380723}>).
See also:
  The ANSI Standard, Section 7.6.6.2")
MOP-PROBE :SPLIT-A applicable=(NIL) result=(:RETURNED :PRIMARY-A)
MOP-PROBE :SPLIT-B applicable=((:AROUND)) result=(:SIGNALED
                                                  SB-PCL::NO-PRIMARY-METHOD-ERROR
                                                  "There is no primary method for the generic function
  #<STANDARD-GENERIC-FUNCTION CLAMSARA.OPAQUE-MOP-PROBE::SPLIT-METHODS (2)>
when called with arguments
  (#<TOKEN-B {1202384903}>).
See also:
  The ANSI Standard, Section 7.6.6.2")
MOP-PROBE :GUARDED-AROUND applicable=((:AROUND)) result=(:SIGNALED
                                                         SB-PCL::NO-PRIMARY-METHOD-ERROR
                                                         "There is no primary method for the generic function
  #<STANDARD-GENERIC-FUNCTION CLAMSARA.OPAQUE-MOP-PROBE::GUARDED-AROUND (1)>
when called with arguments
  (#<TOKEN-A {1202380723}>).
See also:
  The ANSI Standard, Section 7.6.6.2")
MOP-PROBE :UNGUARDED-AROUND applicable=((:AROUND)) result=(:SIGNALED
                                                           SB-PCL::NO-PRIMARY-METHOD-ERROR
                                                           "There is no primary method for the generic function
  #<STANDARD-GENERIC-FUNCTION CLAMSARA.OPAQUE-MOP-PROBE::UNGUARDED-AROUND (1)>
when called with arguments
  (#<TOKEN-A {1202380723}>).
See also:
  The ANSI Standard, Section 7.6.6.2")
MOP-SPECIALIZERS ((TOKEN-A))
