COPY-PROBE-SOURCE /tmp/clamsara-shared-copy-04bff62-xzksq1om/
; compiling file "/tmp/clamsara-shared-copy-04bff62-xzksq1om/src/package.lisp" (written 21 SEP 2026 08:40:31 AM):

; wrote /tmp/clamsara-copy-candidate-v1-7vz2ft83/fasl/sbcl-2.6.8.3-db35d4561-linux-x64/tmp/clamsara-shared-copy-04bff62-xzksq1om/src/package-tmpGHU3ALSV.fasl
; compilation finished in 0:00:00.003
; compiling file "/tmp/clamsara-shared-copy-04bff62-xzksq1om/src/client/object-model.lisp" (written 21 SEP 2026 08:40:31 AM):

; wrote /tmp/clamsara-copy-candidate-v1-7vz2ft83/fasl/sbcl-2.6.8.3-db35d4561-linux-x64/tmp/clamsara-shared-copy-04bff62-xzksq1om/src/client/object-model-tmpAAURSO1.fasl
; compilation finished in 0:00:00.004
; compiling file "/tmp/clamsara-shared-copy-04bff62-xzksq1om/src/client/metadata.lisp" (written 21 SEP 2026 08:40:31 AM):

; wrote /tmp/clamsara-copy-candidate-v1-7vz2ft83/fasl/sbcl-2.6.8.3-db35d4561-linux-x64/tmp/clamsara-shared-copy-04bff62-xzksq1om/src/client/metadata-tmp5GEXGEG5.fasl
; compilation finished in 0:00:00.001
; compiling file "/tmp/clamsara-shared-copy-04bff62-xzksq1om/src/client/roots.lisp" (written 21 SEP 2026 08:40:31 AM):

; wrote /tmp/clamsara-copy-candidate-v1-7vz2ft83/fasl/sbcl-2.6.8.3-db35d4561-linux-x64/tmp/clamsara-shared-copy-04bff62-xzksq1om/src/client/roots-tmpAR3FSGEY.fasl
; compilation finished in 0:00:00.002
; compiling file "/tmp/clamsara-shared-copy-04bff62-xzksq1om/src/client/finalizers.lisp" (written 21 SEP 2026 08:40:31 AM):

; wrote /tmp/clamsara-copy-candidate-v1-7vz2ft83/fasl/sbcl-2.6.8.3-db35d4561-linux-x64/tmp/clamsara-shared-copy-04bff62-xzksq1om/src/client/finalizers-tmpJAIDFZTC.fasl
; compilation finished in 0:00:00.001
; compiling file "/tmp/clamsara-shared-copy-04bff62-xzksq1om/src/client/atomics.lisp" (written 21 SEP 2026 08:40:31 AM):

; wrote /tmp/clamsara-copy-candidate-v1-7vz2ft83/fasl/sbcl-2.6.8.3-db35d4561-linux-x64/tmp/clamsara-shared-copy-04bff62-xzksq1om/src/client/atomics-tmp8V3J6PE9.fasl
; compilation finished in 0:00:00.001
; compiling file "/tmp/clamsara-shared-copy-04bff62-xzksq1om/src/client/mapping.lisp" (written 21 SEP 2026 08:40:31 AM):

; wrote /tmp/clamsara-copy-candidate-v1-7vz2ft83/fasl/sbcl-2.6.8.3-db35d4561-linux-x64/tmp/clamsara-shared-copy-04bff62-xzksq1om/src/client/mapping-tmp9V47YWQF.fasl
; compilation finished in 0:00:00.001
; compiling file "/tmp/clamsara-shared-copy-04bff62-xzksq1om/src/client/diagnostics.lisp" (written 21 SEP 2026 08:40:31 AM):

; wrote /tmp/clamsara-copy-candidate-v1-7vz2ft83/fasl/sbcl-2.6.8.3-db35d4561-linux-x64/tmp/clamsara-shared-copy-04bff62-xzksq1om/src/client/diagnostics-tmp9BN22RMA.fasl
; compilation finished in 0:00:00.001
; compiling file "/tmp/clamsara-shared-copy-04bff62-xzksq1om/src/client/coordinator.lisp" (written 21 SEP 2026 08:40:31 AM):

; wrote /tmp/clamsara-copy-candidate-v1-7vz2ft83/fasl/sbcl-2.6.8.3-db35d4561-linux-x64/tmp/clamsara-shared-copy-04bff62-xzksq1om/src/client/coordinator-tmp1CXFJSK9.fasl
; compilation finished in 0:00:00.001
; compiling file "/tmp/clamsara-shared-copy-04bff62-xzksq1om/src/construction/protocol.lisp" (written 21 SEP 2026 08:40:31 AM):

; wrote /tmp/clamsara-copy-candidate-v1-7vz2ft83/fasl/sbcl-2.6.8.3-db35d4561-linux-x64/tmp/clamsara-shared-copy-04bff62-xzksq1om/src/construction/protocol-tmpX4BRKI0R.fasl
; compilation finished in 0:00:00.016
; compiling file "/tmp/clamsara-shared-copy-04bff62-xzksq1om/src/construction/records.lisp" (written 21 SEP 2026 08:40:31 AM):

; wrote /tmp/clamsara-copy-candidate-v1-7vz2ft83/fasl/sbcl-2.6.8.3-db35d4561-linux-x64/tmp/clamsara-shared-copy-04bff62-xzksq1om/src/construction/records-tmpQ371UGST.fasl
; compilation finished in 0:00:00.239
; compiling file "/tmp/clamsara-shared-copy-04bff62-xzksq1om/src/construction/graph.lisp" (written 21 SEP 2026 08:40:31 AM):

; wrote /tmp/clamsara-copy-candidate-v1-7vz2ft83/fasl/sbcl-2.6.8.3-db35d4561-linux-x64/tmp/clamsara-shared-copy-04bff62-xzksq1om/src/construction/graph-tmp2OWI3Q7U.fasl
; compilation finished in 0:00:00.059
; compiling file "/tmp/clamsara-shared-copy-04bff62-xzksq1om/src/construction/validation.lisp" (written 21 SEP 2026 08:40:31 AM):

; wrote /tmp/clamsara-copy-candidate-v1-7vz2ft83/fasl/sbcl-2.6.8.3-db35d4561-linux-x64/tmp/clamsara-shared-copy-04bff62-xzksq1om/src/construction/validation-tmp9KKTJMYV.fasl
; compilation finished in 0:00:00.067
; compiling file "/tmp/clamsara-shared-copy-04bff62-xzksq1om/src/construction/layout.lisp" (written 21 SEP 2026 08:40:31 AM):

; wrote /tmp/clamsara-copy-candidate-v1-7vz2ft83/fasl/sbcl-2.6.8.3-db35d4561-linux-x64/tmp/clamsara-shared-copy-04bff62-xzksq1om/src/construction/layout-tmpJU0JWO19.fasl
; compilation finished in 0:00:00.047
; compiling file "/tmp/clamsara-shared-copy-04bff62-xzksq1om/src/construction/build.lisp" (written 21 SEP 2026 08:40:31 AM):

; wrote /tmp/clamsara-copy-candidate-v1-7vz2ft83/fasl/sbcl-2.6.8.3-db35d4561-linux-x64/tmp/clamsara-shared-copy-04bff62-xzksq1om/src/construction/build-tmpZX2WN8N4.fasl
; compilation finished in 0:00:00.076
; compiling file "/tmp/clamsara-shared-copy-04bff62-xzksq1om/src/metadata/metadata.lisp" (written 21 SEP 2026 08:40:31 AM):

; wrote /tmp/clamsara-copy-candidate-v1-7vz2ft83/fasl/sbcl-2.6.8.3-db35d4561-linux-x64/tmp/clamsara-shared-copy-04bff62-xzksq1om/src/metadata/metadata-tmpOU81XRV0.fasl
; compilation finished in 0:00:00.102
; compiling file "/tmp/clamsara-shared-copy-04bff62-xzksq1om/src/host/roots.lisp" (written 21 SEP 2026 08:40:31 AM):

; wrote /tmp/clamsara-copy-candidate-v1-7vz2ft83/fasl/sbcl-2.6.8.3-db35d4561-linux-x64/tmp/clamsara-shared-copy-04bff62-xzksq1om/src/host/roots-tmpY2ML9CFA.fasl
; compilation finished in 0:00:00.081
; compiling file "/tmp/clamsara-shared-copy-04bff62-xzksq1om/src/host/coordinator.lisp" (written 21 SEP 2026 08:40:31 AM):

; wrote /tmp/clamsara-copy-candidate-v1-7vz2ft83/fasl/sbcl-2.6.8.3-db35d4561-linux-x64/tmp/clamsara-shared-copy-04bff62-xzksq1om/src/host/coordinator-tmpX2JYJDQE.fasl
; compilation finished in 0:00:00.028
; compiling file "/tmp/clamsara-shared-copy-04bff62-xzksq1om/src/host/resources.lisp" (written 21 SEP 2026 08:40:31 AM):

; wrote /tmp/clamsara-copy-candidate-v1-7vz2ft83/fasl/sbcl-2.6.8.3-db35d4561-linux-x64/tmp/clamsara-shared-copy-04bff62-xzksq1om/src/host/resources-tmpOPCILR65.fasl
; compilation finished in 0:00:00.039
; compiling file "/tmp/clamsara-shared-copy-04bff62-xzksq1om/src/host/address-space.lisp" (written 21 SEP 2026 08:40:31 AM):

; wrote /tmp/clamsara-copy-candidate-v1-7vz2ft83/fasl/sbcl-2.6.8.3-db35d4561-linux-x64/tmp/clamsara-shared-copy-04bff62-xzksq1om/src/host/address-space-tmpRV9F8A9A.fasl
; compilation finished in 0:00:00.070
; compiling file "/tmp/clamsara-shared-copy-04bff62-xzksq1om/src/runtime/protocol.lisp" (written 21 SEP 2026 08:40:31 AM):

; wrote /tmp/clamsara-copy-candidate-v1-7vz2ft83/fasl/sbcl-2.6.8.3-db35d4561-linux-x64/tmp/clamsara-shared-copy-04bff62-xzksq1om/src/runtime/protocol-tmpK2ZAJT4I.fasl
; compilation finished in 0:00:00.019
; compiling file "/tmp/clamsara-shared-copy-04bff62-xzksq1om/src/runtime/records.lisp" (written 21 SEP 2026 08:40:31 AM):

; wrote /tmp/clamsara-copy-candidate-v1-7vz2ft83/fasl/sbcl-2.6.8.3-db35d4561-linux-x64/tmp/clamsara-shared-copy-04bff62-xzksq1om/src/runtime/records-tmpUX5S4ADN.fasl
; compilation finished in 0:00:00.050
; compiling file "/tmp/clamsara-shared-copy-04bff62-xzksq1om/src/runtime/barrier.lisp" (written 21 SEP 2026 08:40:31 AM):

; wrote /tmp/clamsara-copy-candidate-v1-7vz2ft83/fasl/sbcl-2.6.8.3-db35d4561-linux-x64/tmp/clamsara-shared-copy-04bff62-xzksq1om/src/runtime/barrier-tmp10401X32.fasl
; compilation finished in 0:00:00.025
; compiling file "/tmp/clamsara-shared-copy-04bff62-xzksq1om/src/runtime/finalizers.lisp" (written 21 SEP 2026 08:40:31 AM):

; wrote /tmp/clamsara-copy-candidate-v1-7vz2ft83/fasl/sbcl-2.6.8.3-db35d4561-linux-x64/tmp/clamsara-shared-copy-04bff62-xzksq1om/src/runtime/finalizers-tmpZ7CBRM0G.fasl
; compilation finished in 0:00:00.052
; compiling file "/tmp/clamsara-shared-copy-04bff62-xzksq1om/src/runtime/trace.lisp" (written 21 SEP 2026 08:40:31 AM):

; wrote /tmp/clamsara-copy-candidate-v1-7vz2ft83/fasl/sbcl-2.6.8.3-db35d4561-linux-x64/tmp/clamsara-shared-copy-04bff62-xzksq1om/src/runtime/trace-tmp9OZEQ0G2.fasl
; compilation finished in 0:00:00.031
; compiling file "/tmp/clamsara-shared-copy-04bff62-xzksq1om/src/runtime/spaces.lisp" (written 21 SEP 2026 09:34:43 AM):

; wrote /tmp/clamsara-copy-candidate-v1-7vz2ft83/fasl/sbcl-2.6.8.3-db35d4561-linux-x64/tmp/clamsara-shared-copy-04bff62-xzksq1om/src/runtime/spaces-tmpB2JTL1W9.fasl
; compilation finished in 0:00:00.078
; compiling file "/tmp/clamsara-shared-copy-04bff62-xzksq1om/src/runtime/cycle.lisp" (written 21 SEP 2026 08:40:31 AM):

; wrote /tmp/clamsara-copy-candidate-v1-7vz2ft83/fasl/sbcl-2.6.8.3-db35d4561-linux-x64/tmp/clamsara-shared-copy-04bff62-xzksq1om/src/runtime/cycle-tmpP3BI68WQ.fasl
; compilation finished in 0:00:00.039
; compiling file "/tmp/clamsara-shared-copy-04bff62-xzksq1om/src/runtime/allocation.lisp" (written 21 SEP 2026 08:40:31 AM):

; wrote /tmp/clamsara-copy-candidate-v1-7vz2ft83/fasl/sbcl-2.6.8.3-db35d4561-linux-x64/tmp/clamsara-shared-copy-04bff62-xzksq1om/src/runtime/allocation-tmpQDARA81Z.fasl
; compilation finished in 0:00:00.012
; compiling file "/tmp/clamsara-shared-copy-04bff62-xzksq1om/src/host/object-model.lisp" (written 21 SEP 2026 08:40:31 AM):

; file: /tmp/clamsara-shared-copy-04bff62-xzksq1om/src/host/object-model.lisp
; in: DEFUN %HOST-NORMALIZE-STRONG-LAYOUT
;     'NIL
; 
; note: deleting unreachable code

; in: DEFMETHOD MAKE-OBJECT-KIND-DESCRIPTION (HOST-OBJECT-MODEL T)
;     'NIL
; 
; note: deleting unreachable code
; 
; note: deleting unreachable code

; in: DEFMETHOD BIND-OBJECT-MODEL (HOST-OBJECT-MODEL T T)
;     (ERROR "Hosted nonbase codes require 46-bit fixnums")
; 
; note: deleting unreachable code


; wrote /tmp/clamsara-copy-candidate-v1-7vz2ft83/fasl/sbcl-2.6.8.3-db35d4561-linux-x64/tmp/clamsara-shared-copy-04bff62-xzksq1om/src/host/object-model-tmpYEMMM7SE.fasl
; compilation finished in 0:00:00.352
; compiling file "/tmp/clamsara-shared-copy-04bff62-xzksq1om/src/host/atomics.lisp" (written 21 SEP 2026 08:40:31 AM):

; wrote /tmp/clamsara-copy-candidate-v1-7vz2ft83/fasl/sbcl-2.6.8.3-db35d4561-linux-x64/tmp/clamsara-shared-copy-04bff62-xzksq1om/src/host/atomics-tmp73HU0RPK.fasl
; compilation finished in 0:00:00.028
; compiling file "/tmp/clamsara-shared-copy-04bff62-xzksq1om/src/host/auxiliary.lisp" (written 21 SEP 2026 08:40:31 AM):

; wrote /tmp/clamsara-copy-candidate-v1-7vz2ft83/fasl/sbcl-2.6.8.3-db35d4561-linux-x64/tmp/clamsara-shared-copy-04bff62-xzksq1om/src/host/auxiliary-tmpIO5N7K88.fasl
; compilation finished in 0:00:00.020
; compiling file "/tmp/clamsara-shared-copy-04bff62-xzksq1om/src/runtime/generational.lisp" (written 21 SEP 2026 09:34:43 AM):

; wrote /tmp/clamsara-copy-candidate-v1-7vz2ft83/fasl/sbcl-2.6.8.3-db35d4561-linux-x64/tmp/clamsara-shared-copy-04bff62-xzksq1om/src/runtime/generational-tmpCM21U60Z.fasl
; compilation finished in 0:00:00.077
; 
; compilation unit finished
;   printed 4 notes
; compiling file "/tmp/clamsara-shared-copy-04bff62-xzksq1om/test/quality/support.lisp" (written 21 SEP 2026 08:40:31 AM):

; wrote /tmp/clamsara-copy-candidate-v1-7vz2ft83/fasl/sbcl-2.6.8.3-db35d4561-linux-x64/tmp/clamsara-shared-copy-04bff62-xzksq1om/test/quality/support-tmp9DT7SEFG.fasl
; compilation finished in 0:00:00.070
COPY-PROBE-BEFORE-SOURCE-LOAD
COPY-PROBE-SOURCE-LOADED
COPY-ACTION-OBSERVED cases=16 completed=4 failed-cycle-owners-retained=12
COPY-PROBE-OWNER (:SEMISPACE-SHARED-CYCLE :PACKED) phase=:COMPLETE world=T copies=0 inits=0 config=:COMPLETE plan=:CLOSED roots-active=T
COPY-PROBE-OWNER (:MINOR-MAJOR-SHARED-CYCLES :PACKED) phase=:COMPLETE world=T copies=0 inits=0 config=:COMPLETE plan=:CLOSED roots-active=T
COPY-PROBE-OWNER (:COPY-FAULT :SEMISPACE :PACKED 1) phase=:EXPECTED-COPY-FAILURE-OWNER-RETAINED world=T copies=1 inits=1 config=:PUBLISHED plan=:OPEN roots-active=T
COPY-PROBE-OWNER (:COPY-FAULT :SEMISPACE :PACKED 2) phase=:EXPECTED-COPY-FAILURE-OWNER-RETAINED world=T copies=2 inits=2 config=:PUBLISHED plan=:RETAINED roots-active=T
COPY-PROBE-OWNER (:COPY-FAULT :MINOR :PACKED 1) phase=:EXPECTED-COPY-FAILURE-OWNER-RETAINED world=T copies=1 inits=1 config=:PUBLISHED plan=:OPEN roots-active=T
COPY-PROBE-OWNER (:COPY-FAULT :MINOR :PACKED 2) phase=:EXPECTED-COPY-FAILURE-OWNER-RETAINED world=T copies=2 inits=2 config=:PUBLISHED plan=:RETAINED roots-active=T
COPY-PROBE-OWNER (:COPY-FAULT :MAJOR :PACKED 1) phase=:EXPECTED-COPY-FAILURE-OWNER-RETAINED world=T copies=1 inits=1 config=:PUBLISHED plan=:OPEN roots-active=T
COPY-PROBE-OWNER (:COPY-FAULT :MAJOR :PACKED 2) phase=:EXPECTED-COPY-FAILURE-OWNER-RETAINED world=T copies=2 inits=2 config=:PUBLISHED plan=:RETAINED roots-active=T
COPY-PROBE-OWNER (:SEMISPACE-SHARED-CYCLE :SCALAR) phase=:COMPLETE world=T copies=0 inits=0 config=:COMPLETE plan=:CLOSED roots-active=T
COPY-PROBE-OWNER (:MINOR-MAJOR-SHARED-CYCLES :SCALAR) phase=:COMPLETE world=T copies=0 inits=0 config=:COMPLETE plan=:CLOSED roots-active=T
COPY-PROBE-OWNER (:COPY-FAULT :SEMISPACE :SCALAR 1) phase=:EXPECTED-COPY-FAILURE-OWNER-RETAINED world=T copies=1 inits=1 config=:PUBLISHED plan=:OPEN roots-active=T
COPY-PROBE-OWNER (:COPY-FAULT :SEMISPACE :SCALAR 2) phase=:EXPECTED-COPY-FAILURE-OWNER-RETAINED world=T copies=2 inits=2 config=:PUBLISHED plan=:RETAINED roots-active=T
COPY-PROBE-OWNER (:COPY-FAULT :MINOR :SCALAR 1) phase=:EXPECTED-COPY-FAILURE-OWNER-RETAINED world=T copies=1 inits=1 config=:PUBLISHED plan=:OPEN roots-active=T
COPY-PROBE-OWNER (:COPY-FAULT :MINOR :SCALAR 2) phase=:EXPECTED-COPY-FAILURE-OWNER-RETAINED world=T copies=2 inits=2 config=:PUBLISHED plan=:RETAINED roots-active=T
COPY-PROBE-OWNER (:COPY-FAULT :MAJOR :SCALAR 1) phase=:EXPECTED-COPY-FAILURE-OWNER-RETAINED world=T copies=1 inits=1 config=:PUBLISHED plan=:OPEN roots-active=T
COPY-PROBE-OWNER (:COPY-FAULT :MAJOR :SCALAR 2) phase=:EXPECTED-COPY-FAILURE-OWNER-RETAINED world=T copies=2 inits=2 config=:PUBLISHED plan=:RETAINED roots-active=T
COPY-PROBE-COUNTS owners=16 actual-worlds=16 completed=4 expected-failure-retained=12 unexpected=0
COPY-PROBE-STRICT-COMPLETE
