While evaluating the form starting at line 3, column 0
  of #P"/tmp/clamsara-cas-only-native2-oco_zjse/bootstrap.lisp":
Unhandled SIMPLE-ERROR in thread #<SB-THREAD:THREAD tid=12857 "main thread" RUNNING
                                    {1200450003}>:
  Invalid pathname #P"/tmp/clamsara-cas-only-native2-oco_zjse/fasl/": Expected a relative pathname

Backtrace for: #<SB-THREAD:THREAD tid=12857 "main thread" RUNNING {1200450003}>
0: (SB-DEBUG::DEBUGGER-DISABLED-HOOK #<SIMPLE-ERROR "Invalid pathname ~S: ~*~?" {1209851B43}> #<unused argument> :QUIT T)
1: (SB-DEBUG::RUN-HOOK *INVOKE-DEBUGGER-HOOK* #<SIMPLE-ERROR "Invalid pathname ~S: ~*~?" {1209851B43}>)
2: (INVOKE-DEBUGGER #<SIMPLE-ERROR "Invalid pathname ~S: ~*~?" {1209851B43}>)
3: (ERROR "Invalid pathname ~S: ~*~?" #P"/tmp/clamsara-cas-only-native2-oco_zjse/fasl/" :WANT-RELATIVE "Expected a relative pathname" NIL)
4: (UIOP/PATHNAME:ENSURE-PATHNAME #P"/tmp/clamsara-cas-only-native2-oco_zjse/fasl/" :ON-ERROR NIL :DEFAULTS NIL :TYPE NIL :DOT-DOT NIL :NAMESTRING NIL :EMPTY-IS-NIL NIL :WANT-PATHNAME NIL :WANT-LOGICAL NIL :WANT-PHYSICAL NIL :ENSURE-PHYSICAL NIL :WANT-RELATIVE T :WANT-ABSOLUTE NIL :ENSURE-ABSOLUTE NIL :ENSURE-SUBPATH NIL :WANT-NON-WILD NIL :WANT-WILD NIL :WILDEN NIL :WANT-FILE NIL :WANT-DIRECTORY NIL :ENSURE-DIRECTORY NIL :WANT-EXISTING NIL :ENSURE-DIRECTORIES-EXIST NIL :TRUENAME NIL :RESOLVE-SYMLINKS NIL :TRUENAMIZE NIL)
5: (UIOP/CONFIGURATION:RESOLVE-LOCATION (:ROOT #P"/tmp/clamsara-cas-only-native2-oco_zjse/fasl/" :IMPLEMENTATION) :ENSURE-DIRECTORY T :WILDEN T :DIRECTORY NIL)
6: (ASDF/OUTPUT-TRANSLATIONS::PROCESS-OUTPUT-TRANSLATIONS-DIRECTIVE (T (:ROOT #P"/tmp/clamsara-cas-only-native2-oco_zjse/fasl/" :IMPLEMENTATION)) :INHERIT (ASDF/OUTPUT-TRANSLATIONS:ENVIRONMENT-OUTPUT-TRANSLATIONS ASDF/OUTPUT-TRANSLATIONS:USER-OUTPUT-TRANSLATIONS-PATHNAME ASDF/OUTPUT-TRANSLATIONS:USER-OUTPUT-TRANSLATIONS-DIRECTORY-PATHNAME ASDF/OUTPUT-TRANSLATIONS:SYSTEM-OUTPUT-TRANSLATIONS-PATHNAME ASDF/OUTPUT-TRANSLATIONS:SYSTEM-OUTPUT-TRANSLATIONS-DIRECTORY-PATHNAME) :COLLECT #<FUNCTION (FLET ASDF/OUTPUT-TRANSLATIONS::C :IN ASDF/OUTPUT-TRANSLATIONS:COMPUTE-OUTPUT-TRANSLATIONS) {12096FDF8B}>)
7: ((:METHOD ASDF/OUTPUT-TRANSLATIONS:PROCESS-OUTPUT-TRANSLATIONS (CONS)) (:OUTPUT-TRANSLATIONS (T (:ROOT #P"/tmp/clamsara-cas-only-native2-oco_zjse/fasl/" :IMPLEMENTATION)) :IGNORE-INHERITED-CONFIGURATION) :INHERIT (ASDF/OUTPUT-TRANSLATIONS:ENVIRONMENT-OUTPUT-TRANSLATIONS ASDF/OUTPUT-TRANSLATIONS:USER-OUTPUT-TRANSLATIONS-PATHNAME ASDF/OUTPUT-TRANSLATIONS:USER-OUTPUT-TRANSLATIONS-DIRECTORY-PATHNAME ASDF/OUTPUT-TRANSLATIONS:SYSTEM-OUTPUT-TRANSLATIONS-PATHNAME ASDF/OUTPUT-TRANSLATIONS:SYSTEM-OUTPUT-TRANSLATIONS-DIRECTORY-PATHNAME) :COLLECT #<FUNCTION (FLET ASDF/OUTPUT-TRANSLATIONS::C :IN ASDF/OUTPUT-TRANSLATIONS:COMPUTE-OUTPUT-TRANSLATIONS) {12096FDF8B}>) [fast-method]
8: ((:METHOD ASDF/OUTPUT-TRANSLATIONS:PROCESS-OUTPUT-TRANSLATIONS (CONS)) (:OUTPUT-TRANSLATIONS ((#P"/usr/local/lib/sbcl/" #P"**/*.*") NIL) :INHERIT-CONFIGURATION :ENABLE-USER-CACHE) :INHERIT ((:OUTPUT-TRANSLATIONS (T (:ROOT #P"/tmp/clamsara-cas-only-native2-oco_zjse/fasl/" :IMPLEMENTATION)) :IGNORE-INHERITED-CONFIGURATION) ASDF/OUTPUT-TRANSLATIONS:ENVIRONMENT-OUTPUT-TRANSLATIONS ASDF/OUTPUT-TRANSLATIONS:USER-OUTPUT-TRANSLATIONS-PATHNAME ASDF/OUTPUT-TRANSLATIONS:USER-OUTPUT-TRANSLATIONS-DIRECTORY-PATHNAME ASDF/OUTPUT-TRANSLATIONS:SYSTEM-OUTPUT-TRANSLATIONS-PATHNAME ASDF/OUTPUT-TRANSLATIONS:SYSTEM-OUTPUT-TRANSLATIONS-DIRECTORY-PATHNAME) :COLLECT #<FUNCTION (FLET ASDF/OUTPUT-TRANSLATIONS::C :IN ASDF/OUTPUT-TRANSLATIONS:COMPUTE-OUTPUT-TRANSLATIONS) {12096FDF8B}>) [fast-method]
9: (ASDF/OUTPUT-TRANSLATIONS:COMPUTE-OUTPUT-TRANSLATIONS (:OUTPUT-TRANSLATIONS (T (:ROOT #P"/tmp/clamsara-cas-only-native2-oco_zjse/fasl/" :IMPLEMENTATION)) :IGNORE-INHERITED-CONFIGURATION))
10: (ASDF/OUTPUT-TRANSLATIONS:INITIALIZE-OUTPUT-TRANSLATIONS (:OUTPUT-TRANSLATIONS (T (:ROOT #P"/tmp/clamsara-cas-only-native2-oco_zjse/fasl/" :IMPLEMENTATION)) :IGNORE-INHERITED-CONFIGURATION))
11: (SB-INT:SIMPLE-EVAL-IN-LEXENV (ASDF/OUTPUT-TRANSLATIONS:INITIALIZE-OUTPUT-TRANSLATIONS (QUOTE (:OUTPUT-TRANSLATIONS (T (:ROOT #P"/tmp/clamsara-cas-only-native2-oco_zjse/fasl/" :IMPLEMENTATION)) :IGNORE-INHERITED-CONFIGURATION))) #<NULL-LEXENV>)
12: (EVAL-TLF (ASDF/OUTPUT-TRANSLATIONS:INITIALIZE-OUTPUT-TRANSLATIONS (QUOTE (:OUTPUT-TRANSLATIONS (T (:ROOT #P"/tmp/clamsara-cas-only-native2-oco_zjse/fasl/" :IMPLEMENTATION)) :IGNORE-INHERITED-CONFIGURATION))) 2 NIL)
13: ((LABELS SB-FASL::EVAL-FORM :IN SB-INT:LOAD-AS-SOURCE) (ASDF/OUTPUT-TRANSLATIONS:INITIALIZE-OUTPUT-TRANSLATIONS (QUOTE (:OUTPUT-TRANSLATIONS (T (:ROOT #P"/tmp/clamsara-cas-only-native2-oco_zjse/fasl/" :IMPLEMENTATION)) :IGNORE-INHERITED-CONFIGURATION))) 2)
14: ((LAMBDA (SB-KERNEL:FORM &KEY :CURRENT-INDEX &ALLOW-OTHER-KEYS) :IN SB-INT:LOAD-AS-SOURCE) (ASDF/OUTPUT-TRANSLATIONS:INITIALIZE-OUTPUT-TRANSLATIONS (QUOTE (:OUTPUT-TRANSLATIONS (T (:ROOT #P"/tmp/clamsara-cas-only-native2-oco_zjse/fasl/" :IMPLEMENTATION)) :IGNORE-INHERITED-CONFIGURATION))) :CURRENT-INDEX 2)
15: (SB-C::%DO-FORMS-FROM-INFO #<FUNCTION (LAMBDA (SB-KERNEL:FORM &KEY :CURRENT-INDEX &ALLOW-OTHER-KEYS) :IN SB-INT:LOAD-AS-SOURCE) {7FDA65CF74CB}> #<SB-C::SOURCE-INFO {12096CF8A3}> SB-C::INPUT-ERROR-IN-LOAD)
16: (SB-INT:LOAD-AS-SOURCE #<SB-INT:FORM-TRACKING-STREAM for "file /tmp/clamsara-cas-only-native2-oco_zjse/bootstrap.lisp" {12096D8003}> :VERBOSE NIL :PRINT NIL :CONTEXT "loading")
17: ((LABELS SB-FASL::LOAD-STREAM-1 :IN LOAD) #<SB-INT:FORM-TRACKING-STREAM for "file /tmp/clamsara-cas-only-native2-oco_zjse/bootstrap.lisp" {12096D8003}> NIL)
18: (SB-FASL::CALL-WITH-LOAD-BINDINGS #<FUNCTION (LABELS SB-FASL::LOAD-STREAM-1 :IN LOAD) {7FDA65CF788B}> #<SB-INT:FORM-TRACKING-STREAM for "file /tmp/clamsara-cas-only-native2-oco_zjse/bootstrap.lisp" {12096D8003}> NIL #<SB-INT:FORM-TRACKING-STREAM for "file /tmp/clamsara-cas-only-native2-oco_zjse/bootstrap.lisp" {12096D8003}>)
19: (LOAD #P"/tmp/clamsara-cas-only-native2-oco_zjse/bootstrap.lisp" :VERBOSE NIL :PRINT NIL :IF-DOES-NOT-EXIST :ERROR :EXTERNAL-FORMAT :DEFAULT)
20: (SB-IMPL::PROCESS-EVAL/LOAD-OPTIONS ((:LOAD . "/tmp/clamsara-cas-only-native2-oco_zjse/bootstrap.lisp") (:QUIT)))
21: (SB-IMPL::TOPLEVEL-INIT)
22: ((FLET SB-UNIX::BODY :IN SB-IMPL::START-LISP))
23: ((FLET "WITHOUT-INTERRUPTS-BODY-3" :IN SB-IMPL::START-LISP))
24: (SB-IMPL::%START-LISP)

unhandled condition in --disable-debugger mode, quitting
