; compiling file "/tmp/clamsara-cas-fixed-review-byz5pwd5/src/package.lisp" (written 20 SEP 2026 10:33:39 AM):

; wrote /tmp/clamsara-cas-fixed-review-byz5pwd5/independent-review/cas-fixed/fasl-01/package-tmpGHU3ALSV.fasl
; compilation finished in 0:00:00.003
; compiling file "/tmp/clamsara-cas-fixed-review-byz5pwd5/src/client/object-model.lisp" (written 20 SEP 2026 10:29:28 AM):

; wrote /tmp/clamsara-cas-fixed-review-byz5pwd5/independent-review/cas-fixed/fasl-01/object-model-tmpAAURSO1.fasl
; compilation finished in 0:00:00.004
; compiling file "/tmp/clamsara-cas-fixed-review-byz5pwd5/src/client/metadata.lisp" (written 20 SEP 2026 10:29:28 AM):

; wrote /tmp/clamsara-cas-fixed-review-byz5pwd5/independent-review/cas-fixed/fasl-01/metadata-tmp5GEXGEG5.fasl
; compilation finished in 0:00:00.001
; compiling file "/tmp/clamsara-cas-fixed-review-byz5pwd5/src/client/roots.lisp" (written 20 SEP 2026 10:29:28 AM):

; wrote /tmp/clamsara-cas-fixed-review-byz5pwd5/independent-review/cas-fixed/fasl-01/roots-tmpAR3FSGEY.fasl
; compilation finished in 0:00:00.001
; compiling file "/tmp/clamsara-cas-fixed-review-byz5pwd5/src/client/finalizers.lisp" (written 20 SEP 2026 10:29:28 AM):

; wrote /tmp/clamsara-cas-fixed-review-byz5pwd5/independent-review/cas-fixed/fasl-01/finalizers-tmpJAIDFZTC.fasl
; compilation finished in 0:00:00.001
; compiling file "/tmp/clamsara-cas-fixed-review-byz5pwd5/src/client/atomics.lisp" (written 20 SEP 2026 10:29:28 AM):

; wrote /tmp/clamsara-cas-fixed-review-byz5pwd5/independent-review/cas-fixed/fasl-01/atomics-tmp8V3J6PE9.fasl
; compilation finished in 0:00:00.001
; compiling file "/tmp/clamsara-cas-fixed-review-byz5pwd5/src/client/mapping.lisp" (written 20 SEP 2026 10:29:28 AM):

; wrote /tmp/clamsara-cas-fixed-review-byz5pwd5/independent-review/cas-fixed/fasl-01/mapping-tmp9V47YWQF.fasl
; compilation finished in 0:00:00.001
; compiling file "/tmp/clamsara-cas-fixed-review-byz5pwd5/src/client/diagnostics.lisp" (written 20 SEP 2026 10:29:28 AM):

; wrote /tmp/clamsara-cas-fixed-review-byz5pwd5/independent-review/cas-fixed/fasl-01/diagnostics-tmp9BN22RMA.fasl
; compilation finished in 0:00:00.000
; compiling file "/tmp/clamsara-cas-fixed-review-byz5pwd5/src/client/coordinator.lisp" (written 20 SEP 2026 10:29:28 AM):

; wrote /tmp/clamsara-cas-fixed-review-byz5pwd5/independent-review/cas-fixed/fasl-01/coordinator-tmp1CXFJSK9.fasl
; compilation finished in 0:00:00.000
; compiling file "/tmp/clamsara-cas-fixed-review-byz5pwd5/src/construction/protocol.lisp" (written 20 SEP 2026 11:10:20 AM):

; wrote /tmp/clamsara-cas-fixed-review-byz5pwd5/independent-review/cas-fixed/fasl-01/protocol-tmpX4BRKI0R.fasl
; compilation finished in 0:00:00.016
; compiling file "/tmp/clamsara-cas-fixed-review-byz5pwd5/src/construction/records.lisp" (written 20 SEP 2026 10:29:28 AM):

; wrote /tmp/clamsara-cas-fixed-review-byz5pwd5/independent-review/cas-fixed/fasl-01/records-tmpQ371UGST.fasl
; compilation finished in 0:00:00.237
; compiling file "/tmp/clamsara-cas-fixed-review-byz5pwd5/src/construction/graph.lisp" (written 20 SEP 2026 10:29:28 AM):

; wrote /tmp/clamsara-cas-fixed-review-byz5pwd5/independent-review/cas-fixed/fasl-01/graph-tmp2OWI3Q7U.fasl
; compilation finished in 0:00:00.059
; compiling file "/tmp/clamsara-cas-fixed-review-byz5pwd5/src/construction/validation.lisp" (written 20 SEP 2026 10:29:28 AM):

; wrote /tmp/clamsara-cas-fixed-review-byz5pwd5/independent-review/cas-fixed/fasl-01/validation-tmp9KKTJMYV.fasl
; compilation finished in 0:00:00.066
; compiling file "/tmp/clamsara-cas-fixed-review-byz5pwd5/src/construction/layout.lisp" (written 20 SEP 2026 10:29:28 AM):

; wrote /tmp/clamsara-cas-fixed-review-byz5pwd5/independent-review/cas-fixed/fasl-01/layout-tmpJU0JWO19.fasl
; compilation finished in 0:00:00.046
; compiling file "/tmp/clamsara-cas-fixed-review-byz5pwd5/src/construction/build.lisp" (written 20 SEP 2026 09:42:51 PM):

; wrote /tmp/clamsara-cas-fixed-review-byz5pwd5/independent-review/cas-fixed/fasl-01/build-tmpZX2WN8N4.fasl
; compilation finished in 0:00:00.072
; compiling file "/tmp/clamsara-cas-fixed-review-byz5pwd5/src/metadata/metadata.lisp" (written 20 SEP 2026 11:08:21 AM):

; wrote /tmp/clamsara-cas-fixed-review-byz5pwd5/independent-review/cas-fixed/fasl-01/metadata-tmpOU81XRV0.fasl
; compilation finished in 0:00:00.101
; compiling file "/tmp/clamsara-cas-fixed-review-byz5pwd5/src/host/roots.lisp" (written 20 SEP 2026 11:45:10 AM):

; wrote /tmp/clamsara-cas-fixed-review-byz5pwd5/independent-review/cas-fixed/fasl-01/roots-tmpY2ML9CFA.fasl
; compilation finished in 0:00:00.081
; compiling file "/tmp/clamsara-cas-fixed-review-byz5pwd5/src/host/coordinator.lisp" (written 20 SEP 2026 10:29:28 AM):

; wrote /tmp/clamsara-cas-fixed-review-byz5pwd5/independent-review/cas-fixed/fasl-01/coordinator-tmpX2JYJDQE.fasl
; compilation finished in 0:00:00.028
; compiling file "/tmp/clamsara-cas-fixed-review-byz5pwd5/src/host/resources.lisp" (written 20 SEP 2026 10:32:21 AM):

; wrote /tmp/clamsara-cas-fixed-review-byz5pwd5/independent-review/cas-fixed/fasl-01/resources-tmpOPCILR65.fasl
; compilation finished in 0:00:00.038
; compiling file "/tmp/clamsara-cas-fixed-review-byz5pwd5/src/host/address-space.lisp" (written 20 SEP 2026 11:17:10 PM):

; wrote /tmp/clamsara-cas-fixed-review-byz5pwd5/independent-review/cas-fixed/fasl-01/address-space-tmpRV9F8A9A.fasl
; compilation finished in 0:00:00.072
; compiling file "/tmp/clamsara-cas-fixed-review-byz5pwd5/src/runtime/protocol.lisp" (written 20 SEP 2026 10:41:20 AM):

; wrote /tmp/clamsara-cas-fixed-review-byz5pwd5/independent-review/cas-fixed/fasl-01/protocol-tmpK2ZAJT4I.fasl
; compilation finished in 0:00:00.018
; compiling file "/tmp/clamsara-cas-fixed-review-byz5pwd5/src/runtime/records.lisp" (written 21 SEP 2026 03:34:16 AM):

; wrote /tmp/clamsara-cas-fixed-review-byz5pwd5/independent-review/cas-fixed/fasl-01/records-tmpUX5S4ADN.fasl
; compilation finished in 0:00:00.051
; compiling file "/tmp/clamsara-cas-fixed-review-byz5pwd5/src/runtime/barrier.lisp" (written 21 SEP 2026 03:42:10 AM):

; wrote /tmp/clamsara-cas-fixed-review-byz5pwd5/independent-review/cas-fixed/fasl-01/barrier-tmp10401X32.fasl
; compilation finished in 0:00:00.024
; compiling file "/tmp/clamsara-cas-fixed-review-byz5pwd5/src/runtime/finalizers.lisp" (written 21 SEP 2026 03:45:28 AM):

; wrote /tmp/clamsara-cas-fixed-review-byz5pwd5/independent-review/cas-fixed/fasl-01/finalizers-tmpZ7CBRM0G.fasl
; compilation finished in 0:00:00.051
; compiling file "/tmp/clamsara-cas-fixed-review-byz5pwd5/src/runtime/trace.lisp" (written 20 SEP 2026 10:50:21 AM):

; wrote /tmp/clamsara-cas-fixed-review-byz5pwd5/independent-review/cas-fixed/fasl-01/trace-tmp9OZEQ0G2.fasl
; compilation finished in 0:00:00.032
; compiling file "/tmp/clamsara-cas-fixed-review-byz5pwd5/src/runtime/spaces.lisp" (written 21 SEP 2026 03:39:48 AM):

; wrote /tmp/clamsara-cas-fixed-review-byz5pwd5/independent-review/cas-fixed/fasl-01/spaces-tmpB2JTL1W9.fasl
; compilation finished in 0:00:00.079
; compiling file "/tmp/clamsara-cas-fixed-review-byz5pwd5/src/runtime/cycle.lisp" (written 21 SEP 2026 03:34:16 AM):

; wrote /tmp/clamsara-cas-fixed-review-byz5pwd5/independent-review/cas-fixed/fasl-01/cycle-tmpP3BI68WQ.fasl
; compilation finished in 0:00:00.039
; compiling file "/tmp/clamsara-cas-fixed-review-byz5pwd5/src/runtime/allocation.lisp" (written 21 SEP 2026 03:34:16 AM):

; wrote /tmp/clamsara-cas-fixed-review-byz5pwd5/independent-review/cas-fixed/fasl-01/allocation-tmpQDARA81Z.fasl
; compilation finished in 0:00:00.012
; compiling file "/tmp/clamsara-cas-fixed-review-byz5pwd5/src/host/object-model.lisp" (written 21 SEP 2026 01:43:01 AM):

; file: /tmp/clamsara-cas-fixed-review-byz5pwd5/src/host/object-model.lisp
; in: DEFUN %HOST-NORMALIZE-STRONG-LAYOUT
;     'NIL
; 
; note: deleting unreachable code

; in: DEFMETHOD MAKE-OBJECT-KIND-DESCRIPTION (HOST-OBJECT-MODEL T)
;     'NIL
; 
; note: deleting unreachable code
; 
; note: deleting unreachable code

; in: DEFMETHOD BIND-OBJECT-MODEL (HOST-OBJECT-MODEL T T)
;     (ERROR "Hosted nonbase codes require 46-bit fixnums")
; 
; note: deleting unreachable code


; wrote /tmp/clamsara-cas-fixed-review-byz5pwd5/independent-review/cas-fixed/fasl-01/object-model-tmpYEMMM7SE.fasl
; compilation finished in 0:00:00.379
; compiling file "/tmp/clamsara-cas-fixed-review-byz5pwd5/src/host/atomics.lisp" (written 20 SEP 2026 10:34:09 AM):

; wrote /tmp/clamsara-cas-fixed-review-byz5pwd5/independent-review/cas-fixed/fasl-01/atomics-tmp73HU0RPK.fasl
; compilation finished in 0:00:00.035
; compiling file "/tmp/clamsara-cas-fixed-review-byz5pwd5/src/host/auxiliary.lisp" (written 20 SEP 2026 11:25:00 AM):

; wrote /tmp/clamsara-cas-fixed-review-byz5pwd5/independent-review/cas-fixed/fasl-01/auxiliary-tmpIO5N7K88.fasl
; compilation finished in 0:00:00.022
; compiling file "/tmp/clamsara-cas-fixed-review-byz5pwd5/test/quality/support.lisp" (written 20 SEP 2026 11:17:10 PM):

; wrote /tmp/clamsara-cas-fixed-review-byz5pwd5/independent-review/cas-fixed/fasl-01/support-tmpCM21U60Z.fasl
; compilation finished in 0:00:00.061
; 
; compilation unit finished
;   printed 4 notes
FIXED-SOURCE /tmp/clamsara-cas-fixed-review-byz5pwd5/
INDEPENDENT-PASS (:RETRY :MATCH :RESERVE 0 :SINGLE-PATH)
INDEPENDENT-PASS (:RETRY :MATCH :RESERVE 1 :SINGLE-PATH)
INDEPENDENT-PASS (:RETRY :MATCH :RESERVE 2 :SINGLE-PATH)
INDEPENDENT-PASS (:RETRY :MATCH :ADMIT 0 :SINGLE-PATH)
INDEPENDENT-PASS (:RETRY :MATCH :ADMIT 1 :SINGLE-PATH)
INDEPENDENT-PASS (:RETRY :MATCH :ADMIT 2 :SINGLE-PATH)
INDEPENDENT-PASS (:RETRY :MATCH :TRANSFORM 0 :SINGLE-PATH)
INDEPENDENT-PASS (:RETRY :MATCH :TRANSFORM 1 :SINGLE-PATH)
INDEPENDENT-PASS (:RETRY :MATCH :TRANSFORM 2 :SINGLE-PATH)
INDEPENDENT-PASS (:RETRY :MISMATCH :RESERVE 0 :SINGLE-PATH)
INDEPENDENT-PASS (:RETRY :MISMATCH :RESERVE 1 :SINGLE-PATH)
INDEPENDENT-PASS (:RETRY :MISMATCH :RESERVE 2 :SINGLE-PATH)
INDEPENDENT-PASS (:RETRY :MISMATCH :ADMIT 0 :SINGLE-PATH)
INDEPENDENT-PASS (:RETRY :MISMATCH :ADMIT 1 :SINGLE-PATH)
INDEPENDENT-PASS (:RETRY :MISMATCH :ADMIT 2 :SINGLE-PATH)
INDEPENDENT-PASS (:RETRY :MISMATCH :TRANSFORM 0 :SINGLE-PATH)
INDEPENDENT-PASS (:RETRY :MISMATCH :TRANSFORM 1 :SINGLE-PATH)
INDEPENDENT-PASS (:RETRY :MISMATCH :TRANSFORM 2 :SINGLE-PATH)
INDEPENDENT-PASS (:RETRY :READ :RESERVE 0 :SINGLE-PATH)
INDEPENDENT-PASS (:RETRY :READ :RESERVE 1 :SINGLE-PATH)
INDEPENDENT-PASS (:RETRY :READ :RESERVE 2 :SINGLE-PATH)
INDEPENDENT-PASS (:RETRY :READ :ADMIT 0 :SINGLE-PATH)
INDEPENDENT-PASS (:RETRY :READ :ADMIT 1 :SINGLE-PATH)
INDEPENDENT-PASS (:RETRY :READ :ADMIT 2 :SINGLE-PATH)
INDEPENDENT-PASS (:RETRY :READ :TRANSFORM 0 :SINGLE-PATH)
INDEPENDENT-PASS (:RETRY :READ :TRANSFORM 1 :SINGLE-PATH)
INDEPENDENT-PASS (:RETRY :READ :TRANSFORM 2 :SINGLE-PATH)
INDEPENDENT-PASS (:RETRY :STORE :RESERVE 0 :SINGLE-PATH)
INDEPENDENT-PASS (:RETRY :STORE :RESERVE 1 :SINGLE-PATH)
INDEPENDENT-PASS (:RETRY :STORE :RESERVE 2 :SINGLE-PATH)
INDEPENDENT-PASS (:RETRY :STORE :ADMIT 0 :SINGLE-PATH)
INDEPENDENT-PASS (:RETRY :STORE :ADMIT 1 :SINGLE-PATH)
INDEPENDENT-PASS (:RETRY :STORE :ADMIT 2 :SINGLE-PATH)
INDEPENDENT-PASS (:RETRY :STORE :TRANSFORM 0 :SINGLE-PATH)
INDEPENDENT-PASS (:RETRY :STORE :TRANSFORM 1 :SINGLE-PATH)
INDEPENDENT-PASS (:RETRY :STORE :TRANSFORM 2 :SINGLE-PATH)
INDEPENDENT-PASS (:RETRY :ROOT-STORE :RESERVE 0 :SINGLE-PATH)
INDEPENDENT-PASS (:RETRY :ROOT-STORE :RESERVE 1 :SINGLE-PATH)
INDEPENDENT-PASS (:RETRY :ROOT-STORE :RESERVE 2 :SINGLE-PATH)
INDEPENDENT-PASS (:RETRY :ROOT-STORE :ADMIT 0 :SINGLE-PATH)
INDEPENDENT-PASS (:RETRY :ROOT-STORE :ADMIT 1 :SINGLE-PATH)
INDEPENDENT-PASS (:RETRY :ROOT-STORE :ADMIT 2 :SINGLE-PATH)
INDEPENDENT-PASS (:RETRY :ROOT-STORE :TRANSFORM 0 :SINGLE-PATH)
INDEPENDENT-PASS (:RETRY :ROOT-STORE :TRANSFORM 1 :SINGLE-PATH)
INDEPENDENT-PASS (:RETRY :ROOT-STORE :TRANSFORM 2 :SINGLE-PATH)
INDEPENDENT-PASS (:RETRY :MATCH :RESERVE 0 :UNION)
INDEPENDENT-PASS (:RETRY :MATCH :RESERVE 1 :UNION)
INDEPENDENT-PASS (:RETRY :MATCH :RESERVE 2 :UNION)
INDEPENDENT-PASS (:RETRY :MATCH :RESERVE 3 :UNION)
INDEPENDENT-PASS (:RETRY :MATCH :ADMIT 0 :UNION)
INDEPENDENT-PASS (:RETRY :MATCH :ADMIT 1 :UNION)
INDEPENDENT-PASS (:RETRY :MATCH :ADMIT 2 :UNION)
INDEPENDENT-PASS (:RETRY :MATCH :ADMIT 3 :UNION)
INDEPENDENT-PASS (:RETRY :MATCH :TRANSFORM 0 :UNION)
INDEPENDENT-PASS (:RETRY :MATCH :TRANSFORM 1 :UNION)
INDEPENDENT-PASS (:RETRY :MATCH :TRANSFORM 2 :UNION)
INDEPENDENT-PASS (:RETRY :MATCH :TRANSFORM 3 :UNION)
FATAL-OUTCOME :POST-PUBLICATION-FAILURE
CLOSURE allocation=:BLOCKED bind=:BLOCKED collect=:BLOCKED shutdown=:BLOCKED release-index=0->0
INDEPENDENT-PASS (:FATAL :MATCH :BEFORE :ERROR)
FATAL-OUTCOME :POST-PUBLICATION-FAILURE
CLOSURE allocation=:BLOCKED bind=:BLOCKED collect=:BLOCKED shutdown=:BLOCKED release-index=0->0
INDEPENDENT-PASS (:FATAL :MATCH :BEFORE :THROW)
FATAL-OUTCOME :POST-PUBLICATION-FAILURE
CLOSURE allocation=:BLOCKED bind=:BLOCKED collect=:BLOCKED shutdown=:BLOCKED release-index=0->0
INDEPENDENT-PASS (:FATAL :MATCH :AFTER :ERROR)
FATAL-OUTCOME :POST-PUBLICATION-FAILURE
CLOSURE allocation=:BLOCKED bind=:BLOCKED collect=:BLOCKED shutdown=:BLOCKED release-index=0->0
INDEPENDENT-PASS (:FATAL :MATCH :AFTER :THROW)
FATAL-OUTCOME :POST-PUBLICATION-FAILURE
CLOSURE allocation=:BLOCKED bind=:BLOCKED collect=:BLOCKED shutdown=:BLOCKED release-index=0->0
INDEPENDENT-PASS (:FATAL :MISMATCH :BEFORE :ERROR)
FATAL-OUTCOME :POST-PUBLICATION-FAILURE
CLOSURE allocation=:BLOCKED bind=:BLOCKED collect=:BLOCKED shutdown=:BLOCKED release-index=0->0
INDEPENDENT-PASS (:FATAL :MISMATCH :BEFORE :THROW)
FATAL-OUTCOME :POST-PUBLICATION-FAILURE
CLOSURE allocation=:BLOCKED bind=:BLOCKED collect=:BLOCKED shutdown=:BLOCKED release-index=0->0
INDEPENDENT-PASS (:FATAL :MISMATCH :AFTER :ERROR)
FATAL-OUTCOME :POST-PUBLICATION-FAILURE
CLOSURE allocation=:BLOCKED bind=:BLOCKED collect=:BLOCKED shutdown=:BLOCKED release-index=0->0
INDEPENDENT-PASS (:FATAL :MISMATCH :AFTER :THROW)
FATAL-OUTCOME :POST-PUBLICATION-FAILURE
CLOSURE allocation=:BLOCKED bind=:BLOCKED collect=:BLOCKED shutdown=:BLOCKED release-index=0->0
INDEPENDENT-PASS (:FATAL :READ :BEFORE :ERROR)
FATAL-OUTCOME :POST-PUBLICATION-FAILURE
CLOSURE allocation=:BLOCKED bind=:BLOCKED collect=:BLOCKED shutdown=:BLOCKED release-index=0->0
INDEPENDENT-PASS (:FATAL :READ :BEFORE :THROW)
FATAL-OUTCOME :POST-PUBLICATION-FAILURE
CLOSURE allocation=:BLOCKED bind=:BLOCKED collect=:BLOCKED shutdown=:BLOCKED release-index=0->0
INDEPENDENT-PASS (:FATAL :READ :AFTER :ERROR)
FATAL-OUTCOME :POST-PUBLICATION-FAILURE
CLOSURE allocation=:BLOCKED bind=:BLOCKED collect=:BLOCKED shutdown=:BLOCKED release-index=0->0
INDEPENDENT-PASS (:FATAL :READ :AFTER :THROW)
FATAL-OUTCOME :POST-PUBLICATION-FAILURE
CLOSURE allocation=:BLOCKED bind=:BLOCKED collect=:BLOCKED shutdown=:BLOCKED release-index=0->0
INDEPENDENT-PASS (:FATAL :STORE :BEFORE :ERROR)
FATAL-OUTCOME :POST-PUBLICATION-FAILURE
CLOSURE allocation=:BLOCKED bind=:BLOCKED collect=:BLOCKED shutdown=:BLOCKED release-index=0->0
INDEPENDENT-PASS (:FATAL :STORE :BEFORE :THROW)
FATAL-OUTCOME :POST-PUBLICATION-FAILURE
CLOSURE allocation=:BLOCKED bind=:BLOCKED collect=:BLOCKED shutdown=:BLOCKED release-index=0->0
INDEPENDENT-PASS (:FATAL :STORE :AFTER :ERROR)
FATAL-OUTCOME :POST-PUBLICATION-FAILURE
CLOSURE allocation=:BLOCKED bind=:BLOCKED collect=:BLOCKED shutdown=:BLOCKED release-index=0->0
INDEPENDENT-PASS (:FATAL :STORE :AFTER :THROW)
FATAL-OUTCOME :POST-PUBLICATION-FAILURE
CLOSURE allocation=:BLOCKED bind=:BLOCKED collect=:BLOCKED shutdown=:BLOCKED release-index=0->0
INDEPENDENT-PASS (:FATAL :ROOT-STORE :BEFORE :ERROR)
FATAL-OUTCOME :POST-PUBLICATION-FAILURE
CLOSURE allocation=:BLOCKED bind=:BLOCKED collect=:BLOCKED shutdown=:BLOCKED release-index=0->0
INDEPENDENT-PASS (:FATAL :ROOT-STORE :BEFORE :THROW)
FATAL-OUTCOME :POST-PUBLICATION-FAILURE
CLOSURE allocation=:BLOCKED bind=:BLOCKED collect=:BLOCKED shutdown=:BLOCKED release-index=0->0
INDEPENDENT-PASS (:FATAL :ROOT-STORE :AFTER :ERROR)
FATAL-OUTCOME :POST-PUBLICATION-FAILURE
CLOSURE allocation=:BLOCKED bind=:BLOCKED collect=:BLOCKED shutdown=:BLOCKED release-index=0->0
INDEPENDENT-PASS (:FATAL :ROOT-STORE :AFTER :THROW)
INDEPENDENT-PASS (:SAME-CONTEXT :RESERVE)
INDEPENDENT-PASS (:SAME-CONTEXT :ADMIT)
INDEPENDENT-PASS (:SAME-CONTEXT :TRANSFORM)
INDEPENDENT-PASS (:SECOND-CONTEXT-BUSY :ADMIT)
INDEPENDENT-PASS (:ACTIVE-CONTROL :UNBIND :RESERVE)
INDEPENDENT-PASS (:ACTIVE-CONTROL :COLLECT :RESERVE)
INDEPENDENT-PASS (:ACTIVE-CONTROL :UNBIND :ADMIT)
INDEPENDENT-PASS (:ACTIVE-CONTROL :COLLECT :ADMIT)
INDEPENDENT-PASS (:ACTIVE-CONTROL :UNBIND :TRANSFORM)
INDEPENDENT-PASS (:ACTIVE-CONTROL :COLLECT :TRANSFORM)
INDEPENDENT-PASS :MISMATCH-DISJOINT-TERMINAL-ONCE
INDEPENDENT-PASS :MATCH-DISJOINT-POSITIVE-CONTROL
INDEPENDENT-PASS :DISJOINT-READ-FIRST-POSITIVE-CONTROL
UNKNOWN-RESERVE-OUTCOME :FATAL-INVARIANT
CLOSURE allocation=:BLOCKED bind=:BLOCKED collect=:BLOCKED shutdown=:BLOCKED release-index=0->0
INDEPENDENT-PASS (:UNKNOWN-UNRETURNED-RESERVATION :ERROR)
UNKNOWN-RESERVE-OUTCOME :FATAL-INVARIANT
CLOSURE allocation=:BLOCKED bind=:BLOCKED collect=:BLOCKED shutdown=:BLOCKED release-index=0->0
INDEPENDENT-PASS (:UNKNOWN-UNRETURNED-RESERVATION :THROW)
FATAL-UNBIND-SHUTDOWN outcome=:POST-PUBLICATION-FAILURE unbind=:RETRY shutdown=:BLOCKED release-index=0->0
INDEPENDENT-PASS :FATAL-SHUTDOWN-AFTER-PUBLIC-UNBIND
DUAL-REJECTION-REASON :BARRIER-COMPOSITION-SIGNALED
INDEPENDENT-PASS :DUAL-PREPUBLICATION-REJECTION
INDEPENDENT-SUMMARY cases=94 failures=0 failed-worlds=0 expected-fatal-worlds=23
WARNING:
   redefining LOAD-REFERENCE :AROUND (#<STANDARD-CLASS CLAMSARA::HOST-BOUND-OBJECT-MODEL>
                                      #<SB-PCL:SYSTEM-CLASS COMMON-LISP:T>) in DEFMETHOD
WARNING:
   redefining STORE-REFERENCE-RAW :AROUND (#<STANDARD-CLASS CLAMSARA::HOST-BOUND-OBJECT-MODEL>
                                           #<SB-PCL:SYSTEM-CLASS COMMON-LISP:T>
                                           #<SB-PCL:SYSTEM-CLASS COMMON-LISP:T>) in DEFMETHOD
WARNING: redefining CLAMSARA.CAS-INDEPENDENT::MAKE-REVIEW-WORLD in DEFUN

; file: /tmp/clamsara-cas-fixed-review-byz5pwd5/independent-review/cas-fixed/additional-03.lisp
; in: DEFUN MEASURE-WORKSPACE
;     (CLAMSARA.CAS-INDEPENDENT::CONFIGURATION-CONSTRUCTION-CONTEXT
;      (CLAMSARA.QUALITY.SUPPORT:WORLD-CONFIGURATION CLAMSARA.CAS-INDEPENDENT::W))
; 
; caught STYLE-WARNING:
;   undefined function: CLAMSARA.CAS-INDEPENDENT::CONFIGURATION-CONSTRUCTION-CONTEXT
; 
; compilation unit finished
;   Undefined function:
;     CONFIGURATION-CONSTRUCTION-CONTEXT
;   caught 1 STYLE-WARNING condition
CLOSURE allocation=:BLOCKED bind=:BLOCKED collect=:BLOCKED shutdown=:BLOCKED release-index=0->0
INDEPENDENT-PASS (:ILLEGAL-PHASE :RESERVE :INVALID)
CLOSURE allocation=:BLOCKED bind=:BLOCKED collect=:BLOCKED shutdown=:BLOCKED release-index=0->0
INDEPENDENT-PASS (:ILLEGAL-PHASE :RESERVE :ERROR)
CLOSURE allocation=:BLOCKED bind=:BLOCKED collect=:BLOCKED shutdown=:BLOCKED release-index=0->0
INDEPENDENT-PASS (:ILLEGAL-PHASE :RESERVE :THROW)
CLOSURE allocation=:BLOCKED bind=:BLOCKED collect=:BLOCKED shutdown=:BLOCKED release-index=0->0
INDEPENDENT-PASS (:ILLEGAL-PHASE :ADMIT :INVALID)
CLOSURE allocation=:BLOCKED bind=:BLOCKED collect=:BLOCKED shutdown=:BLOCKED release-index=0->0
INDEPENDENT-PASS (:ILLEGAL-PHASE :ADMIT :ERROR)
CLOSURE allocation=:BLOCKED bind=:BLOCKED collect=:BLOCKED shutdown=:BLOCKED release-index=0->0
INDEPENDENT-PASS (:ILLEGAL-PHASE :ADMIT :THROW)
CLOSURE allocation=:BLOCKED bind=:BLOCKED collect=:BLOCKED shutdown=:BLOCKED release-index=0->0
INDEPENDENT-PASS (:ILLEGAL-PHASE :TRANSFORM :INVALID)
CLOSURE allocation=:BLOCKED bind=:BLOCKED collect=:BLOCKED shutdown=:BLOCKED release-index=0->0
INDEPENDENT-PASS (:ILLEGAL-PHASE :TRANSFORM :ERROR)
CLOSURE allocation=:BLOCKED bind=:BLOCKED collect=:BLOCKED shutdown=:BLOCKED release-index=0->0
INDEPENDENT-PASS (:ILLEGAL-PHASE :TRANSFORM :THROW)
CLOSURE allocation=:BLOCKED bind=:BLOCKED collect=:BLOCKED shutdown=:BLOCKED release-index=0->0
INDEPENDENT-PASS (:CANCEL-FAULT :ERROR 2)
CLOSURE allocation=:BLOCKED bind=:BLOCKED collect=:BLOCKED shutdown=:BLOCKED release-index=0->0
INDEPENDENT-PASS (:CANCEL-FAULT :ERROR 1)
CLOSURE allocation=:BLOCKED bind=:BLOCKED collect=:BLOCKED shutdown=:BLOCKED release-index=0->0
INDEPENDENT-PASS (:CANCEL-FAULT :THROW 2)
CLOSURE allocation=:BLOCKED bind=:BLOCKED collect=:BLOCKED shutdown=:BLOCKED release-index=0->0
INDEPENDENT-PASS (:CANCEL-FAULT :THROW 1)
CLOSURE allocation=:BLOCKED bind=:BLOCKED collect=:BLOCKED shutdown=:BLOCKED release-index=0->0
INDEPENDENT-PASS (:CAUGHT-OTHER-CONTEXT-FATAL :RESERVE)
CLOSURE allocation=:BLOCKED bind=:BLOCKED collect=:BLOCKED shutdown=:BLOCKED release-index=0->0
INDEPENDENT-PASS (:CAUGHT-OTHER-CONTEXT-FATAL :ADMIT)
CLOSURE allocation=:BLOCKED bind=:BLOCKED collect=:BLOCKED shutdown=:BLOCKED release-index=0->0
INDEPENDENT-PASS (:CAUGHT-OTHER-CONTEXT-FATAL :TRANSFORM)
CLOSURE allocation=:BLOCKED bind=:BLOCKED collect=:BLOCKED shutdown=:BLOCKED release-index=0->0
INDEPENDENT-PASS (:CAUGHT-OTHER-CONTEXT-FATAL :BEFORE)
CLOSURE allocation=:BLOCKED bind=:BLOCKED collect=:BLOCKED shutdown=:BLOCKED release-index=0->0
INDEPENDENT-PASS (:CAUGHT-OTHER-CONTEXT-FATAL :AFTER)
CLOSURE allocation=:BLOCKED bind=:BLOCKED collect=:BLOCKED shutdown=:BLOCKED release-index=0->0
INDEPENDENT-PASS (:CAUGHT-OTHER-CONTEXT-FATAL :CANCEL)
CLOSURE allocation=:BLOCKED bind=:BLOCKED collect=:BLOCKED shutdown=:BLOCKED release-index=0->0
INDEPENDENT-PASS (:CAUGHT-OTHER-CONTEXT-FATAL :RAW-LOAD)
CLOSURE allocation=:BLOCKED bind=:BLOCKED collect=:BLOCKED shutdown=:BLOCKED release-index=0->0
INDEPENDENT-PASS (:CAUGHT-OTHER-CONTEXT-FATAL :COMPARISON)
CLOSURE allocation=:BLOCKED bind=:BLOCKED collect=:BLOCKED shutdown=:BLOCKED release-index=0->0
INDEPENDENT-PASS (:CAUGHT-OTHER-CONTEXT-FATAL :RAW-STORE)
INDEPENDENT-PASS (:ORDINARY-PIN :SEMISPACE :RESERVE :RAW)
INDEPENDENT-PASS (:ORDINARY-PIN :SEMISPACE :RESERVE :REFILL)
INDEPENDENT-PASS (:ORDINARY-PIN :SEMISPACE :ADMIT :RAW)
INDEPENDENT-PASS (:ORDINARY-PIN :SEMISPACE :ADMIT :REFILL)
INDEPENDENT-PASS (:ORDINARY-PIN :SEMISPACE :TRANSFORM :RAW)
INDEPENDENT-PASS (:ORDINARY-PIN :SEMISPACE :TRANSFORM :REFILL)
INDEPENDENT-PASS (:ORDINARY-PIN :SEMISPACE :BEFORE :RAW)
INDEPENDENT-PASS (:ORDINARY-PIN :SEMISPACE :BEFORE :REFILL)
INDEPENDENT-PASS (:ORDINARY-PIN :SEMISPACE :AFTER :RAW)
INDEPENDENT-PASS (:ORDINARY-PIN :SEMISPACE :AFTER :REFILL)
INDEPENDENT-PASS (:ORDINARY-PIN :MARKSWEEP :RESERVE :RAW)
INDEPENDENT-PASS (:ORDINARY-PIN :MARKSWEEP :RESERVE :REFILL)
INDEPENDENT-PASS (:ORDINARY-PIN :MARKSWEEP :ADMIT :RAW)
INDEPENDENT-PASS (:ORDINARY-PIN :MARKSWEEP :ADMIT :REFILL)
INDEPENDENT-PASS (:ORDINARY-PIN :MARKSWEEP :TRANSFORM :RAW)
INDEPENDENT-PASS (:ORDINARY-PIN :MARKSWEEP :TRANSFORM :REFILL)
INDEPENDENT-PASS (:ORDINARY-PIN :MARKSWEEP :BEFORE :RAW)
INDEPENDENT-PASS (:ORDINARY-PIN :MARKSWEEP :BEFORE :REFILL)
INDEPENDENT-PASS (:ORDINARY-PIN :MARKSWEEP :AFTER :RAW)
INDEPENDENT-PASS (:ORDINARY-PIN :MARKSWEEP :AFTER :REFILL)
INDEPENDENT-PASS (:ORDINARY-PIN :SEMISPACE :RESERVE :REGISTER)
INDEPENDENT-PASS (:ORDINARY-PIN :SEMISPACE :RESERVE :CANCEL-FINALIZER)
INDEPENDENT-PASS (:ORDINARY-PIN :SEMISPACE :RESERVE :DRAIN)
INDEPENDENT-PASS (:ORDINARY-PIN :SEMISPACE :ADMIT :REGISTER)
INDEPENDENT-PASS (:ORDINARY-PIN :SEMISPACE :ADMIT :CANCEL-FINALIZER)
INDEPENDENT-PASS (:ORDINARY-PIN :SEMISPACE :ADMIT :DRAIN)
INDEPENDENT-PASS (:ORDINARY-PIN :SEMISPACE :TRANSFORM :REGISTER)
INDEPENDENT-PASS (:ORDINARY-PIN :SEMISPACE :TRANSFORM :CANCEL-FINALIZER)
INDEPENDENT-PASS (:ORDINARY-PIN :SEMISPACE :TRANSFORM :DRAIN)
INDEPENDENT-PASS (:ORDINARY-PIN :SEMISPACE :BEFORE :REGISTER)
INDEPENDENT-PASS (:ORDINARY-PIN :SEMISPACE :BEFORE :CANCEL-FINALIZER)
INDEPENDENT-PASS (:ORDINARY-PIN :SEMISPACE :BEFORE :DRAIN)
INDEPENDENT-PASS (:ORDINARY-PIN :SEMISPACE :AFTER :REGISTER)
INDEPENDENT-PASS (:ORDINARY-PIN :SEMISPACE :AFTER :CANCEL-FINALIZER)
INDEPENDENT-PASS (:ORDINARY-PIN :SEMISPACE :AFTER :DRAIN)
INDEPENDENT-PASS (:NIL-OPAQUE-TOKEN :READ :MATCH)
INDEPENDENT-PASS (:NIL-OPAQUE-TOKEN :CAS :MISMATCH)
INDEPENDENT-FAIL :FIXED-WORKSPACE-ACCOUNT [UNDEFINED-FUNCTION] The function
                                                               CLAMSARA.CAS-INDEPENDENT::CONFIGURATION-CONSTRUCTION-CONTEXT
                                                               is undefined.
TRACE NIL

; file: /tmp/clamsara-cas-fixed-review-byz5pwd5/independent-review/cas-fixed/additional-03.lisp
; in: EXTRA-ONE :FATAL-SHUTDOWN-REJECT-NOT-RETAINED
;     (CLAMSARA.CAS-INDEPENDENT::CONFIGURATION-CONSTRUCTION-CONTEXT
;      CLAMSARA.CAS-INDEPENDENT::CONFIGURATION)
; 
; caught STYLE-WARNING:
;   undefined function: CLAMSARA.CAS-INDEPENDENT::CONFIGURATION-CONSTRUCTION-CONTEXT
; 
; compilation unit finished
;   Undefined function:
;     CONFIGURATION-CONSTRUCTION-CONTEXT
;   caught 1 STYLE-WARNING condition
INDEPENDENT-FAIL :FATAL-SHUTDOWN-REJECT-NOT-RETAINED [UNDEFINED-FUNCTION] The
                                                                          function
                                                                          CLAMSARA.CAS-INDEPENDENT::CONFIGURATION-CONSTRUCTION-CONTEXT
                                                                          is
                                                                          undefined.
TRACE ((:RESERVE :A :READ NIL) (:ACQUIRE :A :READ 0) (:RESERVE :B :READ NIL)
       (:ACQUIRE :B :READ 0) (:RESERVE :C :READ NIL) (:ACQUIRE :C :READ 0)
       (:ADMIT :A :READ 0) (:ADMIT :B :READ 0) (:ADMIT :C :READ 0)
       (:TRANSFORM :A :READ 0) (:TRANSFORM :B :READ 0) (:TRANSFORM :C :READ 0)
       (:BEFORE :A :READ 0))
EXTRA-SUMMARY cases=61 failures=2 total-cases=155 total-failures=2 retained-fatal=45
While evaluating the form starting at line 603, column 0
  of #P"/tmp/clamsara-cas-fixed-review-byz5pwd5/independent-review/cas-fixed/additional-03.lisp":
While evaluating the form starting at line 8, column 0
  of #P"/tmp/clamsara-cas-fixed-review-byz5pwd5/independent-review/cas-fixed/bootstrap-01.lisp":
Unhandled SIMPLE-ERROR in thread #<SB-THREAD:THREAD tid=11115 "main thread" RUNNING
                                    {1200450003}>:
  Fixed-repair independent acceptance failed

Backtrace for: #<SB-THREAD:THREAD tid=11115 "main thread" RUNNING {1200450003}>
0: (SB-DEBUG::DEBUGGER-DISABLED-HOOK #<SIMPLE-ERROR "Fixed-repair independent acceptance failed" {12050B2A83}> #<unused argument> :QUIT T)
1: (SB-DEBUG::RUN-HOOK SB-EXT:*INVOKE-DEBUGGER-HOOK* #<SIMPLE-ERROR "Fixed-repair independent acceptance failed" {12050B2A83}>)
2: (INVOKE-DEBUGGER #<SIMPLE-ERROR "Fixed-repair independent acceptance failed" {12050B2A83}>)
3: (ERROR "Fixed-repair independent acceptance failed")
4: (CHECK NIL "Fixed-repair independent acceptance failed")
5: (SB-INT:SIMPLE-EVAL-IN-LEXENV (CHECK (ZEROP *FAILURES*) "Fixed-repair independent acceptance failed") #<NULL-LEXENV>)
6: (SB-EXT:EVAL-TLF (CHECK (ZEROP *FAILURES*) "Fixed-repair independent acceptance failed") 68 NIL)
7: ((LABELS SB-FASL::EVAL-FORM :IN SB-INT:LOAD-AS-SOURCE) (CHECK (ZEROP *FAILURES*) "Fixed-repair independent acceptance failed") 68)
8: ((LAMBDA (SB-KERNEL:FORM &KEY :CURRENT-INDEX &ALLOW-OTHER-KEYS) :IN SB-INT:LOAD-AS-SOURCE) (CHECK (ZEROP *FAILURES*) "Fixed-repair independent acceptance failed") :CURRENT-INDEX 68)
9: (SB-C::%DO-FORMS-FROM-INFO #<FUNCTION (LAMBDA (SB-KERNEL:FORM &KEY :CURRENT-INDEX &ALLOW-OTHER-KEYS) :IN SB-INT:LOAD-AS-SOURCE) {7F514E0F6ADB}> #<SB-C::SOURCE-INFO {120595D133}> SB-C::INPUT-ERROR-IN-LOAD)
10: (SB-INT:LOAD-AS-SOURCE #<SB-INT:FORM-TRACKING-STREAM for "file /tmp/clamsara-cas-fixed-review-byz5pwd5/independent-review/cas-fixed/additional-03.lisp" {1205960DF3}> :VERBOSE NIL :PRINT NIL :CONTEXT "loading")
11: ((LABELS SB-FASL::LOAD-STREAM-1 :IN LOAD) #<SB-INT:FORM-TRACKING-STREAM for "file /tmp/clamsara-cas-fixed-review-byz5pwd5/independent-review/cas-fixed/additional-03.lisp" {1205960DF3}> NIL)
12: (SB-FASL::CALL-WITH-LOAD-BINDINGS #<FUNCTION (LABELS SB-FASL::LOAD-STREAM-1 :IN LOAD) {7F514E0F6E9B}> #<SB-INT:FORM-TRACKING-STREAM for "file /tmp/clamsara-cas-fixed-review-byz5pwd5/independent-review/cas-fixed/additional-03.lisp" {1205960DF3}> NIL #<SB-INT:FORM-TRACKING-STREAM for "file /tmp/clamsara-cas-fixed-review-byz5pwd5/independent-review/cas-fixed/additional-03.lisp" {1205960DF3}>)
13: (LOAD #P"/tmp/clamsara-cas-fixed-review-byz5pwd5/independent-review/cas-fixed/additional-03.lisp" :VERBOSE NIL :PRINT NIL :IF-DOES-NOT-EXIST :ERROR :EXTERNAL-FORMAT :DEFAULT)
14: (SB-INT:SIMPLE-EVAL-IN-LEXENV (LOAD #P"/tmp/clamsara-cas-fixed-review-byz5pwd5/independent-review/cas-fixed/additional-03.lisp") #<NULL-LEXENV>)
15: (SB-EXT:EVAL-TLF (LOAD #P"/tmp/clamsara-cas-fixed-review-byz5pwd5/independent-review/cas-fixed/additional-03.lisp") 7 NIL)
16: ((LABELS SB-FASL::EVAL-FORM :IN SB-INT:LOAD-AS-SOURCE) (LOAD #P"/tmp/clamsara-cas-fixed-review-byz5pwd5/independent-review/cas-fixed/additional-03.lisp") 7)
17: ((LAMBDA (SB-KERNEL:FORM &KEY :CURRENT-INDEX &ALLOW-OTHER-KEYS) :IN SB-INT:LOAD-AS-SOURCE) (LOAD #P"/tmp/clamsara-cas-fixed-review-byz5pwd5/independent-review/cas-fixed/additional-03.lisp") :CURRENT-INDEX 7)
18: (SB-C::%DO-FORMS-FROM-INFO #<FUNCTION (LAMBDA (SB-KERNEL:FORM &KEY :CURRENT-INDEX &ALLOW-OTHER-KEYS) :IN SB-INT:LOAD-AS-SOURCE) {7F514E0F74CB}> #<SB-C::SOURCE-INFO {12004CDF33}> SB-C::INPUT-ERROR-IN-LOAD)
19: (SB-INT:LOAD-AS-SOURCE #<SB-INT:FORM-TRACKING-STREAM for "file /tmp/clamsara-cas-fixed-review-byz5pwd5/independent-review/cas-fixed/bootstrap-01.lisp" {1200452BF3}> :VERBOSE NIL :PRINT NIL :CONTEXT "loading")
20: ((LABELS SB-FASL::LOAD-STREAM-1 :IN LOAD) #<SB-INT:FORM-TRACKING-STREAM for "file /tmp/clamsara-cas-fixed-review-byz5pwd5/independent-review/cas-fixed/bootstrap-01.lisp" {1200452BF3}> NIL)
21: (SB-FASL::CALL-WITH-LOAD-BINDINGS #<FUNCTION (LABELS SB-FASL::LOAD-STREAM-1 :IN LOAD) {7F514E0F788B}> #<SB-INT:FORM-TRACKING-STREAM for "file /tmp/clamsara-cas-fixed-review-byz5pwd5/independent-review/cas-fixed/bootstrap-01.lisp" {1200452BF3}> NIL #<SB-INT:FORM-TRACKING-STREAM for "file /tmp/clamsara-cas-fixed-review-byz5pwd5/independent-review/cas-fixed/bootstrap-01.lisp" {1200452BF3}>)
22: (LOAD #P"/tmp/clamsara-cas-fixed-review-byz5pwd5/independent-review/cas-fixed/bootstrap-01.lisp" :VERBOSE NIL :PRINT NIL :IF-DOES-NOT-EXIST :ERROR :EXTERNAL-FORMAT :DEFAULT)
23: (SB-IMPL::PROCESS-EVAL/LOAD-OPTIONS ((:LOAD . "/tmp/clamsara-cas-fixed-review-byz5pwd5/independent-review/cas-fixed/bootstrap-01.lisp") (:QUIT)))
24: (SB-IMPL::TOPLEVEL-INIT)
25: ((FLET SB-UNIX::BODY :IN SB-IMPL::START-LISP))
26: ((FLET "WITHOUT-INTERRUPTS-BODY-3" :IN SB-IMPL::START-LISP))
27: (SB-IMPL::%START-LISP)

unhandled condition in --disable-debugger mode, quitting
