; compiling file "/tmp/clamsara-description-review-7p14doks/test/acceptance/metadata-safety.lisp" (written 20 SEP 2026 08:11:24 PM):

; wrote /home/iskam/.cache/common-lisp/sbcl-2.6.8.3-db35d4561-linux-x64/tmp/clamsara-description-review-7p14doks/test/acceptance/metadata-safety-tmpGHU3ALSV.fasl
; compilation finished in 0:00:00.020
; compiling file "/tmp/clamsara-description-review-7p14doks/test/acceptance/host-safety.lisp" (written 20 SEP 2026 08:11:24 PM):

; wrote /home/iskam/.cache/common-lisp/sbcl-2.6.8.3-db35d4561-linux-x64/tmp/clamsara-description-review-7p14doks/test/acceptance/host-safety-tmpAAURSO1.fasl
; compilation finished in 0:00:00.019
; compiling file "/tmp/clamsara-description-review-7p14doks/test/acceptance/resources-layout.lisp" (written 20 SEP 2026 08:11:24 PM):

; wrote /home/iskam/.cache/common-lisp/sbcl-2.6.8.3-db35d4561-linux-x64/tmp/clamsara-description-review-7p14doks/test/acceptance/resources-layout-tmp5GEXGEG5.fasl
; compilation finished in 0:00:00.040
; compiling file "/tmp/clamsara-description-review-7p14doks/test/acceptance/conditional-lifecycle.lisp" (written 20 SEP 2026 08:11:24 PM):

; wrote /home/iskam/.cache/common-lisp/sbcl-2.6.8.3-db35d4561-linux-x64/tmp/clamsara-description-review-7p14doks/test/acceptance/conditional-lifecycle-tmpAR3FSGEY.fasl
; compilation finished in 0:00:00.018
; compiling file "/tmp/clamsara-description-review-7p14doks/test/acceptance/object-model-safety.lisp" (written 20 SEP 2026 08:11:24 PM):

; wrote /home/iskam/.cache/common-lisp/sbcl-2.6.8.3-db35d4561-linux-x64/tmp/clamsara-description-review-7p14doks/test/acceptance/object-model-safety-tmpJAIDFZTC.fasl
; compilation finished in 0:00:00.026
While evaluating the form starting at line 7, column 0
  of #P"/tmp/clamsara-ownership-granularity-red.lisp":
Unhandled SIMPLE-ERROR in thread #<SB-THREAD:THREAD tid=2510 "main thread" RUNNING
                                    {1200450003}>:
  v14 resource/layout acceptance failure: Changed cell granularity was admitted or rejection had effects

Backtrace for: #<SB-THREAD:THREAD tid=2510 "main thread" RUNNING {1200450003}>
0: (SB-DEBUG::DEBUGGER-DISABLED-HOOK #<SIMPLE-ERROR "v14 resource/layout acceptance failure: ~?" {120492CB33}> #<unused argument> :QUIT T)
1: (SB-DEBUG::RUN-HOOK *INVOKE-DEBUGGER-HOOK* #<SIMPLE-ERROR "v14 resource/layout acceptance failure: ~?" {120492CB33}>)
2: (INVOKE-DEBUGGER #<SIMPLE-ERROR "v14 resource/layout acceptance failure: ~?" {120492CB33}>)
3: (ERROR "v14 resource/layout acceptance failure: ~?" "Changed cell granularity was admitted or rejection had effects" NIL)
4: (CLAMSARA.ACCEPTANCE.RESOURCES-LAYOUT::CHECK NIL "Changed cell granularity was admitted or rejection had effects")
5: (CLAMSARA.ACCEPTANCE.RESOURCES-LAYOUT::TEST-OWNERSHIP-UPDATE-KEEPS-DESCRIPTOR-GRANULARITY)
6: (SB-INT:SIMPLE-EVAL-IN-LEXENV (CLAMSARA.ACCEPTANCE.RESOURCES-LAYOUT::TEST-OWNERSHIP-UPDATE-KEEPS-DESCRIPTOR-GRANULARITY) #<NULL-LEXENV>)
7: (EVAL-TLF (CLAMSARA.ACCEPTANCE.RESOURCES-LAYOUT::TEST-OWNERSHIP-UPDATE-KEEPS-DESCRIPTOR-GRANULARITY) 5 NIL)
8: ((LABELS SB-FASL::EVAL-FORM :IN SB-INT:LOAD-AS-SOURCE) (CLAMSARA.ACCEPTANCE.RESOURCES-LAYOUT::TEST-OWNERSHIP-UPDATE-KEEPS-DESCRIPTOR-GRANULARITY) 5)
9: ((LAMBDA (SB-KERNEL:FORM &KEY :CURRENT-INDEX &ALLOW-OTHER-KEYS) :IN SB-INT:LOAD-AS-SOURCE) (CLAMSARA.ACCEPTANCE.RESOURCES-LAYOUT::TEST-OWNERSHIP-UPDATE-KEEPS-DESCRIPTOR-GRANULARITY) :CURRENT-INDEX 5)
10: (SB-C::%DO-FORMS-FROM-INFO #<FUNCTION (LAMBDA (SB-KERNEL:FORM &KEY :CURRENT-INDEX &ALLOW-OTHER-KEYS) :IN SB-INT:LOAD-AS-SOURCE) {7F3DC1EF74CB}> #<SB-C::SOURCE-INFO {1204FBE4C3}> SB-C::INPUT-ERROR-IN-LOAD)
11: (SB-INT:LOAD-AS-SOURCE #<SB-INT:FORM-TRACKING-STREAM for "file /tmp/clamsara-ownership-granularity-red.lisp" {1204FD8843}> :VERBOSE NIL :PRINT NIL :CONTEXT "loading")
12: ((LABELS SB-FASL::LOAD-STREAM-1 :IN LOAD) #<SB-INT:FORM-TRACKING-STREAM for "file /tmp/clamsara-ownership-granularity-red.lisp" {1204FD8843}> NIL)
13: (SB-FASL::CALL-WITH-LOAD-BINDINGS #<FUNCTION (LABELS SB-FASL::LOAD-STREAM-1 :IN LOAD) {7F3DC1EF788B}> #<SB-INT:FORM-TRACKING-STREAM for "file /tmp/clamsara-ownership-granularity-red.lisp" {1204FD8843}> NIL #<SB-INT:FORM-TRACKING-STREAM for "file /tmp/clamsara-ownership-granularity-red.lisp" {1204FD8843}>)
14: (LOAD #P"/tmp/clamsara-ownership-granularity-red.lisp" :VERBOSE NIL :PRINT NIL :IF-DOES-NOT-EXIST :ERROR :EXTERNAL-FORMAT :DEFAULT)
15: (SB-IMPL::PROCESS-EVAL/LOAD-OPTIONS ((:LOAD . "/tmp/clamsara-ownership-granularity-red.lisp") (:QUIT)))
16: (SB-IMPL::TOPLEVEL-INIT)
17: ((FLET SB-UNIX::BODY :IN SB-IMPL::START-LISP))
18: ((FLET "WITHOUT-INTERRUPTS-BODY-3" :IN SB-IMPL::START-LISP))
19: (SB-IMPL::%START-LISP)

unhandled condition in --disable-debugger mode, quitting
