; compiling file "/home/iskam/src/vibe/Clamsara/test/client/protocol-contract.lisp" (written 20 SEP 2026 10:29:28 AM):

; wrote /home/iskam/.cache/common-lisp/sbcl-2.6.8.3-db35d4561-linux-x64/home/iskam/src/vibe/Clamsara/test/client/protocol-contract-tmpGHU3ALSV.fasl
; compilation finished in 0:00:00.031
v14 construction contracts: 105 checks passed
; compiling file "/home/iskam/src/vibe/Clamsara/test/host/roots.lisp" (written 20 SEP 2026 10:29:28 AM):

; wrote /home/iskam/.cache/common-lisp/sbcl-2.6.8.3-db35d4561-linux-x64/home/iskam/src/vibe/Clamsara/test/host/roots-tmpAAURSO1.fasl
; compilation finished in 0:00:00.018
; compiling file "/home/iskam/src/vibe/Clamsara/test/host/coordination.lisp" (written 20 SEP 2026 10:29:28 AM):

; wrote /home/iskam/.cache/common-lisp/sbcl-2.6.8.3-db35d4561-linux-x64/home/iskam/src/vibe/Clamsara/test/host/coordination-tmp5GEXGEG5.fasl
; compilation finished in 0:00:00.012
; compiling file "/home/iskam/src/vibe/Clamsara/test/host/atomics.lisp" (written 20 SEP 2026 10:35:31 AM):

; wrote /home/iskam/.cache/common-lisp/sbcl-2.6.8.3-db35d4561-linux-x64/home/iskam/src/vibe/Clamsara/test/host/atomics-tmpAR3FSGEY.fasl
; compilation finished in 0:00:00.008
; compiling file "/home/iskam/src/vibe/Clamsara/test/barrier/barrier.lisp" (written 20 SEP 2026 11:01:08 AM):

; wrote /home/iskam/.cache/common-lisp/sbcl-2.6.8.3-db35d4561-linux-x64/home/iskam/src/vibe/Clamsara/test/barrier/barrier-tmpJAIDFZTC.fasl
; compilation finished in 0:00:00.046
; compiling file "/home/iskam/src/vibe/Clamsara/test/runtime/semispace.lisp" (written 20 SEP 2026 11:07:51 AM):

; wrote /home/iskam/.cache/common-lisp/sbcl-2.6.8.3-db35d4561-linux-x64/home/iskam/src/vibe/Clamsara/test/runtime/semispace-tmp8V3J6PE9.fasl
; compilation finished in 0:00:00.009
; compiling file "/home/iskam/src/vibe/Clamsara/test/runtime/marksweep.lisp" (written 20 SEP 2026 10:54:08 AM):

; wrote /home/iskam/.cache/common-lisp/sbcl-2.6.8.3-db35d4561-linux-x64/home/iskam/src/vibe/Clamsara/test/runtime/marksweep-tmp9V47YWQF.fasl
; compilation finished in 0:00:00.008
; compiling file "/home/iskam/src/vibe/Clamsara/test/runtime/retained-failure.lisp" (written 20 SEP 2026 11:17:10 PM):

; wrote /home/iskam/.cache/common-lisp/sbcl-2.6.8.3-db35d4561-linux-x64/home/iskam/src/vibe/Clamsara/test/runtime/retained-failure-tmp9BN22RMA.fasl
; compilation finished in 0:00:00.007
; compiling file "/home/iskam/src/vibe/Clamsara/test/metadata/semispace.lisp" (written 20 SEP 2026 10:34:55 AM):

; wrote /home/iskam/.cache/common-lisp/sbcl-2.6.8.3-db35d4561-linux-x64/home/iskam/src/vibe/Clamsara/test/metadata/semispace-tmp1CXFJSK9.fasl
; compilation finished in 0:00:00.003
V14-SEMISPACE-LIFECYCLE-OK
V14-MARKSWEEP-LIFECYCLE-OK
V14-SEMISPACE-LIFECYCLE-OK
METADATA-SEMISPACE-PACKED-CYCLE-OK
V14-SEMISPACE-LIFECYCLE-OK
METADATA-SEMISPACE-SCALAR-CYCLE-OK
V14-RETAINED-FAILURE-OK
CONDITIONAL-LIFECYCLE-ACCEPTANCE-PASS
; compiling file "/home/iskam/src/vibe/Clamsara/test/quality/stateful.lisp" (written 20 SEP 2026 11:11:09 AM):

; wrote /home/iskam/.cache/common-lisp/sbcl-2.6.8.3-db35d4561-linux-x64/home/iskam/src/vibe/Clamsara/test/quality/stateful-tmpX4BRKI0R.fasl
; compilation finished in 0:00:00.034
QUALITY-STATEFUL-PASS seed=#x14C1A05E iterations=18 profiles=4
; compiling file "/home/iskam/src/vibe/Clamsara/test/quality/allocation.lisp" (written 20 SEP 2026 09:15:22 PM):

; wrote /home/iskam/.cache/common-lisp/sbcl-2.6.8.3-db35d4561-linux-x64/home/iskam/src/vibe/Clamsara/test/quality/allocation-tmpQ371UGST.fasl
; compilation finished in 0:00:00.020
ALLOCATION-ADMISSION-PASS :SEMISPACE :PACKED
ALLOCATION-ADMISSION-PASS :SEMISPACE :SCALAR
ALLOCATION-ADMISSION-PASS :MARKSWEEP :PACKED
ALLOCATION-ADMISSION-PASS :MARKSWEEP :SCALAR
ALLOCATION-ADMISSION-TESTS-PASS
; compiling file "/home/iskam/src/vibe/Clamsara/test/quality/kind-snapshots.lisp" (written 20 SEP 2026 10:23:39 PM):

; wrote /home/iskam/.cache/common-lisp/sbcl-2.6.8.3-db35d4561-linux-x64/home/iskam/src/vibe/Clamsara/test/quality/kind-snapshots-tmp2OWI3Q7U.fasl
; compilation finished in 0:00:00.016
; compiling file "/home/iskam/src/vibe/Clamsara/test/quality/kind-history.lisp" (written 20 SEP 2026 11:17:10 PM):

; wrote /home/iskam/.cache/common-lisp/sbcl-2.6.8.3-db35d4561-linux-x64/home/iskam/src/vibe/Clamsara/test/quality/kind-history-tmp9KKTJMYV.fasl
; compilation finished in 0:00:00.046
; compiling file "/home/iskam/src/vibe/Clamsara/test/quality/construction-exit-history.lisp" (written 20 SEP 2026 11:17:10 PM):

; wrote /home/iskam/.cache/common-lisp/sbcl-2.6.8.3-db35d4561-linux-x64/home/iskam/src/vibe/Clamsara/test/quality/construction-exit-history-tmpJU0JWO19.fasl
; compilation finished in 0:00:00.029
KIND-GEOMETRY-PASS :SEMISPACE :PACKED :SIZE
KIND-GEOMETRY-PASS :SEMISPACE :PACKED :ALIGNMENT
KIND-GEOMETRY-PASS :SEMISPACE :PACKED :VARIABLE
KIND-GEOMETRY-PASS :SEMISPACE :SCALAR :SIZE
KIND-GEOMETRY-PASS :SEMISPACE :SCALAR :ALIGNMENT
KIND-GEOMETRY-PASS :SEMISPACE :SCALAR :VARIABLE
KIND-GEOMETRY-PASS :MARKSWEEP :PACKED :SIZE
KIND-GEOMETRY-PASS :MARKSWEEP :PACKED :ALIGNMENT
KIND-GEOMETRY-PASS :MARKSWEEP :PACKED :VARIABLE
KIND-GEOMETRY-PASS :MARKSWEEP :SCALAR :SIZE
KIND-GEOMETRY-PASS :MARKSWEEP :SCALAR :ALIGNMENT
KIND-GEOMETRY-PASS :MARKSWEEP :SCALAR :VARIABLE
KIND-GEOMETRY-SNAPSHOTS-PASS cases=12 rejections=8 escapes=8
CHECK :ACCOUNT (:UNIQUE-REQUIRED 40 :ALIAS-COUNT 6)
CHECK :CYCLE (:SEMISPACE :PACKED :DISCOVERED 4 :MOVED 4)
CHECK :ACCOUNT (:UNIQUE-REQUIRED 40 :ALIAS-COUNT 6)
CHECK :CYCLE (:SEMISPACE :PACKED :DISCOVERED 4 :MOVED 4)
CHECK :CYCLE (:SEMISPACE :PACKED :DISCOVERED 4 :MOVED 4)
CHECK :ACCOUNT (:UNIQUE-REQUIRED 40 :ALIAS-COUNT 6)
CHECK :SHARED-BINDINGS-PASS (:SEMISPACE :PACKED :FUNCTION-CALLS (4 4))
CHECK :PREBINDING-INVALID-PASS (:SEMISPACE :PACKED :HEADER -1
                                :BIND-OBJECT-MODEL-SIGNALED)
CHECK :PREBINDING-INVALID-PASS (:SEMISPACE :PACKED :HEADER 24
                                :BIND-OBJECT-MODEL-SIGNALED)
CHECK :PREBINDING-INVALID-PASS (:SEMISPACE :PACKED :ELEMENT 0
                                :BIND-OBJECT-MODEL-SIGNALED)
CHECK :PREBINDING-INVALID-PASS (:SEMISPACE :PACKED :ELEMENT 16
                                :BIND-OBJECT-MODEL-SIGNALED)
CHECK :PREBINDING-INVALID-PASS (:SEMISPACE :PACKED :MINIMUM -1
                                :BIND-OBJECT-MODEL-SIGNALED)
CHECK :PREBINDING-INVALID-PASS (:SEMISPACE :PACKED :MAXIMUM 0
                                :BIND-OBJECT-MODEL-SIGNALED)
CHECK :PREBINDING-INVALID-PASS (:SEMISPACE :PACKED :KIND :NUMERIC
                                :BIND-OBJECT-MODEL-SIGNALED)
CHECK :ACCOUNT (:UNIQUE-REQUIRED 40 :ALIAS-COUNT 6)
CHECK :CYCLE (:SEMISPACE :SCALAR :DISCOVERED 4 :MOVED 4)
CHECK :ACCOUNT (:UNIQUE-REQUIRED 40 :ALIAS-COUNT 6)
CHECK :CYCLE (:SEMISPACE :SCALAR :DISCOVERED 4 :MOVED 4)
CHECK :CYCLE (:SEMISPACE :SCALAR :DISCOVERED 4 :MOVED 4)
CHECK :ACCOUNT (:UNIQUE-REQUIRED 40 :ALIAS-COUNT 6)
CHECK :SHARED-BINDINGS-PASS (:SEMISPACE :SCALAR :FUNCTION-CALLS (4 4))
CHECK :PREBINDING-INVALID-PASS (:SEMISPACE :SCALAR :HEADER -1
                                :BIND-OBJECT-MODEL-SIGNALED)
CHECK :PREBINDING-INVALID-PASS (:SEMISPACE :SCALAR :HEADER 24
                                :BIND-OBJECT-MODEL-SIGNALED)
CHECK :PREBINDING-INVALID-PASS (:SEMISPACE :SCALAR :ELEMENT 0
                                :BIND-OBJECT-MODEL-SIGNALED)
CHECK :PREBINDING-INVALID-PASS (:SEMISPACE :SCALAR :ELEMENT 16
                                :BIND-OBJECT-MODEL-SIGNALED)
CHECK :PREBINDING-INVALID-PASS (:SEMISPACE :SCALAR :MINIMUM -1
                                :BIND-OBJECT-MODEL-SIGNALED)
CHECK :PREBINDING-INVALID-PASS (:SEMISPACE :SCALAR :MAXIMUM 0
                                :BIND-OBJECT-MODEL-SIGNALED)
CHECK :PREBINDING-INVALID-PASS (:SEMISPACE :SCALAR :KIND :NUMERIC
                                :BIND-OBJECT-MODEL-SIGNALED)
CHECK :ACCOUNT (:UNIQUE-REQUIRED 40 :ALIAS-COUNT 6)
CHECK :CYCLE (:MARKSWEEP :PACKED :DISCOVERED 4 :MOVED 0)
CHECK :ACCOUNT (:UNIQUE-REQUIRED 40 :ALIAS-COUNT 6)
CHECK :CYCLE (:MARKSWEEP :PACKED :DISCOVERED 4 :MOVED 0)
CHECK :CYCLE (:MARKSWEEP :PACKED :DISCOVERED 4 :MOVED 0)
CHECK :ACCOUNT (:UNIQUE-REQUIRED 40 :ALIAS-COUNT 6)
CHECK :SHARED-BINDINGS-PASS (:MARKSWEEP :PACKED :FUNCTION-CALLS (4 4))
CHECK :PREBINDING-INVALID-PASS (:MARKSWEEP :PACKED :HEADER -1
                                :BIND-OBJECT-MODEL-SIGNALED)
CHECK :PREBINDING-INVALID-PASS (:MARKSWEEP :PACKED :HEADER 24
                                :BIND-OBJECT-MODEL-SIGNALED)
CHECK :PREBINDING-INVALID-PASS (:MARKSWEEP :PACKED :ELEMENT 0
                                :BIND-OBJECT-MODEL-SIGNALED)
CHECK :PREBINDING-INVALID-PASS (:MARKSWEEP :PACKED :ELEMENT 16
                                :BIND-OBJECT-MODEL-SIGNALED)
CHECK :PREBINDING-INVALID-PASS (:MARKSWEEP :PACKED :MINIMUM -1
                                :BIND-OBJECT-MODEL-SIGNALED)
CHECK :PREBINDING-INVALID-PASS (:MARKSWEEP :PACKED :MAXIMUM 0
                                :BIND-OBJECT-MODEL-SIGNALED)
CHECK :PREBINDING-INVALID-PASS (:MARKSWEEP :PACKED :KIND :NUMERIC
                                :BIND-OBJECT-MODEL-SIGNALED)
CHECK :ACCOUNT (:UNIQUE-REQUIRED 40 :ALIAS-COUNT 6)
CHECK :CYCLE (:MARKSWEEP :SCALAR :DISCOVERED 4 :MOVED 0)
CHECK :ACCOUNT (:UNIQUE-REQUIRED 40 :ALIAS-COUNT 6)
CHECK :CYCLE (:MARKSWEEP :SCALAR :DISCOVERED 4 :MOVED 0)
CHECK :CYCLE (:MARKSWEEP :SCALAR :DISCOVERED 4 :MOVED 0)
CHECK :ACCOUNT (:UNIQUE-REQUIRED 40 :ALIAS-COUNT 6)
CHECK :SHARED-BINDINGS-PASS (:MARKSWEEP :SCALAR :FUNCTION-CALLS (4 4))
CHECK :PREBINDING-INVALID-PASS (:MARKSWEEP :SCALAR :HEADER -1
                                :BIND-OBJECT-MODEL-SIGNALED)
CHECK :PREBINDING-INVALID-PASS (:MARKSWEEP :SCALAR :HEADER 24
                                :BIND-OBJECT-MODEL-SIGNALED)
CHECK :PREBINDING-INVALID-PASS (:MARKSWEEP :SCALAR :ELEMENT 0
                                :BIND-OBJECT-MODEL-SIGNALED)
CHECK :PREBINDING-INVALID-PASS (:MARKSWEEP :SCALAR :ELEMENT 16
                                :BIND-OBJECT-MODEL-SIGNALED)
CHECK :PREBINDING-INVALID-PASS (:MARKSWEEP :SCALAR :MINIMUM -1
                                :BIND-OBJECT-MODEL-SIGNALED)
CHECK :PREBINDING-INVALID-PASS (:MARKSWEEP :SCALAR :MAXIMUM 0
                                :BIND-OBJECT-MODEL-SIGNALED)
CHECK :PREBINDING-INVALID-PASS (:MARKSWEEP :SCALAR :KIND :NUMERIC
                                :BIND-OBJECT-MODEL-SIGNALED)
CHECK :CYCLE (:SEMISPACE :PACKED :DISCOVERED 1 :MOVED 1)
CHECK :EXACT-ALIAS-PASS (:REJECTED 7 :ACCEPTED 2)
CHECK :ACCOUNT (:UNIQUE-REQUIRED 45 :ALIAS-COUNT 10)
CHECK :CYCLE (:SEMISPACE :PACKED :DISCOVERED 4 :MOVED 4)
CHECK :ACCOUNT (:UNIQUE-REQUIRED 45 :ALIAS-COUNT 10)
CHECK :STAGING-PASS (:PACKED :FIXED-CALLS (1 1))
CHECK :ACCOUNT (:UNIQUE-REQUIRED 45 :ALIAS-COUNT 10)
CHECK :CYCLE (:SEMISPACE :SCALAR :DISCOVERED 4 :MOVED 4)
CHECK :ACCOUNT (:UNIQUE-REQUIRED 45 :ALIAS-COUNT 10)
CHECK :STAGING-PASS (:SCALAR :FIXED-CALLS (1 1))
CHECK :INDEPENDENT-GEOMETRY-FINISHED (:CASES 35)
LATE-PASS (:PHASE :INITIALIZE :MODE :THROW :CLEANUP-FAULT NIL :RELEASED 10
           :DEACTIVATED 1 :OBSERVER-AFTER-CLEANUP NIL :EXACT-THROW-VALUES T)
LATE-PASS (:PHASE :INITIALIZE :MODE :THROW :CLEANUP-FAULT T :RELEASED 10
           :DEACTIVATED 1 :OBSERVER-AFTER-CLEANUP T :EXACT-THROW-VALUES NIL)
LATE-PASS (:PHASE :INITIALIZE :MODE :ERROR :CLEANUP-FAULT NIL :RELEASED 10
           :DEACTIVATED 1 :OBSERVER-AFTER-CLEANUP T :EXACT-THROW-VALUES NIL)
LATE-PASS (:PHASE :INITIALIZE :MODE :ERROR :CLEANUP-FAULT T :RELEASED 10
           :DEACTIVATED 1 :OBSERVER-AFTER-CLEANUP T :EXACT-THROW-VALUES NIL)
LATE-PASS (:PHASE :ACTIVATE :MODE :THROW :CLEANUP-FAULT NIL :RELEASED 10
           :DEACTIVATED 1 :OBSERVER-AFTER-CLEANUP NIL :EXACT-THROW-VALUES T)
LATE-PASS (:PHASE :ACTIVATE :MODE :THROW :CLEANUP-FAULT T :RELEASED 10
           :DEACTIVATED 1 :OBSERVER-AFTER-CLEANUP T :EXACT-THROW-VALUES NIL)
LATE-PASS (:PHASE :ACTIVATE :MODE :ERROR :CLEANUP-FAULT NIL :RELEASED 10
           :DEACTIVATED 1 :OBSERVER-AFTER-CLEANUP T :EXACT-THROW-VALUES NIL)
LATE-PASS (:PHASE :ACTIVATE :MODE :ERROR :CLEANUP-FAULT T :RELEASED 10
           :DEACTIVATED 1 :OBSERVER-AFTER-CLEANUP T :EXACT-THROW-VALUES NIL)
SUCCESS-GUARD-PASS released=10
LATE-UNWIND-FINISHED cases=9
; compiling file "/home/iskam/src/vibe/Clamsara/test/quality/representation-capacity.lisp" (written 20 SEP 2026 07:52:03 PM):

; wrote /home/iskam/.cache/common-lisp/sbcl-2.6.8.3-db35d4561-linux-x64/home/iskam/src/vibe/Clamsara/test/quality/representation-capacity-tmpZX2WN8N4.fasl
; compilation finished in 0:00:00.016
REPRESENTATION-CAPACITY-PASS :SEMISPACE :PACKED granularity=8
REPRESENTATION-CAPACITY-PASS :SEMISPACE :PACKED granularity=16
REPRESENTATION-CAPACITY-PASS :SEMISPACE :SCALAR granularity=8
REPRESENTATION-CAPACITY-PASS :SEMISPACE :SCALAR granularity=16
REPRESENTATION-CAPACITY-PASS :MARKSWEEP :PACKED granularity=8
REPRESENTATION-CAPACITY-PASS :MARKSWEEP :PACKED granularity=16
REPRESENTATION-CAPACITY-PASS :MARKSWEEP :SCALAR granularity=8
REPRESENTATION-CAPACITY-PASS :MARKSWEEP :SCALAR granularity=16
REPRESENTATION-CAPACITY-TESTS-PASS rejections=24 survivor-histories=16
ROW :BEGIN ((:BOUNDARY :SEMISPACE :PACKED :GRANULARITY 16 :C 64 :H 0))
ROW :ATOMIC-CODE-REJECTION (:CODE 536870913 :CONDITION
                            "Reference encoding code-row capacity exhausted")
ROW :CYCLE (:CASE (:BOUNDARY :SEMISPACE :PACKED :GRANULARITY 16 :C 64 :H 0)
            :ROUND 0 :STATUS :COMPLETE :REASON :COMPLETE :PHASE :RELEASE :MOVED
            2 :DISCOVERED 2)
ROW :CYCLE (:CASE (:BOUNDARY :SEMISPACE :PACKED :GRANULARITY 16 :C 64 :H 0)
            :ROUND 1 :STATUS :COMPLETE :REASON :COMPLETE :PHASE :RELEASE :MOVED
            2 :DISCOVERED 2)
ROW :CYCLE (:CASE (:BOUNDARY :SEMISPACE :PACKED :GRANULARITY 16 :C 64 :H 0)
            :ROUND 2 :STATUS :COMPLETE :REASON :COMPLETE :PHASE :RELEASE :MOVED
            2 :DISCOVERED 2)
ROW :PASS ((:BOUNDARY :SEMISPACE :PACKED :GRANULARITY 16 :C 64 :H 0))
ROW :BEGIN ((:BOUNDARY :SEMISPACE :PACKED :GRANULARITY 16 :C 64 :H 1))
ROW :BUILDER-RELEASED (:ACQUIRED 11 :RELEASED 12)
ROW :PASS ((:BOUNDARY :SEMISPACE :PACKED :GRANULARITY 16 :C 64 :H 1))
ROW :BEGIN ((:BOUNDARY :SEMISPACE :PACKED :GRANULARITY 16 :C 64 :H 63))
ROW :BUILDER-RELEASED (:ACQUIRED 11 :RELEASED 12)
ROW :PASS ((:BOUNDARY :SEMISPACE :PACKED :GRANULARITY 16 :C 64 :H 63))
ROW :BEGIN ((:BOUNDARY :SEMISPACE :PACKED :GRANULARITY 16 :C 64 :H 64))
ROW :ATOMIC-CODE-REJECTION (:CODE 268435464 :CONDITION
                            "Reference encoding code-row capacity exhausted")
ROW :CYCLE (:CASE (:BOUNDARY :SEMISPACE :PACKED :GRANULARITY 16 :C 64 :H 64)
            :ROUND 0 :STATUS :COMPLETE :REASON :COMPLETE :PHASE :RELEASE :MOVED
            2 :DISCOVERED 2)
ROW :CYCLE (:CASE (:BOUNDARY :SEMISPACE :PACKED :GRANULARITY 16 :C 64 :H 64)
            :ROUND 1 :STATUS :COMPLETE :REASON :COMPLETE :PHASE :RELEASE :MOVED
            2 :DISCOVERED 2)
ROW :CYCLE (:CASE (:BOUNDARY :SEMISPACE :PACKED :GRANULARITY 16 :C 64 :H 64)
            :ROUND 2 :STATUS :COMPLETE :REASON :COMPLETE :PHASE :RELEASE :MOVED
            2 :DISCOVERED 2)
ROW :PASS ((:BOUNDARY :SEMISPACE :PACKED :GRANULARITY 16 :C 64 :H 64))
ROW :BEGIN ((:BOUNDARY :SEMISPACE :PACKED :GRANULARITY 16 :C 64 :H 127))
ROW :ATOMIC-CODE-REJECTION (:CODE 268435464 :CONDITION
                            "Reference encoding code-row capacity exhausted")
ROW :CYCLE (:CASE (:BOUNDARY :SEMISPACE :PACKED :GRANULARITY 16 :C 64 :H 127)
            :ROUND 0 :STATUS :COMPLETE :REASON :COMPLETE :PHASE :RELEASE :MOVED
            2 :DISCOVERED 2)
ROW :CYCLE (:CASE (:BOUNDARY :SEMISPACE :PACKED :GRANULARITY 16 :C 64 :H 127)
            :ROUND 1 :STATUS :COMPLETE :REASON :COMPLETE :PHASE :RELEASE :MOVED
            2 :DISCOVERED 2)
ROW :CYCLE (:CASE (:BOUNDARY :SEMISPACE :PACKED :GRANULARITY 16 :C 64 :H 127)
            :ROUND 2 :STATUS :COMPLETE :REASON :COMPLETE :PHASE :RELEASE :MOVED
            2 :DISCOVERED 2)
ROW :PASS ((:BOUNDARY :SEMISPACE :PACKED :GRANULARITY 16 :C 64 :H 127))
ROW :BEGIN ((:BOUNDARY :SEMISPACE :PACKED :GRANULARITY 16 :C 64 :H 128))
ROW :ATOMIC-CODE-REJECTION (:CODE 536870914 :CONDITION
                            "Reference encoding code-row capacity exhausted")
ROW :CYCLE (:CASE (:BOUNDARY :SEMISPACE :PACKED :GRANULARITY 16 :C 64 :H 128)
            :ROUND 0 :STATUS :COMPLETE :REASON :COMPLETE :PHASE :RELEASE :MOVED
            2 :DISCOVERED 2)
ROW :CYCLE (:CASE (:BOUNDARY :SEMISPACE :PACKED :GRANULARITY 16 :C 64 :H 128)
            :ROUND 1 :STATUS :COMPLETE :REASON :COMPLETE :PHASE :RELEASE :MOVED
            2 :DISCOVERED 2)
ROW :CYCLE (:CASE (:BOUNDARY :SEMISPACE :PACKED :GRANULARITY 16 :C 64 :H 128)
            :ROUND 2 :STATUS :COMPLETE :REASON :COMPLETE :PHASE :RELEASE :MOVED
            2 :DISCOVERED 2)
ROW :PASS ((:BOUNDARY :SEMISPACE :PACKED :GRANULARITY 16 :C 64 :H 128))
ROW :BEGIN ((:BOUNDARY :SEMISPACE :PACKED :GRANULARITY 16 :C 64 :H 131))
ROW :ATOMIC-CODE-REJECTION (:CODE 536870914 :CONDITION
                            "Reference encoding code-row capacity exhausted")
ROW :CYCLE (:CASE (:BOUNDARY :SEMISPACE :PACKED :GRANULARITY 16 :C 64 :H 131)
            :ROUND 0 :STATUS :COMPLETE :REASON :COMPLETE :PHASE :RELEASE :MOVED
            2 :DISCOVERED 2)
ROW :CYCLE (:CASE (:BOUNDARY :SEMISPACE :PACKED :GRANULARITY 16 :C 64 :H 131)
            :ROUND 1 :STATUS :COMPLETE :REASON :COMPLETE :PHASE :RELEASE :MOVED
            2 :DISCOVERED 2)
ROW :CYCLE (:CASE (:BOUNDARY :SEMISPACE :PACKED :GRANULARITY 16 :C 64 :H 131)
            :ROUND 2 :STATUS :COMPLETE :REASON :COMPLETE :PHASE :RELEASE :MOVED
            2 :DISCOVERED 2)
ROW :PASS ((:BOUNDARY :SEMISPACE :PACKED :GRANULARITY 16 :C 64 :H 131))
ROW :BEGIN ((:HISTORY :SEMISPACE :PACKED 16 536870913))
ROW :CYCLE (:CASE (:HISTORY :SEMISPACE :PACKED 16 536870913) :ROUND 0 :STATUS
            :COMPLETE :REASON :COMPLETE :PHASE :RELEASE :MOVED 2 :DISCOVERED 2)
ROW :CYCLE (:CASE (:HISTORY :SEMISPACE :PACKED 16 536870913) :ROUND 1 :STATUS
            :COMPLETE :REASON :COMPLETE :PHASE :RELEASE :MOVED 2 :DISCOVERED 2)
ROW :CYCLE (:CASE (:HISTORY :SEMISPACE :PACKED 16 536870913) :ROUND 2 :STATUS
            :COMPLETE :REASON :COMPLETE :PHASE :RELEASE :MOVED 2 :DISCOVERED 2)
ROW :PASS ((:HISTORY :SEMISPACE :PACKED 16 536870913))
ROW :BEGIN ((:HISTORY :SEMISPACE :PACKED 16 268435464))
ROW :CYCLE (:CASE (:HISTORY :SEMISPACE :PACKED 16 268435464) :ROUND 0 :STATUS
            :COMPLETE :REASON :COMPLETE :PHASE :RELEASE :MOVED 2 :DISCOVERED 2)
ROW :CYCLE (:CASE (:HISTORY :SEMISPACE :PACKED 16 268435464) :ROUND 1 :STATUS
            :COMPLETE :REASON :COMPLETE :PHASE :RELEASE :MOVED 2 :DISCOVERED 2)
ROW :CYCLE (:CASE (:HISTORY :SEMISPACE :PACKED 16 268435464) :ROUND 2 :STATUS
            :COMPLETE :REASON :COMPLETE :PHASE :RELEASE :MOVED 2 :DISCOVERED 2)
ROW :PASS ((:HISTORY :SEMISPACE :PACKED 16 268435464))
ROW :BEGIN ((:ALL-CELLS :SEMISPACE :PACKED 16))
ROW :ALL-DESCRIPTOR-CELLS (:CELLS 64 :PASSES 2 :GRANULARITIES (16 16))
ROW :PASS ((:ALL-CELLS :SEMISPACE :PACKED 16))
ROW :BEGIN ((:FUTURE-LARGE :SEMISPACE :PACKED 16))
ROW :ATOMIC-CODE-REJECTION (:CODE 536870913 :CONDITION
                            "Reference encoding code-row capacity exhausted")
ROW :PASS ((:FUTURE-LARGE :SEMISPACE :PACKED 16))
ROW :BEGIN ((:STAGED :SEMISPACE :PACKED 16))
ROW :CYCLE (:CASE (:STAGED :SEMISPACE :PACKED 16) :ROUND 0 :STATUS :COMPLETE
            :REASON :COMPLETE :PHASE :RELEASE :MOVED 2 :DISCOVERED 2)
ROW :CYCLE (:CASE (:STAGED :SEMISPACE :PACKED 16) :ROUND 1 :STATUS :COMPLETE
            :REASON :COMPLETE :PHASE :RELEASE :MOVED 2 :DISCOVERED 2)
ROW :CYCLE (:CASE (:STAGED :SEMISPACE :PACKED 16) :ROUND 2 :STATUS :COMPLETE
            :REASON :COMPLETE :PHASE :RELEASE :MOVED 2 :DISCOVERED 2)
ROW :PASS ((:STAGED :SEMISPACE :PACKED 16))
ROW :BEGIN ((:BOUNDARY :SEMISPACE :PACKED :GRANULARITY 8 :C 128 :H 0))
ROW :ATOMIC-CODE-REJECTION (:CODE 536870913 :CONDITION
                            "Reference encoding code-row capacity exhausted")
ROW :CYCLE (:CASE (:BOUNDARY :SEMISPACE :PACKED :GRANULARITY 8 :C 128 :H 0)
            :ROUND 0 :STATUS :COMPLETE :REASON :COMPLETE :PHASE :RELEASE :MOVED
            2 :DISCOVERED 2)
ROW :CYCLE (:CASE (:BOUNDARY :SEMISPACE :PACKED :GRANULARITY 8 :C 128 :H 0)
            :ROUND 1 :STATUS :COMPLETE :REASON :COMPLETE :PHASE :RELEASE :MOVED
            2 :DISCOVERED 2)
ROW :CYCLE (:CASE (:BOUNDARY :SEMISPACE :PACKED :GRANULARITY 8 :C 128 :H 0)
            :ROUND 2 :STATUS :COMPLETE :REASON :COMPLETE :PHASE :RELEASE :MOVED
            2 :DISCOVERED 2)
ROW :PASS ((:BOUNDARY :SEMISPACE :PACKED :GRANULARITY 8 :C 128 :H 0))
ROW :BEGIN ((:BOUNDARY :SEMISPACE :PACKED :GRANULARITY 8 :C 128 :H 1))
ROW :BUILDER-RELEASED (:ACQUIRED 11 :RELEASED 12)
ROW :PASS ((:BOUNDARY :SEMISPACE :PACKED :GRANULARITY 8 :C 128 :H 1))
ROW :BEGIN ((:BOUNDARY :SEMISPACE :PACKED :GRANULARITY 8 :C 128 :H 127))
ROW :BUILDER-RELEASED (:ACQUIRED 11 :RELEASED 12)
ROW :PASS ((:BOUNDARY :SEMISPACE :PACKED :GRANULARITY 8 :C 128 :H 127))
ROW :BEGIN ((:BOUNDARY :SEMISPACE :PACKED :GRANULARITY 8 :C 128 :H 128))
ROW :ATOMIC-CODE-REJECTION (:CODE 268435464 :CONDITION
                            "Reference encoding code-row capacity exhausted")
ROW :CYCLE (:CASE (:BOUNDARY :SEMISPACE :PACKED :GRANULARITY 8 :C 128 :H 128)
            :ROUND 0 :STATUS :COMPLETE :REASON :COMPLETE :PHASE :RELEASE :MOVED
            2 :DISCOVERED 2)
ROW :CYCLE (:CASE (:BOUNDARY :SEMISPACE :PACKED :GRANULARITY 8 :C 128 :H 128)
            :ROUND 1 :STATUS :COMPLETE :REASON :COMPLETE :PHASE :RELEASE :MOVED
            2 :DISCOVERED 2)
ROW :CYCLE (:CASE (:BOUNDARY :SEMISPACE :PACKED :GRANULARITY 8 :C 128 :H 128)
            :ROUND 2 :STATUS :COMPLETE :REASON :COMPLETE :PHASE :RELEASE :MOVED
            2 :DISCOVERED 2)
ROW :PASS ((:BOUNDARY :SEMISPACE :PACKED :GRANULARITY 8 :C 128 :H 128))
ROW :BEGIN ((:BOUNDARY :SEMISPACE :PACKED :GRANULARITY 8 :C 128 :H 255))
ROW :ATOMIC-CODE-REJECTION (:CODE 268435464 :CONDITION
                            "Reference encoding code-row capacity exhausted")
ROW :CYCLE (:CASE (:BOUNDARY :SEMISPACE :PACKED :GRANULARITY 8 :C 128 :H 255)
            :ROUND 0 :STATUS :COMPLETE :REASON :COMPLETE :PHASE :RELEASE :MOVED
            2 :DISCOVERED 2)
ROW :CYCLE (:CASE (:BOUNDARY :SEMISPACE :PACKED :GRANULARITY 8 :C 128 :H 255)
            :ROUND 1 :STATUS :COMPLETE :REASON :COMPLETE :PHASE :RELEASE :MOVED
            2 :DISCOVERED 2)
ROW :CYCLE (:CASE (:BOUNDARY :SEMISPACE :PACKED :GRANULARITY 8 :C 128 :H 255)
            :ROUND 2 :STATUS :COMPLETE :REASON :COMPLETE :PHASE :RELEASE :MOVED
            2 :DISCOVERED 2)
ROW :PASS ((:BOUNDARY :SEMISPACE :PACKED :GRANULARITY 8 :C 128 :H 255))
ROW :BEGIN ((:BOUNDARY :SEMISPACE :PACKED :GRANULARITY 8 :C 128 :H 256))
ROW :ATOMIC-CODE-REJECTION (:CODE 536870914 :CONDITION
                            "Reference encoding code-row capacity exhausted")
ROW :CYCLE (:CASE (:BOUNDARY :SEMISPACE :PACKED :GRANULARITY 8 :C 128 :H 256)
            :ROUND 0 :STATUS :COMPLETE :REASON :COMPLETE :PHASE :RELEASE :MOVED
            2 :DISCOVERED 2)
ROW :CYCLE (:CASE (:BOUNDARY :SEMISPACE :PACKED :GRANULARITY 8 :C 128 :H 256)
            :ROUND 1 :STATUS :COMPLETE :REASON :COMPLETE :PHASE :RELEASE :MOVED
            2 :DISCOVERED 2)
ROW :CYCLE (:CASE (:BOUNDARY :SEMISPACE :PACKED :GRANULARITY 8 :C 128 :H 256)
            :ROUND 2 :STATUS :COMPLETE :REASON :COMPLETE :PHASE :RELEASE :MOVED
            2 :DISCOVERED 2)
ROW :PASS ((:BOUNDARY :SEMISPACE :PACKED :GRANULARITY 8 :C 128 :H 256))
ROW :BEGIN ((:BOUNDARY :SEMISPACE :PACKED :GRANULARITY 8 :C 128 :H 259))
ROW :ATOMIC-CODE-REJECTION (:CODE 536870914 :CONDITION
                            "Reference encoding code-row capacity exhausted")
ROW :CYCLE (:CASE (:BOUNDARY :SEMISPACE :PACKED :GRANULARITY 8 :C 128 :H 259)
            :ROUND 0 :STATUS :COMPLETE :REASON :COMPLETE :PHASE :RELEASE :MOVED
            2 :DISCOVERED 2)
ROW :CYCLE (:CASE (:BOUNDARY :SEMISPACE :PACKED :GRANULARITY 8 :C 128 :H 259)
            :ROUND 1 :STATUS :COMPLETE :REASON :COMPLETE :PHASE :RELEASE :MOVED
            2 :DISCOVERED 2)
ROW :CYCLE (:CASE (:BOUNDARY :SEMISPACE :PACKED :GRANULARITY 8 :C 128 :H 259)
            :ROUND 2 :STATUS :COMPLETE :REASON :COMPLETE :PHASE :RELEASE :MOVED
            2 :DISCOVERED 2)
ROW :PASS ((:BOUNDARY :SEMISPACE :PACKED :GRANULARITY 8 :C 128 :H 259))
ROW :BEGIN ((:HISTORY :SEMISPACE :PACKED 8 536870913))
ROW :CYCLE (:CASE (:HISTORY :SEMISPACE :PACKED 8 536870913) :ROUND 0 :STATUS
            :COMPLETE :REASON :COMPLETE :PHASE :RELEASE :MOVED 2 :DISCOVERED 2)
ROW :CYCLE (:CASE (:HISTORY :SEMISPACE :PACKED 8 536870913) :ROUND 1 :STATUS
            :COMPLETE :REASON :COMPLETE :PHASE :RELEASE :MOVED 2 :DISCOVERED 2)
ROW :CYCLE (:CASE (:HISTORY :SEMISPACE :PACKED 8 536870913) :ROUND 2 :STATUS
            :COMPLETE :REASON :COMPLETE :PHASE :RELEASE :MOVED 2 :DISCOVERED 2)
ROW :PASS ((:HISTORY :SEMISPACE :PACKED 8 536870913))
ROW :BEGIN ((:HISTORY :SEMISPACE :PACKED 8 268435464))
ROW :CYCLE (:CASE (:HISTORY :SEMISPACE :PACKED 8 268435464) :ROUND 0 :STATUS
            :COMPLETE :REASON :COMPLETE :PHASE :RELEASE :MOVED 2 :DISCOVERED 2)
ROW :CYCLE (:CASE (:HISTORY :SEMISPACE :PACKED 8 268435464) :ROUND 1 :STATUS
            :COMPLETE :REASON :COMPLETE :PHASE :RELEASE :MOVED 2 :DISCOVERED 2)
ROW :CYCLE (:CASE (:HISTORY :SEMISPACE :PACKED 8 268435464) :ROUND 2 :STATUS
            :COMPLETE :REASON :COMPLETE :PHASE :RELEASE :MOVED 2 :DISCOVERED 2)
ROW :PASS ((:HISTORY :SEMISPACE :PACKED 8 268435464))
ROW :BEGIN ((:ALL-CELLS :SEMISPACE :PACKED 8))
ROW :ALL-DESCRIPTOR-CELLS (:CELLS 128 :PASSES 2 :GRANULARITIES (8 8))
ROW :PASS ((:ALL-CELLS :SEMISPACE :PACKED 8))
ROW :BEGIN ((:FUTURE-LARGE :SEMISPACE :PACKED 8))
ROW :ATOMIC-CODE-REJECTION (:CODE 536870913 :CONDITION
                            "Reference encoding code-row capacity exhausted")
ROW :PASS ((:FUTURE-LARGE :SEMISPACE :PACKED 8))
ROW :BEGIN ((:STAGED :SEMISPACE :PACKED 8))
ROW :CYCLE (:CASE (:STAGED :SEMISPACE :PACKED 8) :ROUND 0 :STATUS :COMPLETE
            :REASON :COMPLETE :PHASE :RELEASE :MOVED 2 :DISCOVERED 2)
ROW :CYCLE (:CASE (:STAGED :SEMISPACE :PACKED 8) :ROUND 1 :STATUS :COMPLETE
            :REASON :COMPLETE :PHASE :RELEASE :MOVED 2 :DISCOVERED 2)
ROW :CYCLE (:CASE (:STAGED :SEMISPACE :PACKED 8) :ROUND 2 :STATUS :COMPLETE
            :REASON :COMPLETE :PHASE :RELEASE :MOVED 2 :DISCOVERED 2)
ROW :PASS ((:STAGED :SEMISPACE :PACKED 8))
ROW :BEGIN ((:OBSERVER-CONTROL :SEMISPACE :PACKED))
ROW :BUILDER-RELEASED (:ACQUIRED 11 :RELEASED 12)
ROW :PASS ((:OBSERVER-CONTROL :SEMISPACE :PACKED))
ROW :BEGIN ((:BOUNDARY :SEMISPACE :SCALAR :GRANULARITY 16 :C 64 :H 0))
ROW :ATOMIC-CODE-REJECTION (:CODE 536870913 :CONDITION
                            "Reference encoding code-row capacity exhausted")
ROW :CYCLE (:CASE (:BOUNDARY :SEMISPACE :SCALAR :GRANULARITY 16 :C 64 :H 0)
            :ROUND 0 :STATUS :COMPLETE :REASON :COMPLETE :PHASE :RELEASE :MOVED
            2 :DISCOVERED 2)
ROW :CYCLE (:CASE (:BOUNDARY :SEMISPACE :SCALAR :GRANULARITY 16 :C 64 :H 0)
            :ROUND 1 :STATUS :COMPLETE :REASON :COMPLETE :PHASE :RELEASE :MOVED
            2 :DISCOVERED 2)
ROW :CYCLE (:CASE (:BOUNDARY :SEMISPACE :SCALAR :GRANULARITY 16 :C 64 :H 0)
            :ROUND 2 :STATUS :COMPLETE :REASON :COMPLETE :PHASE :RELEASE :MOVED
            2 :DISCOVERED 2)
ROW :PASS ((:BOUNDARY :SEMISPACE :SCALAR :GRANULARITY 16 :C 64 :H 0))
ROW :BEGIN ((:BOUNDARY :SEMISPACE :SCALAR :GRANULARITY 16 :C 64 :H 1))
ROW :BUILDER-RELEASED (:ACQUIRED 11 :RELEASED 12)
ROW :PASS ((:BOUNDARY :SEMISPACE :SCALAR :GRANULARITY 16 :C 64 :H 1))
ROW :BEGIN ((:BOUNDARY :SEMISPACE :SCALAR :GRANULARITY 16 :C 64 :H 63))
ROW :BUILDER-RELEASED (:ACQUIRED 11 :RELEASED 12)
ROW :PASS ((:BOUNDARY :SEMISPACE :SCALAR :GRANULARITY 16 :C 64 :H 63))
ROW :BEGIN ((:BOUNDARY :SEMISPACE :SCALAR :GRANULARITY 16 :C 64 :H 64))
ROW :ATOMIC-CODE-REJECTION (:CODE 268435464 :CONDITION
                            "Reference encoding code-row capacity exhausted")
ROW :CYCLE (:CASE (:BOUNDARY :SEMISPACE :SCALAR :GRANULARITY 16 :C 64 :H 64)
            :ROUND 0 :STATUS :COMPLETE :REASON :COMPLETE :PHASE :RELEASE :MOVED
            2 :DISCOVERED 2)
ROW :CYCLE (:CASE (:BOUNDARY :SEMISPACE :SCALAR :GRANULARITY 16 :C 64 :H 64)
            :ROUND 1 :STATUS :COMPLETE :REASON :COMPLETE :PHASE :RELEASE :MOVED
            2 :DISCOVERED 2)
ROW :CYCLE (:CASE (:BOUNDARY :SEMISPACE :SCALAR :GRANULARITY 16 :C 64 :H 64)
            :ROUND 2 :STATUS :COMPLETE :REASON :COMPLETE :PHASE :RELEASE :MOVED
            2 :DISCOVERED 2)
ROW :PASS ((:BOUNDARY :SEMISPACE :SCALAR :GRANULARITY 16 :C 64 :H 64))
ROW :BEGIN ((:BOUNDARY :SEMISPACE :SCALAR :GRANULARITY 16 :C 64 :H 127))
ROW :ATOMIC-CODE-REJECTION (:CODE 268435464 :CONDITION
                            "Reference encoding code-row capacity exhausted")
ROW :CYCLE (:CASE (:BOUNDARY :SEMISPACE :SCALAR :GRANULARITY 16 :C 64 :H 127)
            :ROUND 0 :STATUS :COMPLETE :REASON :COMPLETE :PHASE :RELEASE :MOVED
            2 :DISCOVERED 2)
ROW :CYCLE (:CASE (:BOUNDARY :SEMISPACE :SCALAR :GRANULARITY 16 :C 64 :H 127)
            :ROUND 1 :STATUS :COMPLETE :REASON :COMPLETE :PHASE :RELEASE :MOVED
            2 :DISCOVERED 2)
ROW :CYCLE (:CASE (:BOUNDARY :SEMISPACE :SCALAR :GRANULARITY 16 :C 64 :H 127)
            :ROUND 2 :STATUS :COMPLETE :REASON :COMPLETE :PHASE :RELEASE :MOVED
            2 :DISCOVERED 2)
ROW :PASS ((:BOUNDARY :SEMISPACE :SCALAR :GRANULARITY 16 :C 64 :H 127))
ROW :BEGIN ((:BOUNDARY :SEMISPACE :SCALAR :GRANULARITY 16 :C 64 :H 128))
ROW :ATOMIC-CODE-REJECTION (:CODE 536870914 :CONDITION
                            "Reference encoding code-row capacity exhausted")
ROW :CYCLE (:CASE (:BOUNDARY :SEMISPACE :SCALAR :GRANULARITY 16 :C 64 :H 128)
            :ROUND 0 :STATUS :COMPLETE :REASON :COMPLETE :PHASE :RELEASE :MOVED
            2 :DISCOVERED 2)
ROW :CYCLE (:CASE (:BOUNDARY :SEMISPACE :SCALAR :GRANULARITY 16 :C 64 :H 128)
            :ROUND 1 :STATUS :COMPLETE :REASON :COMPLETE :PHASE :RELEASE :MOVED
            2 :DISCOVERED 2)
ROW :CYCLE (:CASE (:BOUNDARY :SEMISPACE :SCALAR :GRANULARITY 16 :C 64 :H 128)
            :ROUND 2 :STATUS :COMPLETE :REASON :COMPLETE :PHASE :RELEASE :MOVED
            2 :DISCOVERED 2)
ROW :PASS ((:BOUNDARY :SEMISPACE :SCALAR :GRANULARITY 16 :C 64 :H 128))
ROW :BEGIN ((:BOUNDARY :SEMISPACE :SCALAR :GRANULARITY 16 :C 64 :H 131))
ROW :ATOMIC-CODE-REJECTION (:CODE 536870914 :CONDITION
                            "Reference encoding code-row capacity exhausted")
ROW :CYCLE (:CASE (:BOUNDARY :SEMISPACE :SCALAR :GRANULARITY 16 :C 64 :H 131)
            :ROUND 0 :STATUS :COMPLETE :REASON :COMPLETE :PHASE :RELEASE :MOVED
            2 :DISCOVERED 2)
ROW :CYCLE (:CASE (:BOUNDARY :SEMISPACE :SCALAR :GRANULARITY 16 :C 64 :H 131)
            :ROUND 1 :STATUS :COMPLETE :REASON :COMPLETE :PHASE :RELEASE :MOVED
            2 :DISCOVERED 2)
ROW :CYCLE (:CASE (:BOUNDARY :SEMISPACE :SCALAR :GRANULARITY 16 :C 64 :H 131)
            :ROUND 2 :STATUS :COMPLETE :REASON :COMPLETE :PHASE :RELEASE :MOVED
            2 :DISCOVERED 2)
ROW :PASS ((:BOUNDARY :SEMISPACE :SCALAR :GRANULARITY 16 :C 64 :H 131))
ROW :BEGIN ((:HISTORY :SEMISPACE :SCALAR 16 536870913))
ROW :CYCLE (:CASE (:HISTORY :SEMISPACE :SCALAR 16 536870913) :ROUND 0 :STATUS
            :COMPLETE :REASON :COMPLETE :PHASE :RELEASE :MOVED 2 :DISCOVERED 2)
ROW :CYCLE (:CASE (:HISTORY :SEMISPACE :SCALAR 16 536870913) :ROUND 1 :STATUS
            :COMPLETE :REASON :COMPLETE :PHASE :RELEASE :MOVED 2 :DISCOVERED 2)
ROW :CYCLE (:CASE (:HISTORY :SEMISPACE :SCALAR 16 536870913) :ROUND 2 :STATUS
            :COMPLETE :REASON :COMPLETE :PHASE :RELEASE :MOVED 2 :DISCOVERED 2)
ROW :PASS ((:HISTORY :SEMISPACE :SCALAR 16 536870913))
ROW :BEGIN ((:HISTORY :SEMISPACE :SCALAR 16 268435464))
ROW :CYCLE (:CASE (:HISTORY :SEMISPACE :SCALAR 16 268435464) :ROUND 0 :STATUS
            :COMPLETE :REASON :COMPLETE :PHASE :RELEASE :MOVED 2 :DISCOVERED 2)
ROW :CYCLE (:CASE (:HISTORY :SEMISPACE :SCALAR 16 268435464) :ROUND 1 :STATUS
            :COMPLETE :REASON :COMPLETE :PHASE :RELEASE :MOVED 2 :DISCOVERED 2)
ROW :CYCLE (:CASE (:HISTORY :SEMISPACE :SCALAR 16 268435464) :ROUND 2 :STATUS
            :COMPLETE :REASON :COMPLETE :PHASE :RELEASE :MOVED 2 :DISCOVERED 2)
ROW :PASS ((:HISTORY :SEMISPACE :SCALAR 16 268435464))
ROW :BEGIN ((:ALL-CELLS :SEMISPACE :SCALAR 16))
ROW :ALL-DESCRIPTOR-CELLS (:CELLS 64 :PASSES 2 :GRANULARITIES (16 16))
ROW :PASS ((:ALL-CELLS :SEMISPACE :SCALAR 16))
ROW :BEGIN ((:FUTURE-LARGE :SEMISPACE :SCALAR 16))
ROW :ATOMIC-CODE-REJECTION (:CODE 536870913 :CONDITION
                            "Reference encoding code-row capacity exhausted")
ROW :PASS ((:FUTURE-LARGE :SEMISPACE :SCALAR 16))
ROW :BEGIN ((:STAGED :SEMISPACE :SCALAR 16))
ROW :CYCLE (:CASE (:STAGED :SEMISPACE :SCALAR 16) :ROUND 0 :STATUS :COMPLETE
            :REASON :COMPLETE :PHASE :RELEASE :MOVED 2 :DISCOVERED 2)
ROW :CYCLE (:CASE (:STAGED :SEMISPACE :SCALAR 16) :ROUND 1 :STATUS :COMPLETE
            :REASON :COMPLETE :PHASE :RELEASE :MOVED 2 :DISCOVERED 2)
ROW :CYCLE (:CASE (:STAGED :SEMISPACE :SCALAR 16) :ROUND 2 :STATUS :COMPLETE
            :REASON :COMPLETE :PHASE :RELEASE :MOVED 2 :DISCOVERED 2)
ROW :PASS ((:STAGED :SEMISPACE :SCALAR 16))
ROW :BEGIN ((:BOUNDARY :SEMISPACE :SCALAR :GRANULARITY 8 :C 128 :H 0))
ROW :ATOMIC-CODE-REJECTION (:CODE 536870913 :CONDITION
                            "Reference encoding code-row capacity exhausted")
ROW :CYCLE (:CASE (:BOUNDARY :SEMISPACE :SCALAR :GRANULARITY 8 :C 128 :H 0)
            :ROUND 0 :STATUS :COMPLETE :REASON :COMPLETE :PHASE :RELEASE :MOVED
            2 :DISCOVERED 2)
ROW :CYCLE (:CASE (:BOUNDARY :SEMISPACE :SCALAR :GRANULARITY 8 :C 128 :H 0)
            :ROUND 1 :STATUS :COMPLETE :REASON :COMPLETE :PHASE :RELEASE :MOVED
            2 :DISCOVERED 2)
ROW :CYCLE (:CASE (:BOUNDARY :SEMISPACE :SCALAR :GRANULARITY 8 :C 128 :H 0)
            :ROUND 2 :STATUS :COMPLETE :REASON :COMPLETE :PHASE :RELEASE :MOVED
            2 :DISCOVERED 2)
ROW :PASS ((:BOUNDARY :SEMISPACE :SCALAR :GRANULARITY 8 :C 128 :H 0))
ROW :BEGIN ((:BOUNDARY :SEMISPACE :SCALAR :GRANULARITY 8 :C 128 :H 1))
ROW :BUILDER-RELEASED (:ACQUIRED 11 :RELEASED 12)
ROW :PASS ((:BOUNDARY :SEMISPACE :SCALAR :GRANULARITY 8 :C 128 :H 1))
ROW :BEGIN ((:BOUNDARY :SEMISPACE :SCALAR :GRANULARITY 8 :C 128 :H 127))
ROW :BUILDER-RELEASED (:ACQUIRED 11 :RELEASED 12)
ROW :PASS ((:BOUNDARY :SEMISPACE :SCALAR :GRANULARITY 8 :C 128 :H 127))
ROW :BEGIN ((:BOUNDARY :SEMISPACE :SCALAR :GRANULARITY 8 :C 128 :H 128))
ROW :ATOMIC-CODE-REJECTION (:CODE 268435464 :CONDITION
                            "Reference encoding code-row capacity exhausted")
ROW :CYCLE (:CASE (:BOUNDARY :SEMISPACE :SCALAR :GRANULARITY 8 :C 128 :H 128)
            :ROUND 0 :STATUS :COMPLETE :REASON :COMPLETE :PHASE :RELEASE :MOVED
            2 :DISCOVERED 2)
ROW :CYCLE (:CASE (:BOUNDARY :SEMISPACE :SCALAR :GRANULARITY 8 :C 128 :H 128)
            :ROUND 1 :STATUS :COMPLETE :REASON :COMPLETE :PHASE :RELEASE :MOVED
            2 :DISCOVERED 2)
ROW :CYCLE (:CASE (:BOUNDARY :SEMISPACE :SCALAR :GRANULARITY 8 :C 128 :H 128)
            :ROUND 2 :STATUS :COMPLETE :REASON :COMPLETE :PHASE :RELEASE :MOVED
            2 :DISCOVERED 2)
ROW :PASS ((:BOUNDARY :SEMISPACE :SCALAR :GRANULARITY 8 :C 128 :H 128))
ROW :BEGIN ((:BOUNDARY :SEMISPACE :SCALAR :GRANULARITY 8 :C 128 :H 255))
ROW :ATOMIC-CODE-REJECTION (:CODE 268435464 :CONDITION
                            "Reference encoding code-row capacity exhausted")
ROW :CYCLE (:CASE (:BOUNDARY :SEMISPACE :SCALAR :GRANULARITY 8 :C 128 :H 255)
            :ROUND 0 :STATUS :COMPLETE :REASON :COMPLETE :PHASE :RELEASE :MOVED
            2 :DISCOVERED 2)
ROW :CYCLE (:CASE (:BOUNDARY :SEMISPACE :SCALAR :GRANULARITY 8 :C 128 :H 255)
            :ROUND 1 :STATUS :COMPLETE :REASON :COMPLETE :PHASE :RELEASE :MOVED
            2 :DISCOVERED 2)
ROW :CYCLE (:CASE (:BOUNDARY :SEMISPACE :SCALAR :GRANULARITY 8 :C 128 :H 255)
            :ROUND 2 :STATUS :COMPLETE :REASON :COMPLETE :PHASE :RELEASE :MOVED
            2 :DISCOVERED 2)
ROW :PASS ((:BOUNDARY :SEMISPACE :SCALAR :GRANULARITY 8 :C 128 :H 255))
ROW :BEGIN ((:BOUNDARY :SEMISPACE :SCALAR :GRANULARITY 8 :C 128 :H 256))
ROW :ATOMIC-CODE-REJECTION (:CODE 536870914 :CONDITION
                            "Reference encoding code-row capacity exhausted")
ROW :CYCLE (:CASE (:BOUNDARY :SEMISPACE :SCALAR :GRANULARITY 8 :C 128 :H 256)
            :ROUND 0 :STATUS :COMPLETE :REASON :COMPLETE :PHASE :RELEASE :MOVED
            2 :DISCOVERED 2)
ROW :CYCLE (:CASE (:BOUNDARY :SEMISPACE :SCALAR :GRANULARITY 8 :C 128 :H 256)
            :ROUND 1 :STATUS :COMPLETE :REASON :COMPLETE :PHASE :RELEASE :MOVED
            2 :DISCOVERED 2)
ROW :CYCLE (:CASE (:BOUNDARY :SEMISPACE :SCALAR :GRANULARITY 8 :C 128 :H 256)
            :ROUND 2 :STATUS :COMPLETE :REASON :COMPLETE :PHASE :RELEASE :MOVED
            2 :DISCOVERED 2)
ROW :PASS ((:BOUNDARY :SEMISPACE :SCALAR :GRANULARITY 8 :C 128 :H 256))
ROW :BEGIN ((:BOUNDARY :SEMISPACE :SCALAR :GRANULARITY 8 :C 128 :H 259))
ROW :ATOMIC-CODE-REJECTION (:CODE 536870914 :CONDITION
                            "Reference encoding code-row capacity exhausted")
ROW :CYCLE (:CASE (:BOUNDARY :SEMISPACE :SCALAR :GRANULARITY 8 :C 128 :H 259)
            :ROUND 0 :STATUS :COMPLETE :REASON :COMPLETE :PHASE :RELEASE :MOVED
            2 :DISCOVERED 2)
ROW :CYCLE (:CASE (:BOUNDARY :SEMISPACE :SCALAR :GRANULARITY 8 :C 128 :H 259)
            :ROUND 1 :STATUS :COMPLETE :REASON :COMPLETE :PHASE :RELEASE :MOVED
            2 :DISCOVERED 2)
ROW :CYCLE (:CASE (:BOUNDARY :SEMISPACE :SCALAR :GRANULARITY 8 :C 128 :H 259)
            :ROUND 2 :STATUS :COMPLETE :REASON :COMPLETE :PHASE :RELEASE :MOVED
            2 :DISCOVERED 2)
ROW :PASS ((:BOUNDARY :SEMISPACE :SCALAR :GRANULARITY 8 :C 128 :H 259))
ROW :BEGIN ((:HISTORY :SEMISPACE :SCALAR 8 536870913))
ROW :CYCLE (:CASE (:HISTORY :SEMISPACE :SCALAR 8 536870913) :ROUND 0 :STATUS
            :COMPLETE :REASON :COMPLETE :PHASE :RELEASE :MOVED 2 :DISCOVERED 2)
ROW :CYCLE (:CASE (:HISTORY :SEMISPACE :SCALAR 8 536870913) :ROUND 1 :STATUS
            :COMPLETE :REASON :COMPLETE :PHASE :RELEASE :MOVED 2 :DISCOVERED 2)
ROW :CYCLE (:CASE (:HISTORY :SEMISPACE :SCALAR 8 536870913) :ROUND 2 :STATUS
            :COMPLETE :REASON :COMPLETE :PHASE :RELEASE :MOVED 2 :DISCOVERED 2)
ROW :PASS ((:HISTORY :SEMISPACE :SCALAR 8 536870913))
ROW :BEGIN ((:HISTORY :SEMISPACE :SCALAR 8 268435464))
ROW :CYCLE (:CASE (:HISTORY :SEMISPACE :SCALAR 8 268435464) :ROUND 0 :STATUS
            :COMPLETE :REASON :COMPLETE :PHASE :RELEASE :MOVED 2 :DISCOVERED 2)
ROW :CYCLE (:CASE (:HISTORY :SEMISPACE :SCALAR 8 268435464) :ROUND 1 :STATUS
            :COMPLETE :REASON :COMPLETE :PHASE :RELEASE :MOVED 2 :DISCOVERED 2)
ROW :CYCLE (:CASE (:HISTORY :SEMISPACE :SCALAR 8 268435464) :ROUND 2 :STATUS
            :COMPLETE :REASON :COMPLETE :PHASE :RELEASE :MOVED 2 :DISCOVERED 2)
ROW :PASS ((:HISTORY :SEMISPACE :SCALAR 8 268435464))
ROW :BEGIN ((:ALL-CELLS :SEMISPACE :SCALAR 8))
ROW :ALL-DESCRIPTOR-CELLS (:CELLS 128 :PASSES 2 :GRANULARITIES (8 8))
ROW :PASS ((:ALL-CELLS :SEMISPACE :SCALAR 8))
ROW :BEGIN ((:FUTURE-LARGE :SEMISPACE :SCALAR 8))
ROW :ATOMIC-CODE-REJECTION (:CODE 536870913 :CONDITION
                            "Reference encoding code-row capacity exhausted")
ROW :PASS ((:FUTURE-LARGE :SEMISPACE :SCALAR 8))
ROW :BEGIN ((:STAGED :SEMISPACE :SCALAR 8))
ROW :CYCLE (:CASE (:STAGED :SEMISPACE :SCALAR 8) :ROUND 0 :STATUS :COMPLETE
            :REASON :COMPLETE :PHASE :RELEASE :MOVED 2 :DISCOVERED 2)
ROW :CYCLE (:CASE (:STAGED :SEMISPACE :SCALAR 8) :ROUND 1 :STATUS :COMPLETE
            :REASON :COMPLETE :PHASE :RELEASE :MOVED 2 :DISCOVERED 2)
ROW :CYCLE (:CASE (:STAGED :SEMISPACE :SCALAR 8) :ROUND 2 :STATUS :COMPLETE
            :REASON :COMPLETE :PHASE :RELEASE :MOVED 2 :DISCOVERED 2)
ROW :PASS ((:STAGED :SEMISPACE :SCALAR 8))
ROW :BEGIN ((:OBSERVER-CONTROL :SEMISPACE :SCALAR))
ROW :BUILDER-RELEASED (:ACQUIRED 11 :RELEASED 12)
ROW :PASS ((:OBSERVER-CONTROL :SEMISPACE :SCALAR))
ROW :BEGIN ((:BOUNDARY :MARKSWEEP :PACKED :GRANULARITY 16 :C 32 :H 0))
ROW :ATOMIC-CODE-REJECTION (:CODE 536870913 :CONDITION
                            "Reference encoding code-row capacity exhausted")
ROW :CYCLE (:CASE (:BOUNDARY :MARKSWEEP :PACKED :GRANULARITY 16 :C 32 :H 0)
            :ROUND 0 :STATUS :COMPLETE :REASON :COMPLETE :PHASE :RELEASE :MOVED
            0 :DISCOVERED 2)
ROW :CYCLE (:CASE (:BOUNDARY :MARKSWEEP :PACKED :GRANULARITY 16 :C 32 :H 0)
            :ROUND 1 :STATUS :COMPLETE :REASON :COMPLETE :PHASE :RELEASE :MOVED
            0 :DISCOVERED 2)
ROW :CYCLE (:CASE (:BOUNDARY :MARKSWEEP :PACKED :GRANULARITY 16 :C 32 :H 0)
            :ROUND 2 :STATUS :COMPLETE :REASON :COMPLETE :PHASE :RELEASE :MOVED
            0 :DISCOVERED 2)
ROW :PASS ((:BOUNDARY :MARKSWEEP :PACKED :GRANULARITY 16 :C 32 :H 0))
ROW :BEGIN ((:BOUNDARY :MARKSWEEP :PACKED :GRANULARITY 16 :C 32 :H 1))
ROW :BUILDER-RELEASED (:ACQUIRED 9 :RELEASED 10)
ROW :PASS ((:BOUNDARY :MARKSWEEP :PACKED :GRANULARITY 16 :C 32 :H 1))
ROW :BEGIN ((:BOUNDARY :MARKSWEEP :PACKED :GRANULARITY 16 :C 32 :H 31))
ROW :BUILDER-RELEASED (:ACQUIRED 9 :RELEASED 10)
ROW :PASS ((:BOUNDARY :MARKSWEEP :PACKED :GRANULARITY 16 :C 32 :H 31))
ROW :BEGIN ((:BOUNDARY :MARKSWEEP :PACKED :GRANULARITY 16 :C 32 :H 32))
ROW :ATOMIC-CODE-REJECTION (:CODE 268435464 :CONDITION
                            "Reference encoding code-row capacity exhausted")
ROW :CYCLE (:CASE (:BOUNDARY :MARKSWEEP :PACKED :GRANULARITY 16 :C 32 :H 32)
            :ROUND 0 :STATUS :COMPLETE :REASON :COMPLETE :PHASE :RELEASE :MOVED
            0 :DISCOVERED 2)
ROW :CYCLE (:CASE (:BOUNDARY :MARKSWEEP :PACKED :GRANULARITY 16 :C 32 :H 32)
            :ROUND 1 :STATUS :COMPLETE :REASON :COMPLETE :PHASE :RELEASE :MOVED
            0 :DISCOVERED 2)
ROW :CYCLE (:CASE (:BOUNDARY :MARKSWEEP :PACKED :GRANULARITY 16 :C 32 :H 32)
            :ROUND 2 :STATUS :COMPLETE :REASON :COMPLETE :PHASE :RELEASE :MOVED
            0 :DISCOVERED 2)
ROW :PASS ((:BOUNDARY :MARKSWEEP :PACKED :GRANULARITY 16 :C 32 :H 32))
ROW :BEGIN ((:BOUNDARY :MARKSWEEP :PACKED :GRANULARITY 16 :C 32 :H 63))
ROW :ATOMIC-CODE-REJECTION (:CODE 268435464 :CONDITION
                            "Reference encoding code-row capacity exhausted")
ROW :CYCLE (:CASE (:BOUNDARY :MARKSWEEP :PACKED :GRANULARITY 16 :C 32 :H 63)
            :ROUND 0 :STATUS :COMPLETE :REASON :COMPLETE :PHASE :RELEASE :MOVED
            0 :DISCOVERED 2)
ROW :CYCLE (:CASE (:BOUNDARY :MARKSWEEP :PACKED :GRANULARITY 16 :C 32 :H 63)
            :ROUND 1 :STATUS :COMPLETE :REASON :COMPLETE :PHASE :RELEASE :MOVED
            0 :DISCOVERED 2)
ROW :CYCLE (:CASE (:BOUNDARY :MARKSWEEP :PACKED :GRANULARITY 16 :C 32 :H 63)
            :ROUND 2 :STATUS :COMPLETE :REASON :COMPLETE :PHASE :RELEASE :MOVED
            0 :DISCOVERED 2)
ROW :PASS ((:BOUNDARY :MARKSWEEP :PACKED :GRANULARITY 16 :C 32 :H 63))
ROW :BEGIN ((:BOUNDARY :MARKSWEEP :PACKED :GRANULARITY 16 :C 32 :H 64))
ROW :ATOMIC-CODE-REJECTION (:CODE 536870914 :CONDITION
                            "Reference encoding code-row capacity exhausted")
ROW :CYCLE (:CASE (:BOUNDARY :MARKSWEEP :PACKED :GRANULARITY 16 :C 32 :H 64)
            :ROUND 0 :STATUS :COMPLETE :REASON :COMPLETE :PHASE :RELEASE :MOVED
            0 :DISCOVERED 2)
ROW :CYCLE (:CASE (:BOUNDARY :MARKSWEEP :PACKED :GRANULARITY 16 :C 32 :H 64)
            :ROUND 1 :STATUS :COMPLETE :REASON :COMPLETE :PHASE :RELEASE :MOVED
            0 :DISCOVERED 2)
ROW :CYCLE (:CASE (:BOUNDARY :MARKSWEEP :PACKED :GRANULARITY 16 :C 32 :H 64)
            :ROUND 2 :STATUS :COMPLETE :REASON :COMPLETE :PHASE :RELEASE :MOVED
            0 :DISCOVERED 2)
ROW :PASS ((:BOUNDARY :MARKSWEEP :PACKED :GRANULARITY 16 :C 32 :H 64))
ROW :BEGIN ((:BOUNDARY :MARKSWEEP :PACKED :GRANULARITY 16 :C 32 :H 67))
ROW :ATOMIC-CODE-REJECTION (:CODE 536870914 :CONDITION
                            "Reference encoding code-row capacity exhausted")
ROW :CYCLE (:CASE (:BOUNDARY :MARKSWEEP :PACKED :GRANULARITY 16 :C 32 :H 67)
            :ROUND 0 :STATUS :COMPLETE :REASON :COMPLETE :PHASE :RELEASE :MOVED
            0 :DISCOVERED 2)
ROW :CYCLE (:CASE (:BOUNDARY :MARKSWEEP :PACKED :GRANULARITY 16 :C 32 :H 67)
            :ROUND 1 :STATUS :COMPLETE :REASON :COMPLETE :PHASE :RELEASE :MOVED
            0 :DISCOVERED 2)
ROW :CYCLE (:CASE (:BOUNDARY :MARKSWEEP :PACKED :GRANULARITY 16 :C 32 :H 67)
            :ROUND 2 :STATUS :COMPLETE :REASON :COMPLETE :PHASE :RELEASE :MOVED
            0 :DISCOVERED 2)
ROW :PASS ((:BOUNDARY :MARKSWEEP :PACKED :GRANULARITY 16 :C 32 :H 67))
ROW :BEGIN ((:HISTORY :MARKSWEEP :PACKED 16 536870913))
ROW :CYCLE (:CASE (:HISTORY :MARKSWEEP :PACKED 16 536870913) :ROUND 0 :STATUS
            :COMPLETE :REASON :COMPLETE :PHASE :RELEASE :MOVED 0 :DISCOVERED 2)
ROW :CYCLE (:CASE (:HISTORY :MARKSWEEP :PACKED 16 536870913) :ROUND 1 :STATUS
            :COMPLETE :REASON :COMPLETE :PHASE :RELEASE :MOVED 0 :DISCOVERED 2)
ROW :CYCLE (:CASE (:HISTORY :MARKSWEEP :PACKED 16 536870913) :ROUND 2 :STATUS
            :COMPLETE :REASON :COMPLETE :PHASE :RELEASE :MOVED 0 :DISCOVERED 2)
ROW :PASS ((:HISTORY :MARKSWEEP :PACKED 16 536870913))
ROW :BEGIN ((:HISTORY :MARKSWEEP :PACKED 16 268435464))
ROW :CYCLE (:CASE (:HISTORY :MARKSWEEP :PACKED 16 268435464) :ROUND 0 :STATUS
            :COMPLETE :REASON :COMPLETE :PHASE :RELEASE :MOVED 0 :DISCOVERED 2)
ROW :CYCLE (:CASE (:HISTORY :MARKSWEEP :PACKED 16 268435464) :ROUND 1 :STATUS
            :COMPLETE :REASON :COMPLETE :PHASE :RELEASE :MOVED 0 :DISCOVERED 2)
ROW :CYCLE (:CASE (:HISTORY :MARKSWEEP :PACKED 16 268435464) :ROUND 2 :STATUS
            :COMPLETE :REASON :COMPLETE :PHASE :RELEASE :MOVED 0 :DISCOVERED 2)
ROW :PASS ((:HISTORY :MARKSWEEP :PACKED 16 268435464))
ROW :BEGIN ((:ALL-CELLS :MARKSWEEP :PACKED 16))
ROW :ALL-DESCRIPTOR-CELLS (:CELLS 32 :PASSES 2 :GRANULARITIES (16))
ROW :PASS ((:ALL-CELLS :MARKSWEEP :PACKED 16))
ROW :BEGIN ((:FUTURE-LARGE :MARKSWEEP :PACKED 16))
ROW :ATOMIC-CODE-REJECTION (:CODE 536870913 :CONDITION
                            "Reference encoding code-row capacity exhausted")
ROW :PASS ((:FUTURE-LARGE :MARKSWEEP :PACKED 16))
ROW :BEGIN ((:STAGED :MARKSWEEP :PACKED 16))
ROW :CYCLE (:CASE (:STAGED :MARKSWEEP :PACKED 16) :ROUND 0 :STATUS :COMPLETE
            :REASON :COMPLETE :PHASE :RELEASE :MOVED 0 :DISCOVERED 2)
ROW :CYCLE (:CASE (:STAGED :MARKSWEEP :PACKED 16) :ROUND 1 :STATUS :COMPLETE
            :REASON :COMPLETE :PHASE :RELEASE :MOVED 0 :DISCOVERED 2)
ROW :CYCLE (:CASE (:STAGED :MARKSWEEP :PACKED 16) :ROUND 2 :STATUS :COMPLETE
            :REASON :COMPLETE :PHASE :RELEASE :MOVED 0 :DISCOVERED 2)
ROW :PASS ((:STAGED :MARKSWEEP :PACKED 16))
ROW :BEGIN ((:BOUNDARY :MARKSWEEP :PACKED :GRANULARITY 8 :C 64 :H 0))
ROW :ATOMIC-CODE-REJECTION (:CODE 536870913 :CONDITION
                            "Reference encoding code-row capacity exhausted")
ROW :CYCLE (:CASE (:BOUNDARY :MARKSWEEP :PACKED :GRANULARITY 8 :C 64 :H 0)
            :ROUND 0 :STATUS :COMPLETE :REASON :COMPLETE :PHASE :RELEASE :MOVED
            0 :DISCOVERED 2)
ROW :CYCLE (:CASE (:BOUNDARY :MARKSWEEP :PACKED :GRANULARITY 8 :C 64 :H 0)
            :ROUND 1 :STATUS :COMPLETE :REASON :COMPLETE :PHASE :RELEASE :MOVED
            0 :DISCOVERED 2)
ROW :CYCLE (:CASE (:BOUNDARY :MARKSWEEP :PACKED :GRANULARITY 8 :C 64 :H 0)
            :ROUND 2 :STATUS :COMPLETE :REASON :COMPLETE :PHASE :RELEASE :MOVED
            0 :DISCOVERED 2)
ROW :PASS ((:BOUNDARY :MARKSWEEP :PACKED :GRANULARITY 8 :C 64 :H 0))
ROW :BEGIN ((:BOUNDARY :MARKSWEEP :PACKED :GRANULARITY 8 :C 64 :H 1))
ROW :BUILDER-RELEASED (:ACQUIRED 9 :RELEASED 10)
ROW :PASS ((:BOUNDARY :MARKSWEEP :PACKED :GRANULARITY 8 :C 64 :H 1))
ROW :BEGIN ((:BOUNDARY :MARKSWEEP :PACKED :GRANULARITY 8 :C 64 :H 63))
ROW :BUILDER-RELEASED (:ACQUIRED 9 :RELEASED 10)
ROW :PASS ((:BOUNDARY :MARKSWEEP :PACKED :GRANULARITY 8 :C 64 :H 63))
ROW :BEGIN ((:BOUNDARY :MARKSWEEP :PACKED :GRANULARITY 8 :C 64 :H 64))
ROW :ATOMIC-CODE-REJECTION (:CODE 268435464 :CONDITION
                            "Reference encoding code-row capacity exhausted")
ROW :CYCLE (:CASE (:BOUNDARY :MARKSWEEP :PACKED :GRANULARITY 8 :C 64 :H 64)
            :ROUND 0 :STATUS :COMPLETE :REASON :COMPLETE :PHASE :RELEASE :MOVED
            0 :DISCOVERED 2)
ROW :CYCLE (:CASE (:BOUNDARY :MARKSWEEP :PACKED :GRANULARITY 8 :C 64 :H 64)
            :ROUND 1 :STATUS :COMPLETE :REASON :COMPLETE :PHASE :RELEASE :MOVED
            0 :DISCOVERED 2)
ROW :CYCLE (:CASE (:BOUNDARY :MARKSWEEP :PACKED :GRANULARITY 8 :C 64 :H 64)
            :ROUND 2 :STATUS :COMPLETE :REASON :COMPLETE :PHASE :RELEASE :MOVED
            0 :DISCOVERED 2)
ROW :PASS ((:BOUNDARY :MARKSWEEP :PACKED :GRANULARITY 8 :C 64 :H 64))
ROW :BEGIN ((:BOUNDARY :MARKSWEEP :PACKED :GRANULARITY 8 :C 64 :H 127))
ROW :ATOMIC-CODE-REJECTION (:CODE 268435464 :CONDITION
                            "Reference encoding code-row capacity exhausted")
ROW :CYCLE (:CASE (:BOUNDARY :MARKSWEEP :PACKED :GRANULARITY 8 :C 64 :H 127)
            :ROUND 0 :STATUS :COMPLETE :REASON :COMPLETE :PHASE :RELEASE :MOVED
            0 :DISCOVERED 2)
ROW :CYCLE (:CASE (:BOUNDARY :MARKSWEEP :PACKED :GRANULARITY 8 :C 64 :H 127)
            :ROUND 1 :STATUS :COMPLETE :REASON :COMPLETE :PHASE :RELEASE :MOVED
            0 :DISCOVERED 2)
ROW :CYCLE (:CASE (:BOUNDARY :MARKSWEEP :PACKED :GRANULARITY 8 :C 64 :H 127)
            :ROUND 2 :STATUS :COMPLETE :REASON :COMPLETE :PHASE :RELEASE :MOVED
            0 :DISCOVERED 2)
ROW :PASS ((:BOUNDARY :MARKSWEEP :PACKED :GRANULARITY 8 :C 64 :H 127))
ROW :BEGIN ((:BOUNDARY :MARKSWEEP :PACKED :GRANULARITY 8 :C 64 :H 128))
ROW :ATOMIC-CODE-REJECTION (:CODE 536870914 :CONDITION
                            "Reference encoding code-row capacity exhausted")
ROW :CYCLE (:CASE (:BOUNDARY :MARKSWEEP :PACKED :GRANULARITY 8 :C 64 :H 128)
            :ROUND 0 :STATUS :COMPLETE :REASON :COMPLETE :PHASE :RELEASE :MOVED
            0 :DISCOVERED 2)
ROW :CYCLE (:CASE (:BOUNDARY :MARKSWEEP :PACKED :GRANULARITY 8 :C 64 :H 128)
            :ROUND 1 :STATUS :COMPLETE :REASON :COMPLETE :PHASE :RELEASE :MOVED
            0 :DISCOVERED 2)
ROW :CYCLE (:CASE (:BOUNDARY :MARKSWEEP :PACKED :GRANULARITY 8 :C 64 :H 128)
            :ROUND 2 :STATUS :COMPLETE :REASON :COMPLETE :PHASE :RELEASE :MOVED
            0 :DISCOVERED 2)
ROW :PASS ((:BOUNDARY :MARKSWEEP :PACKED :GRANULARITY 8 :C 64 :H 128))
ROW :BEGIN ((:BOUNDARY :MARKSWEEP :PACKED :GRANULARITY 8 :C 64 :H 131))
ROW :ATOMIC-CODE-REJECTION (:CODE 536870914 :CONDITION
                            "Reference encoding code-row capacity exhausted")
ROW :CYCLE (:CASE (:BOUNDARY :MARKSWEEP :PACKED :GRANULARITY 8 :C 64 :H 131)
            :ROUND 0 :STATUS :COMPLETE :REASON :COMPLETE :PHASE :RELEASE :MOVED
            0 :DISCOVERED 2)
ROW :CYCLE (:CASE (:BOUNDARY :MARKSWEEP :PACKED :GRANULARITY 8 :C 64 :H 131)
            :ROUND 1 :STATUS :COMPLETE :REASON :COMPLETE :PHASE :RELEASE :MOVED
            0 :DISCOVERED 2)
ROW :CYCLE (:CASE (:BOUNDARY :MARKSWEEP :PACKED :GRANULARITY 8 :C 64 :H 131)
            :ROUND 2 :STATUS :COMPLETE :REASON :COMPLETE :PHASE :RELEASE :MOVED
            0 :DISCOVERED 2)
ROW :PASS ((:BOUNDARY :MARKSWEEP :PACKED :GRANULARITY 8 :C 64 :H 131))
ROW :BEGIN ((:HISTORY :MARKSWEEP :PACKED 8 536870913))
ROW :CYCLE (:CASE (:HISTORY :MARKSWEEP :PACKED 8 536870913) :ROUND 0 :STATUS
            :COMPLETE :REASON :COMPLETE :PHASE :RELEASE :MOVED 0 :DISCOVERED 2)
ROW :CYCLE (:CASE (:HISTORY :MARKSWEEP :PACKED 8 536870913) :ROUND 1 :STATUS
            :COMPLETE :REASON :COMPLETE :PHASE :RELEASE :MOVED 0 :DISCOVERED 2)
ROW :CYCLE (:CASE (:HISTORY :MARKSWEEP :PACKED 8 536870913) :ROUND 2 :STATUS
            :COMPLETE :REASON :COMPLETE :PHASE :RELEASE :MOVED 0 :DISCOVERED 2)
ROW :PASS ((:HISTORY :MARKSWEEP :PACKED 8 536870913))
ROW :BEGIN ((:HISTORY :MARKSWEEP :PACKED 8 268435464))
ROW :CYCLE (:CASE (:HISTORY :MARKSWEEP :PACKED 8 268435464) :ROUND 0 :STATUS
            :COMPLETE :REASON :COMPLETE :PHASE :RELEASE :MOVED 0 :DISCOVERED 2)
ROW :CYCLE (:CASE (:HISTORY :MARKSWEEP :PACKED 8 268435464) :ROUND 1 :STATUS
            :COMPLETE :REASON :COMPLETE :PHASE :RELEASE :MOVED 0 :DISCOVERED 2)
ROW :CYCLE (:CASE (:HISTORY :MARKSWEEP :PACKED 8 268435464) :ROUND 2 :STATUS
            :COMPLETE :REASON :COMPLETE :PHASE :RELEASE :MOVED 0 :DISCOVERED 2)
ROW :PASS ((:HISTORY :MARKSWEEP :PACKED 8 268435464))
ROW :BEGIN ((:ALL-CELLS :MARKSWEEP :PACKED 8))
ROW :ALL-DESCRIPTOR-CELLS (:CELLS 64 :PASSES 2 :GRANULARITIES (8))
ROW :PASS ((:ALL-CELLS :MARKSWEEP :PACKED 8))
ROW :BEGIN ((:FUTURE-LARGE :MARKSWEEP :PACKED 8))
ROW :ATOMIC-CODE-REJECTION (:CODE 536870913 :CONDITION
                            "Reference encoding code-row capacity exhausted")
ROW :PASS ((:FUTURE-LARGE :MARKSWEEP :PACKED 8))
ROW :BEGIN ((:STAGED :MARKSWEEP :PACKED 8))
ROW :CYCLE (:CASE (:STAGED :MARKSWEEP :PACKED 8) :ROUND 0 :STATUS :COMPLETE
            :REASON :COMPLETE :PHASE :RELEASE :MOVED 0 :DISCOVERED 2)
ROW :CYCLE (:CASE (:STAGED :MARKSWEEP :PACKED 8) :ROUND 1 :STATUS :COMPLETE
            :REASON :COMPLETE :PHASE :RELEASE :MOVED 0 :DISCOVERED 2)
ROW :CYCLE (:CASE (:STAGED :MARKSWEEP :PACKED 8) :ROUND 2 :STATUS :COMPLETE
            :REASON :COMPLETE :PHASE :RELEASE :MOVED 0 :DISCOVERED 2)
ROW :PASS ((:STAGED :MARKSWEEP :PACKED 8))
ROW :BEGIN ((:OBSERVER-CONTROL :MARKSWEEP :PACKED))
ROW :BUILDER-RELEASED (:ACQUIRED 9 :RELEASED 10)
ROW :PASS ((:OBSERVER-CONTROL :MARKSWEEP :PACKED))
ROW :BEGIN ((:BOUNDARY :MARKSWEEP :SCALAR :GRANULARITY 16 :C 32 :H 0))
ROW :ATOMIC-CODE-REJECTION (:CODE 536870913 :CONDITION
                            "Reference encoding code-row capacity exhausted")
ROW :CYCLE (:CASE (:BOUNDARY :MARKSWEEP :SCALAR :GRANULARITY 16 :C 32 :H 0)
            :ROUND 0 :STATUS :COMPLETE :REASON :COMPLETE :PHASE :RELEASE :MOVED
            0 :DISCOVERED 2)
ROW :CYCLE (:CASE (:BOUNDARY :MARKSWEEP :SCALAR :GRANULARITY 16 :C 32 :H 0)
            :ROUND 1 :STATUS :COMPLETE :REASON :COMPLETE :PHASE :RELEASE :MOVED
            0 :DISCOVERED 2)
ROW :CYCLE (:CASE (:BOUNDARY :MARKSWEEP :SCALAR :GRANULARITY 16 :C 32 :H 0)
            :ROUND 2 :STATUS :COMPLETE :REASON :COMPLETE :PHASE :RELEASE :MOVED
            0 :DISCOVERED 2)
ROW :PASS ((:BOUNDARY :MARKSWEEP :SCALAR :GRANULARITY 16 :C 32 :H 0))
ROW :BEGIN ((:BOUNDARY :MARKSWEEP :SCALAR :GRANULARITY 16 :C 32 :H 1))
ROW :BUILDER-RELEASED (:ACQUIRED 9 :RELEASED 10)
ROW :PASS ((:BOUNDARY :MARKSWEEP :SCALAR :GRANULARITY 16 :C 32 :H 1))
ROW :BEGIN ((:BOUNDARY :MARKSWEEP :SCALAR :GRANULARITY 16 :C 32 :H 31))
ROW :BUILDER-RELEASED (:ACQUIRED 9 :RELEASED 10)
ROW :PASS ((:BOUNDARY :MARKSWEEP :SCALAR :GRANULARITY 16 :C 32 :H 31))
ROW :BEGIN ((:BOUNDARY :MARKSWEEP :SCALAR :GRANULARITY 16 :C 32 :H 32))
ROW :ATOMIC-CODE-REJECTION (:CODE 268435464 :CONDITION
                            "Reference encoding code-row capacity exhausted")
ROW :CYCLE (:CASE (:BOUNDARY :MARKSWEEP :SCALAR :GRANULARITY 16 :C 32 :H 32)
            :ROUND 0 :STATUS :COMPLETE :REASON :COMPLETE :PHASE :RELEASE :MOVED
            0 :DISCOVERED 2)
ROW :CYCLE (:CASE (:BOUNDARY :MARKSWEEP :SCALAR :GRANULARITY 16 :C 32 :H 32)
            :ROUND 1 :STATUS :COMPLETE :REASON :COMPLETE :PHASE :RELEASE :MOVED
            0 :DISCOVERED 2)
ROW :CYCLE (:CASE (:BOUNDARY :MARKSWEEP :SCALAR :GRANULARITY 16 :C 32 :H 32)
            :ROUND 2 :STATUS :COMPLETE :REASON :COMPLETE :PHASE :RELEASE :MOVED
            0 :DISCOVERED 2)
ROW :PASS ((:BOUNDARY :MARKSWEEP :SCALAR :GRANULARITY 16 :C 32 :H 32))
ROW :BEGIN ((:BOUNDARY :MARKSWEEP :SCALAR :GRANULARITY 16 :C 32 :H 63))
ROW :ATOMIC-CODE-REJECTION (:CODE 268435464 :CONDITION
                            "Reference encoding code-row capacity exhausted")
ROW :CYCLE (:CASE (:BOUNDARY :MARKSWEEP :SCALAR :GRANULARITY 16 :C 32 :H 63)
            :ROUND 0 :STATUS :COMPLETE :REASON :COMPLETE :PHASE :RELEASE :MOVED
            0 :DISCOVERED 2)
ROW :CYCLE (:CASE (:BOUNDARY :MARKSWEEP :SCALAR :GRANULARITY 16 :C 32 :H 63)
            :ROUND 1 :STATUS :COMPLETE :REASON :COMPLETE :PHASE :RELEASE :MOVED
            0 :DISCOVERED 2)
ROW :CYCLE (:CASE (:BOUNDARY :MARKSWEEP :SCALAR :GRANULARITY 16 :C 32 :H 63)
            :ROUND 2 :STATUS :COMPLETE :REASON :COMPLETE :PHASE :RELEASE :MOVED
            0 :DISCOVERED 2)
ROW :PASS ((:BOUNDARY :MARKSWEEP :SCALAR :GRANULARITY 16 :C 32 :H 63))
ROW :BEGIN ((:BOUNDARY :MARKSWEEP :SCALAR :GRANULARITY 16 :C 32 :H 64))
ROW :ATOMIC-CODE-REJECTION (:CODE 536870914 :CONDITION
                            "Reference encoding code-row capacity exhausted")
ROW :CYCLE (:CASE (:BOUNDARY :MARKSWEEP :SCALAR :GRANULARITY 16 :C 32 :H 64)
            :ROUND 0 :STATUS :COMPLETE :REASON :COMPLETE :PHASE :RELEASE :MOVED
            0 :DISCOVERED 2)
ROW :CYCLE (:CASE (:BOUNDARY :MARKSWEEP :SCALAR :GRANULARITY 16 :C 32 :H 64)
            :ROUND 1 :STATUS :COMPLETE :REASON :COMPLETE :PHASE :RELEASE :MOVED
            0 :DISCOVERED 2)
ROW :CYCLE (:CASE (:BOUNDARY :MARKSWEEP :SCALAR :GRANULARITY 16 :C 32 :H 64)
            :ROUND 2 :STATUS :COMPLETE :REASON :COMPLETE :PHASE :RELEASE :MOVED
            0 :DISCOVERED 2)
ROW :PASS ((:BOUNDARY :MARKSWEEP :SCALAR :GRANULARITY 16 :C 32 :H 64))
ROW :BEGIN ((:BOUNDARY :MARKSWEEP :SCALAR :GRANULARITY 16 :C 32 :H 67))
ROW :ATOMIC-CODE-REJECTION (:CODE 536870914 :CONDITION
                            "Reference encoding code-row capacity exhausted")
ROW :CYCLE (:CASE (:BOUNDARY :MARKSWEEP :SCALAR :GRANULARITY 16 :C 32 :H 67)
            :ROUND 0 :STATUS :COMPLETE :REASON :COMPLETE :PHASE :RELEASE :MOVED
            0 :DISCOVERED 2)
ROW :CYCLE (:CASE (:BOUNDARY :MARKSWEEP :SCALAR :GRANULARITY 16 :C 32 :H 67)
            :ROUND 1 :STATUS :COMPLETE :REASON :COMPLETE :PHASE :RELEASE :MOVED
            0 :DISCOVERED 2)
ROW :CYCLE (:CASE (:BOUNDARY :MARKSWEEP :SCALAR :GRANULARITY 16 :C 32 :H 67)
            :ROUND 2 :STATUS :COMPLETE :REASON :COMPLETE :PHASE :RELEASE :MOVED
            0 :DISCOVERED 2)
ROW :PASS ((:BOUNDARY :MARKSWEEP :SCALAR :GRANULARITY 16 :C 32 :H 67))
ROW :BEGIN ((:HISTORY :MARKSWEEP :SCALAR 16 536870913))
ROW :CYCLE (:CASE (:HISTORY :MARKSWEEP :SCALAR 16 536870913) :ROUND 0 :STATUS
            :COMPLETE :REASON :COMPLETE :PHASE :RELEASE :MOVED 0 :DISCOVERED 2)
ROW :CYCLE (:CASE (:HISTORY :MARKSWEEP :SCALAR 16 536870913) :ROUND 1 :STATUS
            :COMPLETE :REASON :COMPLETE :PHASE :RELEASE :MOVED 0 :DISCOVERED 2)
ROW :CYCLE (:CASE (:HISTORY :MARKSWEEP :SCALAR 16 536870913) :ROUND 2 :STATUS
            :COMPLETE :REASON :COMPLETE :PHASE :RELEASE :MOVED 0 :DISCOVERED 2)
ROW :PASS ((:HISTORY :MARKSWEEP :SCALAR 16 536870913))
ROW :BEGIN ((:HISTORY :MARKSWEEP :SCALAR 16 268435464))
ROW :CYCLE (:CASE (:HISTORY :MARKSWEEP :SCALAR 16 268435464) :ROUND 0 :STATUS
            :COMPLETE :REASON :COMPLETE :PHASE :RELEASE :MOVED 0 :DISCOVERED 2)
ROW :CYCLE (:CASE (:HISTORY :MARKSWEEP :SCALAR 16 268435464) :ROUND 1 :STATUS
            :COMPLETE :REASON :COMPLETE :PHASE :RELEASE :MOVED 0 :DISCOVERED 2)
ROW :CYCLE (:CASE (:HISTORY :MARKSWEEP :SCALAR 16 268435464) :ROUND 2 :STATUS
            :COMPLETE :REASON :COMPLETE :PHASE :RELEASE :MOVED 0 :DISCOVERED 2)
ROW :PASS ((:HISTORY :MARKSWEEP :SCALAR 16 268435464))
ROW :BEGIN ((:ALL-CELLS :MARKSWEEP :SCALAR 16))
ROW :ALL-DESCRIPTOR-CELLS (:CELLS 32 :PASSES 2 :GRANULARITIES (16))
ROW :PASS ((:ALL-CELLS :MARKSWEEP :SCALAR 16))
ROW :BEGIN ((:FUTURE-LARGE :MARKSWEEP :SCALAR 16))
ROW :ATOMIC-CODE-REJECTION (:CODE 536870913 :CONDITION
                            "Reference encoding code-row capacity exhausted")
ROW :PASS ((:FUTURE-LARGE :MARKSWEEP :SCALAR 16))
ROW :BEGIN ((:STAGED :MARKSWEEP :SCALAR 16))
ROW :CYCLE (:CASE (:STAGED :MARKSWEEP :SCALAR 16) :ROUND 0 :STATUS :COMPLETE
            :REASON :COMPLETE :PHASE :RELEASE :MOVED 0 :DISCOVERED 2)
ROW :CYCLE (:CASE (:STAGED :MARKSWEEP :SCALAR 16) :ROUND 1 :STATUS :COMPLETE
            :REASON :COMPLETE :PHASE :RELEASE :MOVED 0 :DISCOVERED 2)
ROW :CYCLE (:CASE (:STAGED :MARKSWEEP :SCALAR 16) :ROUND 2 :STATUS :COMPLETE
            :REASON :COMPLETE :PHASE :RELEASE :MOVED 0 :DISCOVERED 2)
ROW :PASS ((:STAGED :MARKSWEEP :SCALAR 16))
ROW :BEGIN ((:BOUNDARY :MARKSWEEP :SCALAR :GRANULARITY 8 :C 64 :H 0))
ROW :ATOMIC-CODE-REJECTION (:CODE 536870913 :CONDITION
                            "Reference encoding code-row capacity exhausted")
ROW :CYCLE (:CASE (:BOUNDARY :MARKSWEEP :SCALAR :GRANULARITY 8 :C 64 :H 0)
            :ROUND 0 :STATUS :COMPLETE :REASON :COMPLETE :PHASE :RELEASE :MOVED
            0 :DISCOVERED 2)
ROW :CYCLE (:CASE (:BOUNDARY :MARKSWEEP :SCALAR :GRANULARITY 8 :C 64 :H 0)
            :ROUND 1 :STATUS :COMPLETE :REASON :COMPLETE :PHASE :RELEASE :MOVED
            0 :DISCOVERED 2)
ROW :CYCLE (:CASE (:BOUNDARY :MARKSWEEP :SCALAR :GRANULARITY 8 :C 64 :H 0)
            :ROUND 2 :STATUS :COMPLETE :REASON :COMPLETE :PHASE :RELEASE :MOVED
            0 :DISCOVERED 2)
ROW :PASS ((:BOUNDARY :MARKSWEEP :SCALAR :GRANULARITY 8 :C 64 :H 0))
ROW :BEGIN ((:BOUNDARY :MARKSWEEP :SCALAR :GRANULARITY 8 :C 64 :H 1))
ROW :BUILDER-RELEASED (:ACQUIRED 9 :RELEASED 10)
ROW :PASS ((:BOUNDARY :MARKSWEEP :SCALAR :GRANULARITY 8 :C 64 :H 1))
ROW :BEGIN ((:BOUNDARY :MARKSWEEP :SCALAR :GRANULARITY 8 :C 64 :H 63))
ROW :BUILDER-RELEASED (:ACQUIRED 9 :RELEASED 10)
ROW :PASS ((:BOUNDARY :MARKSWEEP :SCALAR :GRANULARITY 8 :C 64 :H 63))
ROW :BEGIN ((:BOUNDARY :MARKSWEEP :SCALAR :GRANULARITY 8 :C 64 :H 64))
ROW :ATOMIC-CODE-REJECTION (:CODE 268435464 :CONDITION
                            "Reference encoding code-row capacity exhausted")
ROW :CYCLE (:CASE (:BOUNDARY :MARKSWEEP :SCALAR :GRANULARITY 8 :C 64 :H 64)
            :ROUND 0 :STATUS :COMPLETE :REASON :COMPLETE :PHASE :RELEASE :MOVED
            0 :DISCOVERED 2)
ROW :CYCLE (:CASE (:BOUNDARY :MARKSWEEP :SCALAR :GRANULARITY 8 :C 64 :H 64)
            :ROUND 1 :STATUS :COMPLETE :REASON :COMPLETE :PHASE :RELEASE :MOVED
            0 :DISCOVERED 2)
ROW :CYCLE (:CASE (:BOUNDARY :MARKSWEEP :SCALAR :GRANULARITY 8 :C 64 :H 64)
            :ROUND 2 :STATUS :COMPLETE :REASON :COMPLETE :PHASE :RELEASE :MOVED
            0 :DISCOVERED 2)
ROW :PASS ((:BOUNDARY :MARKSWEEP :SCALAR :GRANULARITY 8 :C 64 :H 64))
ROW :BEGIN ((:BOUNDARY :MARKSWEEP :SCALAR :GRANULARITY 8 :C 64 :H 127))
ROW :ATOMIC-CODE-REJECTION (:CODE 268435464 :CONDITION
                            "Reference encoding code-row capacity exhausted")
ROW :CYCLE (:CASE (:BOUNDARY :MARKSWEEP :SCALAR :GRANULARITY 8 :C 64 :H 127)
            :ROUND 0 :STATUS :COMPLETE :REASON :COMPLETE :PHASE :RELEASE :MOVED
            0 :DISCOVERED 2)
ROW :CYCLE (:CASE (:BOUNDARY :MARKSWEEP :SCALAR :GRANULARITY 8 :C 64 :H 127)
            :ROUND 1 :STATUS :COMPLETE :REASON :COMPLETE :PHASE :RELEASE :MOVED
            0 :DISCOVERED 2)
ROW :CYCLE (:CASE (:BOUNDARY :MARKSWEEP :SCALAR :GRANULARITY 8 :C 64 :H 127)
            :ROUND 2 :STATUS :COMPLETE :REASON :COMPLETE :PHASE :RELEASE :MOVED
            0 :DISCOVERED 2)
ROW :PASS ((:BOUNDARY :MARKSWEEP :SCALAR :GRANULARITY 8 :C 64 :H 127))
ROW :BEGIN ((:BOUNDARY :MARKSWEEP :SCALAR :GRANULARITY 8 :C 64 :H 128))
ROW :ATOMIC-CODE-REJECTION (:CODE 536870914 :CONDITION
                            "Reference encoding code-row capacity exhausted")
ROW :CYCLE (:CASE (:BOUNDARY :MARKSWEEP :SCALAR :GRANULARITY 8 :C 64 :H 128)
            :ROUND 0 :STATUS :COMPLETE :REASON :COMPLETE :PHASE :RELEASE :MOVED
            0 :DISCOVERED 2)
ROW :CYCLE (:CASE (:BOUNDARY :MARKSWEEP :SCALAR :GRANULARITY 8 :C 64 :H 128)
            :ROUND 1 :STATUS :COMPLETE :REASON :COMPLETE :PHASE :RELEASE :MOVED
            0 :DISCOVERED 2)
ROW :CYCLE (:CASE (:BOUNDARY :MARKSWEEP :SCALAR :GRANULARITY 8 :C 64 :H 128)
            :ROUND 2 :STATUS :COMPLETE :REASON :COMPLETE :PHASE :RELEASE :MOVED
            0 :DISCOVERED 2)
ROW :PASS ((:BOUNDARY :MARKSWEEP :SCALAR :GRANULARITY 8 :C 64 :H 128))
ROW :BEGIN ((:BOUNDARY :MARKSWEEP :SCALAR :GRANULARITY 8 :C 64 :H 131))
ROW :ATOMIC-CODE-REJECTION (:CODE 536870914 :CONDITION
                            "Reference encoding code-row capacity exhausted")
ROW :CYCLE (:CASE (:BOUNDARY :MARKSWEEP :SCALAR :GRANULARITY 8 :C 64 :H 131)
            :ROUND 0 :STATUS :COMPLETE :REASON :COMPLETE :PHASE :RELEASE :MOVED
            0 :DISCOVERED 2)
ROW :CYCLE (:CASE (:BOUNDARY :MARKSWEEP :SCALAR :GRANULARITY 8 :C 64 :H 131)
            :ROUND 1 :STATUS :COMPLETE :REASON :COMPLETE :PHASE :RELEASE :MOVED
            0 :DISCOVERED 2)
ROW :CYCLE (:CASE (:BOUNDARY :MARKSWEEP :SCALAR :GRANULARITY 8 :C 64 :H 131)
            :ROUND 2 :STATUS :COMPLETE :REASON :COMPLETE :PHASE :RELEASE :MOVED
            0 :DISCOVERED 2)
ROW :PASS ((:BOUNDARY :MARKSWEEP :SCALAR :GRANULARITY 8 :C 64 :H 131))
ROW :BEGIN ((:HISTORY :MARKSWEEP :SCALAR 8 536870913))
ROW :CYCLE (:CASE (:HISTORY :MARKSWEEP :SCALAR 8 536870913) :ROUND 0 :STATUS
            :COMPLETE :REASON :COMPLETE :PHASE :RELEASE :MOVED 0 :DISCOVERED 2)
ROW :CYCLE (:CASE (:HISTORY :MARKSWEEP :SCALAR 8 536870913) :ROUND 1 :STATUS
            :COMPLETE :REASON :COMPLETE :PHASE :RELEASE :MOVED 0 :DISCOVERED 2)
ROW :CYCLE (:CASE (:HISTORY :MARKSWEEP :SCALAR 8 536870913) :ROUND 2 :STATUS
            :COMPLETE :REASON :COMPLETE :PHASE :RELEASE :MOVED 0 :DISCOVERED 2)
ROW :PASS ((:HISTORY :MARKSWEEP :SCALAR 8 536870913))
ROW :BEGIN ((:HISTORY :MARKSWEEP :SCALAR 8 268435464))
ROW :CYCLE (:CASE (:HISTORY :MARKSWEEP :SCALAR 8 268435464) :ROUND 0 :STATUS
            :COMPLETE :REASON :COMPLETE :PHASE :RELEASE :MOVED 0 :DISCOVERED 2)
ROW :CYCLE (:CASE (:HISTORY :MARKSWEEP :SCALAR 8 268435464) :ROUND 1 :STATUS
            :COMPLETE :REASON :COMPLETE :PHASE :RELEASE :MOVED 0 :DISCOVERED 2)
ROW :CYCLE (:CASE (:HISTORY :MARKSWEEP :SCALAR 8 268435464) :ROUND 2 :STATUS
            :COMPLETE :REASON :COMPLETE :PHASE :RELEASE :MOVED 0 :DISCOVERED 2)
ROW :PASS ((:HISTORY :MARKSWEEP :SCALAR 8 268435464))
ROW :BEGIN ((:ALL-CELLS :MARKSWEEP :SCALAR 8))
ROW :ALL-DESCRIPTOR-CELLS (:CELLS 64 :PASSES 2 :GRANULARITIES (8))
ROW :PASS ((:ALL-CELLS :MARKSWEEP :SCALAR 8))
ROW :BEGIN ((:FUTURE-LARGE :MARKSWEEP :SCALAR 8))
ROW :ATOMIC-CODE-REJECTION (:CODE 536870913 :CONDITION
                            "Reference encoding code-row capacity exhausted")
ROW :PASS ((:FUTURE-LARGE :MARKSWEEP :SCALAR 8))
ROW :BEGIN ((:STAGED :MARKSWEEP :SCALAR 8))
ROW :CYCLE (:CASE (:STAGED :MARKSWEEP :SCALAR 8) :ROUND 0 :STATUS :COMPLETE
            :REASON :COMPLETE :PHASE :RELEASE :MOVED 0 :DISCOVERED 2)
ROW :CYCLE (:CASE (:STAGED :MARKSWEEP :SCALAR 8) :ROUND 1 :STATUS :COMPLETE
            :REASON :COMPLETE :PHASE :RELEASE :MOVED 0 :DISCOVERED 2)
ROW :CYCLE (:CASE (:STAGED :MARKSWEEP :SCALAR 8) :ROUND 2 :STATUS :COMPLETE
            :REASON :COMPLETE :PHASE :RELEASE :MOVED 0 :DISCOVERED 2)
ROW :PASS ((:STAGED :MARKSWEEP :SCALAR 8))
ROW :BEGIN ((:OBSERVER-CONTROL :MARKSWEEP :SCALAR))
ROW :BUILDER-RELEASED (:ACQUIRED 9 :RELEASED 10)
ROW :PASS ((:OBSERVER-CONTROL :MARKSWEEP :SCALAR))
ROW :BEGIN ((:MIXED-GRANULARITY-HISTORY :PACKED))
ROW :CYCLE (:CASE (:MIXED-GRANULARITY-HISTORY :PACKED) :ROUND 0 :STATUS
            :COMPLETE :REASON :COMPLETE :PHASE :RELEASE :MOVED 2 :DISCOVERED 2)
ROW :CYCLE (:CASE (:MIXED-GRANULARITY-HISTORY :PACKED) :ROUND 1 :STATUS
            :COMPLETE :REASON :COMPLETE :PHASE :RELEASE :MOVED 2 :DISCOVERED 2)
ROW :CYCLE (:CASE (:MIXED-GRANULARITY-HISTORY :PACKED) :ROUND 2 :STATUS
            :COMPLETE :REASON :COMPLETE :PHASE :RELEASE :MOVED 2 :DISCOVERED 2)
ROW :PASS ((:MIXED-GRANULARITY-HISTORY :PACKED))
ROW :BEGIN ((:MIXED-GRANULARITY-ALL-CELLS :PACKED))
ROW :ALL-DESCRIPTOR-CELLS (:CELLS 96 :PASSES 2 :GRANULARITIES (8 16))
ROW :PASS ((:MIXED-GRANULARITY-ALL-CELLS :PACKED))
ROW :BEGIN ((:MIXED-GRANULARITY-HISTORY :SCALAR))
ROW :CYCLE (:CASE (:MIXED-GRANULARITY-HISTORY :SCALAR) :ROUND 0 :STATUS
            :COMPLETE :REASON :COMPLETE :PHASE :RELEASE :MOVED 2 :DISCOVERED 2)
ROW :CYCLE (:CASE (:MIXED-GRANULARITY-HISTORY :SCALAR) :ROUND 1 :STATUS
            :COMPLETE :REASON :COMPLETE :PHASE :RELEASE :MOVED 2 :DISCOVERED 2)
ROW :CYCLE (:CASE (:MIXED-GRANULARITY-HISTORY :SCALAR) :ROUND 2 :STATUS
            :COMPLETE :REASON :COMPLETE :PHASE :RELEASE :MOVED 2 :DISCOVERED 2)
ROW :PASS ((:MIXED-GRANULARITY-HISTORY :SCALAR))
ROW :BEGIN ((:MIXED-GRANULARITY-ALL-CELLS :SCALAR))
ROW :ALL-DESCRIPTOR-CELLS (:CELLS 96 :PASSES 2 :GRANULARITIES (8 16))
ROW :PASS ((:MIXED-GRANULARITY-ALL-CELLS :SCALAR))
ROW :FINISHED (:PASSED 104 :FAILED 0 :PRESERVED-WORLDS 0)
ROW :BEGIN ((:DIRECTORY :SEMISPACE :PACKED))
ROW :ATOMIC-CODE-REJECTION (:CODE 268435487 :CONDITION
                            "Reference encoding code-row capacity exhausted")
ROW :CYCLE (:CASE (:DIRECTORY :SEMISPACE :PACKED) :ROUND 0 :STATUS :COMPLETE
            :REASON :COMPLETE :PHASE :RELEASE :MOVED 2 :DISCOVERED 2)
ROW :CYCLE (:CASE (:DIRECTORY :SEMISPACE :PACKED) :ROUND 1 :STATUS :COMPLETE
            :REASON :COMPLETE :PHASE :RELEASE :MOVED 2 :DISCOVERED 2)
ROW :CYCLE (:CASE (:DIRECTORY :SEMISPACE :PACKED) :ROUND 2 :STATUS :COMPLETE
            :REASON :COMPLETE :PHASE :RELEASE :MOVED 2 :DISCOVERED 2)
ROW :PASS ((:DIRECTORY :SEMISPACE :PACKED))
ROW :BEGIN ((:DIRECTORY :SEMISPACE :SCALAR))
ROW :ATOMIC-CODE-REJECTION (:CODE 268435487 :CONDITION
                            "Reference encoding code-row capacity exhausted")
ROW :CYCLE (:CASE (:DIRECTORY :SEMISPACE :SCALAR) :ROUND 0 :STATUS :COMPLETE
            :REASON :COMPLETE :PHASE :RELEASE :MOVED 2 :DISCOVERED 2)
ROW :CYCLE (:CASE (:DIRECTORY :SEMISPACE :SCALAR) :ROUND 1 :STATUS :COMPLETE
            :REASON :COMPLETE :PHASE :RELEASE :MOVED 2 :DISCOVERED 2)
ROW :CYCLE (:CASE (:DIRECTORY :SEMISPACE :SCALAR) :ROUND 2 :STATUS :COMPLETE
            :REASON :COMPLETE :PHASE :RELEASE :MOVED 2 :DISCOVERED 2)
ROW :PASS ((:DIRECTORY :SEMISPACE :SCALAR))
ROW :BEGIN ((:DIRECTORY :MARKSWEEP :PACKED))
ROW :ATOMIC-CODE-REJECTION (:CODE 268435487 :CONDITION
                            "Reference encoding code-row capacity exhausted")
ROW :CYCLE (:CASE (:DIRECTORY :MARKSWEEP :PACKED) :ROUND 0 :STATUS :COMPLETE
            :REASON :COMPLETE :PHASE :RELEASE :MOVED 0 :DISCOVERED 2)
ROW :CYCLE (:CASE (:DIRECTORY :MARKSWEEP :PACKED) :ROUND 1 :STATUS :COMPLETE
            :REASON :COMPLETE :PHASE :RELEASE :MOVED 0 :DISCOVERED 2)
ROW :CYCLE (:CASE (:DIRECTORY :MARKSWEEP :PACKED) :ROUND 2 :STATUS :COMPLETE
            :REASON :COMPLETE :PHASE :RELEASE :MOVED 0 :DISCOVERED 2)
ROW :PASS ((:DIRECTORY :MARKSWEEP :PACKED))
ROW :BEGIN ((:DIRECTORY :MARKSWEEP :SCALAR))
ROW :ATOMIC-CODE-REJECTION (:CODE 268435487 :CONDITION
                            "Reference encoding code-row capacity exhausted")
ROW :CYCLE (:CASE (:DIRECTORY :MARKSWEEP :SCALAR) :ROUND 0 :STATUS :COMPLETE
            :REASON :COMPLETE :PHASE :RELEASE :MOVED 0 :DISCOVERED 2)
ROW :CYCLE (:CASE (:DIRECTORY :MARKSWEEP :SCALAR) :ROUND 1 :STATUS :COMPLETE
            :REASON :COMPLETE :PHASE :RELEASE :MOVED 0 :DISCOVERED 2)
ROW :CYCLE (:CASE (:DIRECTORY :MARKSWEEP :SCALAR) :ROUND 2 :STATUS :COMPLETE
            :REASON :COMPLETE :PHASE :RELEASE :MOVED 0 :DISCOVERED 2)
ROW :PASS ((:DIRECTORY :MARKSWEEP :SCALAR))
ROW :DIRECTORY-FINISHED (:PASSED 4 :FAILED 0)
; compiling file "/home/iskam/src/vibe/Clamsara/test/quality/finalizers.lisp" (written 20 SEP 2026 05:58:44 PM):

; wrote /home/iskam/.cache/common-lisp/sbcl-2.6.8.3-db35d4561-linux-x64/home/iskam/src/vibe/Clamsara/test/quality/finalizers-tmpOU81XRV0.fasl
; compilation finished in 0:00:00.024
FINALIZER-REGISTRATION-HISTORIES-PASS profiles=4
; compiling file "/home/iskam/src/vibe/Clamsara/test/quality/finalizer-drain.lisp" (written 20 SEP 2026 06:52:07 PM):

; wrote /home/iskam/.cache/common-lisp/sbcl-2.6.8.3-db35d4561-linux-x64/home/iskam/src/vibe/Clamsara/test/quality/finalizer-drain-tmpY2ML9CFA.fasl
; compilation finished in 0:00:00.025
; compiling file "/home/iskam/src/vibe/Clamsara/test/quality/finalizer-history.lisp" (written 20 SEP 2026 06:55:46 PM):

; wrote /home/iskam/.cache/common-lisp/sbcl-2.6.8.3-db35d4561-linux-x64/home/iskam/src/vibe/Clamsara/test/quality/finalizer-history-tmpX2JYJDQE.fasl
; compilation finished in 0:00:00.017
FINALIZER-DRAIN :NORMAL :SEMISPACE :PACKED PASS
FINALIZER-DRAIN :ERROR :SEMISPACE :PACKED PASS
FINALIZER-DRAIN :THROW :SEMISPACE :PACKED PASS
FINALIZER-DRAIN :RECURSIVE :SEMISPACE :PACKED PASS
FINALIZER-DRAIN :NESTED-PUBLICATION :SEMISPACE :PACKED PASS
FINALIZER-DRAIN :APPENDS :SEMISPACE :PACKED PASS
FINALIZER-DRAIN :RUNNING-ROOTS :SEMISPACE :PACKED PASS
FINALIZER-DRAIN :ACTIVE-CONTEXT :SEMISPACE :PACKED PASS
FINALIZER-DRAIN :THROW-KEEPS-REST :SEMISPACE :PACKED PASS
FINALIZER-DRAIN :RECURSIVE-THROW :SEMISPACE :PACKED PASS
FINALIZER-DRAIN :SINGLE-RECORD :SEMISPACE :PACKED PASS
FINALIZER-DRAIN (:COLLECTION-FAILURE :RETURN) :SEMISPACE :PACKED PASS
FINALIZER-DRAIN (:COLLECTION-FAILURE :THROW) :SEMISPACE :PACKED PASS
FINALIZER-DRAIN (:COLLECTION-FAILURE :ERROR) :SEMISPACE :PACKED PASS
FINALIZER-DRAIN :NORMAL :SEMISPACE :SCALAR PASS
FINALIZER-DRAIN :ERROR :SEMISPACE :SCALAR PASS
FINALIZER-DRAIN :THROW :SEMISPACE :SCALAR PASS
FINALIZER-DRAIN :RECURSIVE :SEMISPACE :SCALAR PASS
FINALIZER-DRAIN :NESTED-PUBLICATION :SEMISPACE :SCALAR PASS
FINALIZER-DRAIN :APPENDS :SEMISPACE :SCALAR PASS
FINALIZER-DRAIN :RUNNING-ROOTS :SEMISPACE :SCALAR PASS
FINALIZER-DRAIN :ACTIVE-CONTEXT :SEMISPACE :SCALAR PASS
FINALIZER-DRAIN :THROW-KEEPS-REST :SEMISPACE :SCALAR PASS
FINALIZER-DRAIN :RECURSIVE-THROW :SEMISPACE :SCALAR PASS
FINALIZER-DRAIN :SINGLE-RECORD :SEMISPACE :SCALAR PASS
FINALIZER-DRAIN (:COLLECTION-FAILURE :RETURN) :SEMISPACE :SCALAR PASS
FINALIZER-DRAIN (:COLLECTION-FAILURE :THROW) :SEMISPACE :SCALAR PASS
FINALIZER-DRAIN (:COLLECTION-FAILURE :ERROR) :SEMISPACE :SCALAR PASS
FINALIZER-DRAIN :NORMAL :MARKSWEEP :PACKED PASS
FINALIZER-DRAIN :ERROR :MARKSWEEP :PACKED PASS
FINALIZER-DRAIN :THROW :MARKSWEEP :PACKED PASS
FINALIZER-DRAIN :RECURSIVE :MARKSWEEP :PACKED PASS
FINALIZER-DRAIN :NESTED-PUBLICATION :MARKSWEEP :PACKED PASS
FINALIZER-DRAIN :APPENDS :MARKSWEEP :PACKED PASS
FINALIZER-DRAIN :RUNNING-ROOTS :MARKSWEEP :PACKED PASS
FINALIZER-DRAIN :ACTIVE-CONTEXT :MARKSWEEP :PACKED PASS
FINALIZER-DRAIN :THROW-KEEPS-REST :MARKSWEEP :PACKED PASS
FINALIZER-DRAIN :RECURSIVE-THROW :MARKSWEEP :PACKED PASS
FINALIZER-DRAIN :SINGLE-RECORD :MARKSWEEP :PACKED PASS
FINALIZER-DRAIN (:COLLECTION-FAILURE :RETURN) :MARKSWEEP :PACKED PASS
FINALIZER-DRAIN (:COLLECTION-FAILURE :THROW) :MARKSWEEP :PACKED PASS
FINALIZER-DRAIN (:COLLECTION-FAILURE :ERROR) :MARKSWEEP :PACKED PASS
FINALIZER-DRAIN :NORMAL :MARKSWEEP :SCALAR PASS
FINALIZER-DRAIN :ERROR :MARKSWEEP :SCALAR PASS
FINALIZER-DRAIN :THROW :MARKSWEEP :SCALAR PASS
FINALIZER-DRAIN :RECURSIVE :MARKSWEEP :SCALAR PASS
FINALIZER-DRAIN :NESTED-PUBLICATION :MARKSWEEP :SCALAR PASS
FINALIZER-DRAIN :APPENDS :MARKSWEEP :SCALAR PASS
FINALIZER-DRAIN :RUNNING-ROOTS :MARKSWEEP :SCALAR PASS
FINALIZER-DRAIN :ACTIVE-CONTEXT :MARKSWEEP :SCALAR PASS
FINALIZER-DRAIN :THROW-KEEPS-REST :MARKSWEEP :SCALAR PASS
FINALIZER-DRAIN :RECURSIVE-THROW :MARKSWEEP :SCALAR PASS
FINALIZER-DRAIN :SINGLE-RECORD :MARKSWEEP :SCALAR PASS
FINALIZER-DRAIN (:COLLECTION-FAILURE :RETURN) :MARKSWEEP :SCALAR PASS
FINALIZER-DRAIN (:COLLECTION-FAILURE :THROW) :MARKSWEEP :SCALAR PASS
FINALIZER-DRAIN (:COLLECTION-FAILURE :ERROR) :MARKSWEEP :SCALAR PASS
FINALIZER-DRAIN-HISTORIES-PASS cases=56
COMPOSED-WRAP-PASS :SEMISPACE :PACKED rounds=10 callbacks=50 failures=30
TWO-REGISTRY-ESCAPE-PASS :SEMISPACE :PACKED
RECURSIVE-FAILURE-PASS :SEMISPACE :PACKED escape=NIL actual=:COLLECTION-BUSY inner=:COLLECTION-BUSY
RECURSIVE-FAILURE-PASS :SEMISPACE :PACKED escape=T actual=:ESCAPED inner=NIL
COMPOSED-WRAP-PASS :SEMISPACE :SCALAR rounds=10 callbacks=50 failures=30
TWO-REGISTRY-ESCAPE-PASS :SEMISPACE :SCALAR
RECURSIVE-FAILURE-PASS :SEMISPACE :SCALAR escape=NIL actual=:COLLECTION-BUSY inner=:COLLECTION-BUSY
RECURSIVE-FAILURE-PASS :SEMISPACE :SCALAR escape=T actual=:ESCAPED inner=NIL
COMPOSED-WRAP-PASS :MARKSWEEP :PACKED rounds=10 callbacks=50 failures=30
TWO-REGISTRY-ESCAPE-PASS :MARKSWEEP :PACKED
RECURSIVE-FAILURE-PASS :MARKSWEEP :PACKED escape=NIL actual=1 inner=2
RECURSIVE-FAILURE-PASS :MARKSWEEP :PACKED escape=T actual=:ESCAPED inner=NIL
COMPOSED-WRAP-PASS :MARKSWEEP :SCALAR rounds=10 callbacks=50 failures=30
TWO-REGISTRY-ESCAPE-PASS :MARKSWEEP :SCALAR
RECURSIVE-FAILURE-PASS :MARKSWEEP :SCALAR escape=NIL actual=1 inner=2
RECURSIVE-FAILURE-PASS :MARKSWEEP :SCALAR escape=T actual=:ESCAPED inner=NIL
INDEPENDENT-QUEUE-PASS cases=16
MODEL-RESOURCE-QUALITY-OK (:ELEMENT-COUNT 4096 :OBJECT-BYTES 32784 :SPACE-BASE
                           4096 :SPACE-EXTENT 66592 :PACKING-QUANTUM 16
                           :ARENA-ELEMENT-TYPE (UNSIGNED-BYTE 8)
                           :WORD-PLANE-ELEMENT-TYPE T
                           :MODEL-REPRESENTATION-CAPACITY 8324
                           :MODEL-DESCRIPTOR-CELLS 8324
                           :TOP-LEVEL-MODEL-PLANE-BYTES 666272
                           :BASE-REFERENCE-RECORD-BYTES 532736
                           :STAGING-BACKING-BYTES 65600
                           :PARTIAL-MODEL-SUBTOTAL-BYTES 1264608
                           :ACCOUNT-PHYSICAL-BYTES 402752
                           :ACCOUNT-AUXILIARY-BYTES 1602112
                           :EXPLICIT-REFERENCE-SCAN-CALLBACKS (4096 4096)
                           :EXPLICIT-NUMERIC-SCAN-CALLBACKS 0
                           :COLLECTOR-SCAN-CALLBACKS :NOT-MEASURED
                           :OBJECTS-DISCOVERED 2 :OBJECTS-MOVED 2 :BYTES-MOVED
                           65568)
; compiling file "/home/iskam/src/vibe/Clamsara/tools/debug.lisp" (written 20 SEP 2026 10:52:04 AM):

; wrote /home/iskam/.cache/common-lisp/sbcl-2.6.8.3-db35d4561-linux-x64/home/iskam/src/vibe/Clamsara/tools/debug-tmpOPCILR65.fasl
; compilation finished in 0:00:00.028
; compiling file "/home/iskam/src/vibe/Clamsara/tools/check-structure.lisp" (written 20 SEP 2026 02:51:43 PM):

; file: /home/iskam/src/vibe/Clamsara/tools/check-structure.lisp
; in: DEFUN %PACKAGE-DESIGNATOR
;     (TYPECASE CLAMSARA.STRUCTURE::VALUE
;       (PACKAGE CLAMSARA.STRUCTURE::VALUE)
;       (SYMBOL (SYMBOL-NAME CLAMSARA.STRUCTURE::VALUE))
;       (STRING CLAMSARA.STRUCTURE::VALUE)
;       (T CLAMSARA.STRUCTURE::VALUE))
; --> IF IF IF THE 
; ==>
;   CLAMSARA.STRUCTURE::VALUE
; 
; note: deleting unreachable code


; wrote /home/iskam/.cache/common-lisp/sbcl-2.6.8.3-db35d4561-linux-x64/home/iskam/src/vibe/Clamsara/tools/check-structure-tmpRV9F8A9A.fasl
; compilation finished in 0:00:00.100
; compiling file "/home/iskam/src/vibe/Clamsara/test/quality/structure.lisp" (written 20 SEP 2026 01:23:24 PM):

; wrote /home/iskam/.cache/common-lisp/sbcl-2.6.8.3-db35d4561-linux-x64/home/iskam/src/vibe/Clamsara/test/quality/structure-tmpK2ZAJT4I.fasl
; compilation finished in 0:00:00.013
; compiling file "/tmp/clamsara-structure-3998918566-2868060911975951755/native-clean.lisp" (written 20 SEP 2026 11:42:46 PM):

; wrote /tmp/clamsara-structure-3998918566-2868060911975951755/native-clean.fasl
; compilation finished in 0:00:00.003
Structure fixture tests passed (30 checks).
(:STATUS :OK :ROOT "/home/iskam/src/vibe/Clamsara/" :FILES
 ("/home/iskam/src/vibe/Clamsara/src/client/atomics.lisp"
  "/home/iskam/src/vibe/Clamsara/src/client/coordinator.lisp"
  "/home/iskam/src/vibe/Clamsara/src/client/diagnostics.lisp"
  "/home/iskam/src/vibe/Clamsara/src/client/finalizers.lisp"
  "/home/iskam/src/vibe/Clamsara/src/client/mapping.lisp"
  "/home/iskam/src/vibe/Clamsara/src/client/metadata.lisp"
  "/home/iskam/src/vibe/Clamsara/src/client/object-model.lisp"
  "/home/iskam/src/vibe/Clamsara/src/client/roots.lisp"
  "/home/iskam/src/vibe/Clamsara/src/construction/build.lisp"
  "/home/iskam/src/vibe/Clamsara/src/construction/graph.lisp"
  "/home/iskam/src/vibe/Clamsara/src/construction/layout.lisp"
  "/home/iskam/src/vibe/Clamsara/src/construction/protocol.lisp"
  "/home/iskam/src/vibe/Clamsara/src/construction/records.lisp"
  "/home/iskam/src/vibe/Clamsara/src/construction/validation.lisp"
  "/home/iskam/src/vibe/Clamsara/src/host/address-space.lisp"
  "/home/iskam/src/vibe/Clamsara/src/host/atomics.lisp"
  "/home/iskam/src/vibe/Clamsara/src/host/auxiliary.lisp"
  "/home/iskam/src/vibe/Clamsara/src/host/coordinator.lisp"
  "/home/iskam/src/vibe/Clamsara/src/host/object-model.lisp"
  "/home/iskam/src/vibe/Clamsara/src/host/resources.lisp"
  "/home/iskam/src/vibe/Clamsara/src/host/roots.lisp"
  "/home/iskam/src/vibe/Clamsara/src/metadata/metadata.lisp"
  "/home/iskam/src/vibe/Clamsara/src/package.lisp"
  "/home/iskam/src/vibe/Clamsara/src/runtime/allocation.lisp"
  "/home/iskam/src/vibe/Clamsara/src/runtime/barrier.lisp"
  "/home/iskam/src/vibe/Clamsara/src/runtime/cycle.lisp"
  "/home/iskam/src/vibe/Clamsara/src/runtime/finalizers.lisp"
  "/home/iskam/src/vibe/Clamsara/src/runtime/protocol.lisp"
  "/home/iskam/src/vibe/Clamsara/src/runtime/records.lisp"
  "/home/iskam/src/vibe/Clamsara/src/runtime/spaces.lisp"
  "/home/iskam/src/vibe/Clamsara/src/runtime/trace.lisp")
 :DEFINITION-COUNT 947 :NATIVE-READER T :NATIVE-INTROSPECTION T
 :NATIVE-COMPILATION-PREREQUISITE
 "Load :CLAMSARA through ASDF before INSPECT-LOADED." :ISSUES NIL)
; 
; compilation unit finished
;   printed 1 note
; compiling file "/home/iskam/src/vibe/Clamsara/test/tools/debug.lisp" (written 20 SEP 2026 10:53:52 AM):

; wrote /home/iskam/.cache/common-lisp/sbcl-2.6.8.3-db35d4561-linux-x64/home/iskam/src/vibe/Clamsara/test/tools/debug-tmpIO5N7K88.fasl
; compilation finished in 0:00:00.005
; compiling file "/tmp/clamsara-debug-G3437.lisp" (written 20 SEP 2026 11:42:46 PM):

; wrote /tmp/clamsara-debug-test.fasl
; compilation finished in 0:00:00.001
; compiling file "/tmp/clamsara-debug-G3440.lisp" (written 20 SEP 2026 11:42:46 PM):

; file: /tmp/clamsara-debug-G3440.lisp
; in: DEFUN BAD-IF
;     (IF T
;         1
;         2
;         3)
; 
; caught ERROR:
;   Error while parsing arguments to special operator IF:
;     too many elements in
;       (T 1 2 3)
;     to satisfy lambda list
;       (TEST THEN &OPTIONAL ELSE):
;     between 2 and 3 expected, but got 4


; wrote /tmp/clamsara-debug-test.fasl
; compilation finished in 0:00:00.000
DEBUG-TOOLS: 14 checks passed
; 
; compilation unit finished
;   caught 1 ERROR condition
WARNING: redefining INVISTRA:CONTROL-STRING in DEFGENERIC
WARNING: redefining INVISTRA::DIRECTIVE-CHARACTER in DEFGENERIC
; compiling file "/home/iskam/src/vibe/Clamsara/src/workload/protocol.lisp" (written 20 SEP 2026 11:22:13 AM):

; wrote /home/iskam/.cache/common-lisp/sbcl-2.6.8.3-db35d4561-linux-x64/home/iskam/src/vibe/Clamsara/src/workload/protocol-tmpCM21U60Z.fasl
; compilation finished in 0:00:00.031
; compiling file "/home/iskam/src/vibe/Clamsara/src/workload/roots.lisp" (written 20 SEP 2026 02:11:38 PM):

; wrote /home/iskam/.cache/common-lisp/sbcl-2.6.8.3-db35d4561-linux-x64/home/iskam/src/vibe/Clamsara/src/workload/roots-tmp9DT7SEFG.fasl
; compilation finished in 0:00:00.044
; compiling file "/home/iskam/src/vibe/Clamsara/src/workload/source.lisp" (written 20 SEP 2026 11:28:54 AM):

; wrote /home/iskam/.cache/common-lisp/sbcl-2.6.8.3-db35d4561-linux-x64/home/iskam/src/vibe/Clamsara/src/workload/source-tmp8065ESJT.fasl
; compilation finished in 0:00:00.001
; compiling file "/home/iskam/src/vibe/Clamsara/src/workload/maclina.lisp" (written 20 SEP 2026 02:54:08 PM):

; wrote /home/iskam/.cache/common-lisp/sbcl-2.6.8.3-db35d4561-linux-x64/home/iskam/src/vibe/Clamsara/src/workload/maclina-tmp7S8Z6FGF.fasl
; compilation finished in 0:00:00.108
; compiling file "/home/iskam/src/vibe/Clamsara/src/workload/control.lisp" (written 20 SEP 2026 01:17:39 PM):

; wrote /home/iskam/.cache/common-lisp/sbcl-2.6.8.3-db35d4561-linux-x64/home/iskam/src/vibe/Clamsara/src/workload/control-tmpSIT3QPKP.fasl
; compilation finished in 0:00:00.028
; compiling file "/home/iskam/src/vibe/Clamsara/src/workload/numbers.lisp" (written 20 SEP 2026 03:17:19 PM):

; wrote /home/iskam/.cache/common-lisp/sbcl-2.6.8.3-db35d4561-linux-x64/home/iskam/src/vibe/Clamsara/src/workload/numbers-tmpE0PA0714.fasl
; compilation finished in 0:00:00.021
; compiling file "/home/iskam/src/vibe/Clamsara/src/workload/setup.lisp" (written 20 SEP 2026 11:17:10 PM):

; file: /home/iskam/src/vibe/Clamsara/src/workload/setup.lisp
; in: DEFUN MAKE-WORKLOAD-RUNTIME
;     (ERROR 'CLAMSARA:WORKLOAD-CAPABILITY-ERROR :OPERATION
;            'CLAMSARA::MAKE-WORKLOAD-RUNTIME :REASON :UNSUPPORTED-HOST-LIMB-WIDTH)
; 
; note: deleting unreachable code


; wrote /home/iskam/.cache/common-lisp/sbcl-2.6.8.3-db35d4561-linux-x64/home/iskam/src/vibe/Clamsara/src/workload/setup-tmpJRWHHVG0.fasl
; compilation finished in 0:00:00.032
; compiling file "/home/iskam/src/vibe/Clamsara/src/workload/gabriel.lisp" (written 20 SEP 2026 10:29:28 AM):

; wrote /home/iskam/.cache/common-lisp/sbcl-2.6.8.3-db35d4561-linux-x64/home/iskam/src/vibe/Clamsara/src/workload/gabriel-tmp4WZVROCX.fasl
; compilation finished in 0:00:00.010
; compiling file "/home/iskam/src/vibe/Clamsara/src/workload/gcbench.lisp" (written 20 SEP 2026 10:29:28 AM):

; wrote /home/iskam/.cache/common-lisp/sbcl-2.6.8.3-db35d4561-linux-x64/home/iskam/src/vibe/Clamsara/src/workload/gcbench-tmpA0I3UKX8.fasl
; compilation finished in 0:00:00.007
; compiling file "/home/iskam/src/vibe/Clamsara/test/workload/adapter.lisp" (written 20 SEP 2026 12:37:08 PM):

; wrote /home/iskam/.cache/common-lisp/sbcl-2.6.8.3-db35d4561-linux-x64/home/iskam/src/vibe/Clamsara/test/workload/adapter-tmp267Y2N80.fasl
; compilation finished in 0:00:00.013
; compiling file "/home/iskam/src/vibe/Clamsara/test/workload/values.lisp" (written 20 SEP 2026 01:21:17 PM):

; wrote /home/iskam/.cache/common-lisp/sbcl-2.6.8.3-db35d4561-linux-x64/home/iskam/src/vibe/Clamsara/test/workload/values-tmpOUPE5FSJ.fasl
; compilation finished in 0:00:00.012
; compiling file "/home/iskam/src/vibe/Clamsara/test/workload/teardown.lisp" (written 20 SEP 2026 01:44:36 PM):

; wrote /home/iskam/.cache/common-lisp/sbcl-2.6.8.3-db35d4561-linux-x64/home/iskam/src/vibe/Clamsara/test/workload/teardown-tmpIGHCU6ZA.fasl
; compilation finished in 0:00:00.010
; compiling file "/home/iskam/src/vibe/Clamsara/test/workload/code-roots.lisp" (written 20 SEP 2026 02:08:06 PM):

; wrote /home/iskam/.cache/common-lisp/sbcl-2.6.8.3-db35d4561-linux-x64/home/iskam/src/vibe/Clamsara/test/workload/code-roots-tmpBO0TUGLK.fasl
; compilation finished in 0:00:00.005
; compiling file "/home/iskam/src/vibe/Clamsara/test/workload/selectors.lisp" (written 20 SEP 2026 02:28:46 PM):

; wrote /home/iskam/.cache/common-lisp/sbcl-2.6.8.3-db35d4561-linux-x64/home/iskam/src/vibe/Clamsara/test/workload/selectors-tmpIIXPIQNW.fasl
; compilation finished in 0:00:00.014
; compiling file "/home/iskam/src/vibe/Clamsara/test/workload/numbers.lisp" (written 20 SEP 2026 02:59:02 PM):

; wrote /home/iskam/.cache/common-lisp/sbcl-2.6.8.3-db35d4561-linux-x64/home/iskam/src/vibe/Clamsara/test/workload/numbers-tmpOHM494YR.fasl
; compilation finished in 0:00:00.013
WORKLOAD-SMOKE payload=managed-cons-pair collection=:complete objects-moved=2
; elapsed 0.0000 seconds
; elapsed 0.0000 seconds
WARNING: Unknown operator POPULATE: treating as global function
WARNING: Unknown operator POPULATE: treating as global function
WARNING: Unknown operator MAKE-TREE: treating as global function
WARNING: Unknown operator MAKE-TREE: treating as global function
WORKLOAD-STRUCTURE-CYCLE nodes=31 moved=16
WORKLOAD-ADAPTER: 36 checks passed
WARNING: Unknown operator POPULATE: treating as global function
WARNING: Unknown operator POPULATE: treating as global function
WARNING: Unknown operator MAKE-TREE: treating as global function
WARNING: Unknown operator MAKE-TREE: treating as global function
VALUE-LIFETIME (:CASE :DISCARDED-RESULT :STATUS :COMPLETE :MOVED 1)
WARNING: Unknown operator POPULATE: treating as global function
WARNING: Unknown operator POPULATE: treating as global function
WARNING: Unknown operator MAKE-TREE: treating as global function
WARNING: Unknown operator MAKE-TREE: treating as global function
VALUE-LIFETIME (:CASE :MULTIPLE-VALUE-PROG1 :STATUS :COMPLETE :MOVED 2)
WARNING: Unknown operator POPULATE: treating as global function
WARNING: Unknown operator POPULATE: treating as global function
WARNING: Unknown operator MAKE-TREE: treating as global function
WARNING: Unknown operator MAKE-TREE: treating as global function
VALUE-LIFETIME (:CASE :UNWIND-PROTECT-VALUES :STATUS :COMPLETE :MOVED 2)
WARNING: Unknown operator POPULATE: treating as global function
WARNING: Unknown operator POPULATE: treating as global function
WARNING: Unknown operator MAKE-TREE: treating as global function
WARNING: Unknown operator MAKE-TREE: treating as global function
VALUE-LIFETIME (:CASE :THROW-VALUES :STATUS :COMPLETE :MOVED 2)
WARNING: Unknown operator POPULATE: treating as global function
WARNING: Unknown operator POPULATE: treating as global function
WARNING: Unknown operator MAKE-TREE: treating as global function
WARNING: Unknown operator MAKE-TREE: treating as global function
VALUE-LIFETIME (:CASE :RETURN-FROM-VALUES :STATUS :COMPLETE :MOVED 2)
WARNING: Unknown operator POPULATE: treating as global function
WARNING: Unknown operator POPULATE: treating as global function
WARNING: Unknown operator MAKE-TREE: treating as global function
WARNING: Unknown operator MAKE-TREE: treating as global function
VALUE-LIFETIME (:CASE :NESTED-PROTECTED-VALUES :STATUS :COMPLETE :MOVED 2)
WARNING: Unknown operator POPULATE: treating as global function
WARNING: Unknown operator POPULATE: treating as global function
WARNING: Unknown operator MAKE-TREE: treating as global function
WARNING: Unknown operator MAKE-TREE: treating as global function
VALUE-LIFETIME (:CASE :ERROR-FRAME-RECOVERY :STATUS :COMPLETE :MOVED 2)
WARNING: Unknown operator POPULATE: treating as global function
WARNING: Unknown operator POPULATE: treating as global function
WARNING: Unknown operator MAKE-TREE: treating as global function
WARNING: Unknown operator MAKE-TREE: treating as global function
VALUE-LIFETIME (:CASE :FRAME-CAPACITY-RECOVERY :STATUS :COMPLETE :MOVED 2)
WARNING: Unknown operator POPULATE: treating as global function
WARNING: Unknown operator POPULATE: treating as global function
WARNING: Unknown operator MAKE-TREE: treating as global function
WARNING: Unknown operator MAKE-TREE: treating as global function
VALUE-LIFETIME (:CASE :ACTIVE-CLOSURE-CELL :STATUS :COMPLETE :MOVED 1)
WORKLOAD-TEARDOWN CLAMSARA.WORKLOAD.TEARDOWN.TEST::TEST-DISCARDED-PAYLOAD :COMPLETE
WORKLOAD-TEARDOWN CLAMSARA.WORKLOAD.TEARDOWN.TEST::TEST-LIVE-RESULT :COMPLETE
WORKLOAD-TEARDOWN CLAMSARA.WORKLOAD.TEARDOWN.TEST::TEST-TEMPORARY-ROOT :COMPLETE
WORKLOAD-TEARDOWN CLAMSARA.WORKLOAD.TEARDOWN.TEST::TEST-GLOBAL-ROOT :COMPLETE
WORKLOAD-TEARDOWN CLAMSARA.WORKLOAD.TEARDOWN.TEST::TEST-ACTIVE-EXECUTION :COMPLETE
WORKLOAD-CODE-ROOTS :ACTIVE-LITERAL :COMPLETE
WORKLOAD-CODE-ROOTS :LITERAL :COMPLETE
WORKLOAD-CODE-ROOTS :CLOSURE :COMPLETE
WORKLOAD-CODE-ROOTS :MACRO :COMPLETE
WORKLOAD-SELECTORS: 95 checks passed
WORKLOAD-NUMBERS quotient/remainder moved=3 bytes=2544
WORKLOAD-NUMBERS: 62 checks passed
; 
; compilation unit finished
;   printed 1 note
; compiling file "/home/iskam/src/vibe/Clamsara/test/runtime/generational.lisp" (written 20 SEP 2026 11:17:10 PM):

; wrote /home/iskam/.cache/common-lisp/sbcl-2.6.8.3-db35d4561-linux-x64/home/iskam/src/vibe/Clamsara/test/runtime/generational-tmpOVFB07XF.fasl
; compilation finished in 0:00:00.017
V14-GENERATIONAL-LIFECYCLE-OK
GENERATIONAL-CONDITIONAL :PACKED weak=16 ephemeron=32
GENERATIONAL-CONDITIONAL :SCALAR weak=16 ephemeron=32
QUALITY-GENERATIONAL-PASS
GEN-HISTORY-PASS starts=:PACKED seed=731 minors=54 majors=18
GEN-HISTORY-PASS starts=:PACKED seed=15799 minors=54 majors=18
GEN-HISTORY-PASS starts=:SCALAR seed=731 minors=54 majors=18
GEN-HISTORY-PASS starts=:SCALAR seed=15799 minors=54 majors=18
GENERATIONAL-HISTORIES-PASS cycles=288 minors=216 majors=72
ROW :BEGIN ((:GENERATION-PROMOTION :PACKED 536870913))
ROW :PROMOTION (:SCOPE :MINOR :STATUS :COMPLETE :REASON :COMPLETE :MOVED 2
                :DISCOVERED 2)
ROW :PROMOTION (:SCOPE :MINOR :STATUS :COMPLETE :REASON :COMPLETE :MOVED 0
                :DISCOVERED 0)
ROW :PROMOTION (:SCOPE :ALL :STATUS :COMPLETE :REASON :COMPLETE :MOVED 0
                :DISCOVERED 2)
ROW :PASS ((:GENERATION-PROMOTION :PACKED 536870913))
ROW :BEGIN ((:GENERATION-PROMOTION :PACKED 268435464))
ROW :PROMOTION (:SCOPE :MINOR :STATUS :COMPLETE :REASON :COMPLETE :MOVED 2
                :DISCOVERED 2)
ROW :PROMOTION (:SCOPE :MINOR :STATUS :COMPLETE :REASON :COMPLETE :MOVED 0
                :DISCOVERED 0)
ROW :PROMOTION (:SCOPE :ALL :STATUS :COMPLETE :REASON :COMPLETE :MOVED 0
                :DISCOVERED 2)
ROW :PASS ((:GENERATION-PROMOTION :PACKED 268435464))
ROW :BEGIN ((:GENERATION-PROMOTION :SCALAR 536870913))
ROW :PROMOTION (:SCOPE :MINOR :STATUS :COMPLETE :REASON :COMPLETE :MOVED 2
                :DISCOVERED 2)
ROW :PROMOTION (:SCOPE :MINOR :STATUS :COMPLETE :REASON :COMPLETE :MOVED 0
                :DISCOVERED 0)
ROW :PROMOTION (:SCOPE :ALL :STATUS :COMPLETE :REASON :COMPLETE :MOVED 0
                :DISCOVERED 2)
ROW :PASS ((:GENERATION-PROMOTION :SCALAR 536870913))
ROW :BEGIN ((:GENERATION-PROMOTION :SCALAR 268435464))
ROW :PROMOTION (:SCOPE :MINOR :STATUS :COMPLETE :REASON :COMPLETE :MOVED 2
                :DISCOVERED 2)
ROW :PROMOTION (:SCOPE :MINOR :STATUS :COMPLETE :REASON :COMPLETE :MOVED 0
                :DISCOVERED 0)
ROW :PROMOTION (:SCOPE :ALL :STATUS :COMPLETE :REASON :COMPLETE :MOVED 0
                :DISCOVERED 2)
ROW :PASS ((:GENERATION-PROMOTION :SCALAR 268435464))
ROW :GENERATIONAL-FINISHED (:PASSED 4 :FAILED 0)
GENERATIONAL-CHECKPOINT-COMPONENTS-PASS
