PRIVATE-OUTPUT-PATHS #P"/tmp/clamsara-cas-staged-yik9o9qk/independent-review/opaque-admission/fasl-01/sbcl-2.6.8.3-db35d4561-linux-x64/one/package.fasl" #P"/tmp/clamsara-cas-staged-yik9o9qk/independent-review/opaque-admission/fasl-01/sbcl-2.6.8.3-db35d4561-linux-x64/two/package.fasl"
; compiling file "/tmp/clamsara-cas-staged-yik9o9qk/src/package.lisp" (written 21 SEP 2026 04:57:20 AM):

; wrote /tmp/clamsara-cas-staged-yik9o9qk/independent-review/opaque-admission/fasl-01/sbcl-2.6.8.3-db35d4561-linux-x64/tmp/clamsara-cas-staged-yik9o9qk/src/package-tmpGHU3ALSV.fasl
; compilation finished in 0:00:00.003
; compiling file "/tmp/clamsara-cas-staged-yik9o9qk/src/client/object-model.lisp" (written 21 SEP 2026 04:57:20 AM):

; wrote /tmp/clamsara-cas-staged-yik9o9qk/independent-review/opaque-admission/fasl-01/sbcl-2.6.8.3-db35d4561-linux-x64/tmp/clamsara-cas-staged-yik9o9qk/src/client/object-model-tmpAAURSO1.fasl
; compilation finished in 0:00:00.003
; compiling file "/tmp/clamsara-cas-staged-yik9o9qk/src/client/metadata.lisp" (written 21 SEP 2026 04:57:20 AM):

; wrote /tmp/clamsara-cas-staged-yik9o9qk/independent-review/opaque-admission/fasl-01/sbcl-2.6.8.3-db35d4561-linux-x64/tmp/clamsara-cas-staged-yik9o9qk/src/client/metadata-tmp5GEXGEG5.fasl
; compilation finished in 0:00:00.001
; compiling file "/tmp/clamsara-cas-staged-yik9o9qk/src/client/roots.lisp" (written 21 SEP 2026 04:57:20 AM):

; wrote /tmp/clamsara-cas-staged-yik9o9qk/independent-review/opaque-admission/fasl-01/sbcl-2.6.8.3-db35d4561-linux-x64/tmp/clamsara-cas-staged-yik9o9qk/src/client/roots-tmpAR3FSGEY.fasl
; compilation finished in 0:00:00.002
; compiling file "/tmp/clamsara-cas-staged-yik9o9qk/src/client/finalizers.lisp" (written 21 SEP 2026 04:57:20 AM):

; wrote /tmp/clamsara-cas-staged-yik9o9qk/independent-review/opaque-admission/fasl-01/sbcl-2.6.8.3-db35d4561-linux-x64/tmp/clamsara-cas-staged-yik9o9qk/src/client/finalizers-tmpJAIDFZTC.fasl
; compilation finished in 0:00:00.001
; compiling file "/tmp/clamsara-cas-staged-yik9o9qk/src/client/atomics.lisp" (written 21 SEP 2026 04:57:20 AM):

; wrote /tmp/clamsara-cas-staged-yik9o9qk/independent-review/opaque-admission/fasl-01/sbcl-2.6.8.3-db35d4561-linux-x64/tmp/clamsara-cas-staged-yik9o9qk/src/client/atomics-tmp8V3J6PE9.fasl
; compilation finished in 0:00:00.000
; compiling file "/tmp/clamsara-cas-staged-yik9o9qk/src/client/mapping.lisp" (written 21 SEP 2026 04:57:20 AM):

; wrote /tmp/clamsara-cas-staged-yik9o9qk/independent-review/opaque-admission/fasl-01/sbcl-2.6.8.3-db35d4561-linux-x64/tmp/clamsara-cas-staged-yik9o9qk/src/client/mapping-tmp9V47YWQF.fasl
; compilation finished in 0:00:00.001
; compiling file "/tmp/clamsara-cas-staged-yik9o9qk/src/client/diagnostics.lisp" (written 21 SEP 2026 04:57:20 AM):

; wrote /tmp/clamsara-cas-staged-yik9o9qk/independent-review/opaque-admission/fasl-01/sbcl-2.6.8.3-db35d4561-linux-x64/tmp/clamsara-cas-staged-yik9o9qk/src/client/diagnostics-tmp9BN22RMA.fasl
; compilation finished in 0:00:00.001
; compiling file "/tmp/clamsara-cas-staged-yik9o9qk/src/client/coordinator.lisp" (written 21 SEP 2026 04:57:20 AM):

; wrote /tmp/clamsara-cas-staged-yik9o9qk/independent-review/opaque-admission/fasl-01/sbcl-2.6.8.3-db35d4561-linux-x64/tmp/clamsara-cas-staged-yik9o9qk/src/client/coordinator-tmp1CXFJSK9.fasl
; compilation finished in 0:00:00.001
; compiling file "/tmp/clamsara-cas-staged-yik9o9qk/src/construction/protocol.lisp" (written 21 SEP 2026 04:57:20 AM):

; wrote /tmp/clamsara-cas-staged-yik9o9qk/independent-review/opaque-admission/fasl-01/sbcl-2.6.8.3-db35d4561-linux-x64/tmp/clamsara-cas-staged-yik9o9qk/src/construction/protocol-tmpX4BRKI0R.fasl
; compilation finished in 0:00:00.017
; compiling file "/tmp/clamsara-cas-staged-yik9o9qk/src/construction/records.lisp" (written 21 SEP 2026 04:57:20 AM):

; wrote /tmp/clamsara-cas-staged-yik9o9qk/independent-review/opaque-admission/fasl-01/sbcl-2.6.8.3-db35d4561-linux-x64/tmp/clamsara-cas-staged-yik9o9qk/src/construction/records-tmpQ371UGST.fasl
; compilation finished in 0:00:00.239
; compiling file "/tmp/clamsara-cas-staged-yik9o9qk/src/construction/graph.lisp" (written 21 SEP 2026 04:57:20 AM):

; wrote /tmp/clamsara-cas-staged-yik9o9qk/independent-review/opaque-admission/fasl-01/sbcl-2.6.8.3-db35d4561-linux-x64/tmp/clamsara-cas-staged-yik9o9qk/src/construction/graph-tmp2OWI3Q7U.fasl
; compilation finished in 0:00:00.059
; compiling file "/tmp/clamsara-cas-staged-yik9o9qk/src/construction/validation.lisp" (written 21 SEP 2026 04:57:20 AM):

; wrote /tmp/clamsara-cas-staged-yik9o9qk/independent-review/opaque-admission/fasl-01/sbcl-2.6.8.3-db35d4561-linux-x64/tmp/clamsara-cas-staged-yik9o9qk/src/construction/validation-tmp9KKTJMYV.fasl
; compilation finished in 0:00:00.066
; compiling file "/tmp/clamsara-cas-staged-yik9o9qk/src/construction/layout.lisp" (written 21 SEP 2026 04:57:20 AM):

; wrote /tmp/clamsara-cas-staged-yik9o9qk/independent-review/opaque-admission/fasl-01/sbcl-2.6.8.3-db35d4561-linux-x64/tmp/clamsara-cas-staged-yik9o9qk/src/construction/layout-tmpJU0JWO19.fasl
; compilation finished in 0:00:00.047
; compiling file "/tmp/clamsara-cas-staged-yik9o9qk/src/construction/build.lisp" (written 21 SEP 2026 04:57:20 AM):

; wrote /tmp/clamsara-cas-staged-yik9o9qk/independent-review/opaque-admission/fasl-01/sbcl-2.6.8.3-db35d4561-linux-x64/tmp/clamsara-cas-staged-yik9o9qk/src/construction/build-tmpZX2WN8N4.fasl
; compilation finished in 0:00:00.073
; compiling file "/tmp/clamsara-cas-staged-yik9o9qk/src/metadata/metadata.lisp" (written 21 SEP 2026 04:57:20 AM):

; wrote /tmp/clamsara-cas-staged-yik9o9qk/independent-review/opaque-admission/fasl-01/sbcl-2.6.8.3-db35d4561-linux-x64/tmp/clamsara-cas-staged-yik9o9qk/src/metadata/metadata-tmpOU81XRV0.fasl
; compilation finished in 0:00:00.101
; compiling file "/tmp/clamsara-cas-staged-yik9o9qk/src/host/roots.lisp" (written 21 SEP 2026 04:57:20 AM):

; wrote /tmp/clamsara-cas-staged-yik9o9qk/independent-review/opaque-admission/fasl-01/sbcl-2.6.8.3-db35d4561-linux-x64/tmp/clamsara-cas-staged-yik9o9qk/src/host/roots-tmpY2ML9CFA.fasl
; compilation finished in 0:00:00.080
; compiling file "/tmp/clamsara-cas-staged-yik9o9qk/src/host/coordinator.lisp" (written 21 SEP 2026 04:57:20 AM):

; wrote /tmp/clamsara-cas-staged-yik9o9qk/independent-review/opaque-admission/fasl-01/sbcl-2.6.8.3-db35d4561-linux-x64/tmp/clamsara-cas-staged-yik9o9qk/src/host/coordinator-tmpX2JYJDQE.fasl
; compilation finished in 0:00:00.026
; compiling file "/tmp/clamsara-cas-staged-yik9o9qk/src/host/resources.lisp" (written 21 SEP 2026 04:57:20 AM):

; wrote /tmp/clamsara-cas-staged-yik9o9qk/independent-review/opaque-admission/fasl-01/sbcl-2.6.8.3-db35d4561-linux-x64/tmp/clamsara-cas-staged-yik9o9qk/src/host/resources-tmpOPCILR65.fasl
; compilation finished in 0:00:00.038
; compiling file "/tmp/clamsara-cas-staged-yik9o9qk/src/host/address-space.lisp" (written 21 SEP 2026 04:57:20 AM):

; wrote /tmp/clamsara-cas-staged-yik9o9qk/independent-review/opaque-admission/fasl-01/sbcl-2.6.8.3-db35d4561-linux-x64/tmp/clamsara-cas-staged-yik9o9qk/src/host/address-space-tmpRV9F8A9A.fasl
; compilation finished in 0:00:00.070
; compiling file "/tmp/clamsara-cas-staged-yik9o9qk/src/runtime/protocol.lisp" (written 21 SEP 2026 04:57:20 AM):

; wrote /tmp/clamsara-cas-staged-yik9o9qk/independent-review/opaque-admission/fasl-01/sbcl-2.6.8.3-db35d4561-linux-x64/tmp/clamsara-cas-staged-yik9o9qk/src/runtime/protocol-tmpK2ZAJT4I.fasl
; compilation finished in 0:00:00.018
; compiling file "/tmp/clamsara-cas-staged-yik9o9qk/src/runtime/records.lisp" (written 21 SEP 2026 04:57:20 AM):

; wrote /tmp/clamsara-cas-staged-yik9o9qk/independent-review/opaque-admission/fasl-01/sbcl-2.6.8.3-db35d4561-linux-x64/tmp/clamsara-cas-staged-yik9o9qk/src/runtime/records-tmpUX5S4ADN.fasl
; compilation finished in 0:00:00.051
; compiling file "/tmp/clamsara-cas-staged-yik9o9qk/src/runtime/barrier.lisp" (written 21 SEP 2026 04:57:20 AM):

; wrote /tmp/clamsara-cas-staged-yik9o9qk/independent-review/opaque-admission/fasl-01/sbcl-2.6.8.3-db35d4561-linux-x64/tmp/clamsara-cas-staged-yik9o9qk/src/runtime/barrier-tmp10401X32.fasl
; compilation finished in 0:00:00.024
; compiling file "/tmp/clamsara-cas-staged-yik9o9qk/src/runtime/finalizers.lisp" (written 21 SEP 2026 04:57:20 AM):

; wrote /tmp/clamsara-cas-staged-yik9o9qk/independent-review/opaque-admission/fasl-01/sbcl-2.6.8.3-db35d4561-linux-x64/tmp/clamsara-cas-staged-yik9o9qk/src/runtime/finalizers-tmpZ7CBRM0G.fasl
; compilation finished in 0:00:00.051
; compiling file "/tmp/clamsara-cas-staged-yik9o9qk/src/runtime/trace.lisp" (written 21 SEP 2026 04:57:20 AM):

; wrote /tmp/clamsara-cas-staged-yik9o9qk/independent-review/opaque-admission/fasl-01/sbcl-2.6.8.3-db35d4561-linux-x64/tmp/clamsara-cas-staged-yik9o9qk/src/runtime/trace-tmp9OZEQ0G2.fasl
; compilation finished in 0:00:00.032
; compiling file "/tmp/clamsara-cas-staged-yik9o9qk/src/runtime/spaces.lisp" (written 21 SEP 2026 04:57:20 AM):

; wrote /tmp/clamsara-cas-staged-yik9o9qk/independent-review/opaque-admission/fasl-01/sbcl-2.6.8.3-db35d4561-linux-x64/tmp/clamsara-cas-staged-yik9o9qk/src/runtime/spaces-tmpB2JTL1W9.fasl
; compilation finished in 0:00:00.078
; compiling file "/tmp/clamsara-cas-staged-yik9o9qk/src/runtime/cycle.lisp" (written 21 SEP 2026 04:57:20 AM):

; wrote /tmp/clamsara-cas-staged-yik9o9qk/independent-review/opaque-admission/fasl-01/sbcl-2.6.8.3-db35d4561-linux-x64/tmp/clamsara-cas-staged-yik9o9qk/src/runtime/cycle-tmpP3BI68WQ.fasl
; compilation finished in 0:00:00.039
; compiling file "/tmp/clamsara-cas-staged-yik9o9qk/src/runtime/allocation.lisp" (written 21 SEP 2026 04:57:20 AM):

; wrote /tmp/clamsara-cas-staged-yik9o9qk/independent-review/opaque-admission/fasl-01/sbcl-2.6.8.3-db35d4561-linux-x64/tmp/clamsara-cas-staged-yik9o9qk/src/runtime/allocation-tmpQDARA81Z.fasl
; compilation finished in 0:00:00.013
; compiling file "/tmp/clamsara-cas-staged-yik9o9qk/src/host/object-model.lisp" (written 21 SEP 2026 04:57:20 AM):

; file: /tmp/clamsara-cas-staged-yik9o9qk/src/host/object-model.lisp
; in: DEFUN %HOST-NORMALIZE-STRONG-LAYOUT
;     'NIL
; 
; note: deleting unreachable code

; in: DEFMETHOD MAKE-OBJECT-KIND-DESCRIPTION (HOST-OBJECT-MODEL T)
;     'NIL
; 
; note: deleting unreachable code
; 
; note: deleting unreachable code

; in: DEFMETHOD BIND-OBJECT-MODEL (HOST-OBJECT-MODEL T T)
;     (ERROR "Hosted nonbase codes require 46-bit fixnums")
; 
; note: deleting unreachable code


; wrote /tmp/clamsara-cas-staged-yik9o9qk/independent-review/opaque-admission/fasl-01/sbcl-2.6.8.3-db35d4561-linux-x64/tmp/clamsara-cas-staged-yik9o9qk/src/host/object-model-tmpYEMMM7SE.fasl
; compilation finished in 0:00:00.350
; compiling file "/tmp/clamsara-cas-staged-yik9o9qk/src/host/atomics.lisp" (written 21 SEP 2026 04:57:20 AM):

; wrote /tmp/clamsara-cas-staged-yik9o9qk/independent-review/opaque-admission/fasl-01/sbcl-2.6.8.3-db35d4561-linux-x64/tmp/clamsara-cas-staged-yik9o9qk/src/host/atomics-tmp73HU0RPK.fasl
; compilation finished in 0:00:00.028
; compiling file "/tmp/clamsara-cas-staged-yik9o9qk/src/host/auxiliary.lisp" (written 21 SEP 2026 04:57:20 AM):

; wrote /tmp/clamsara-cas-staged-yik9o9qk/independent-review/opaque-admission/fasl-01/sbcl-2.6.8.3-db35d4561-linux-x64/tmp/clamsara-cas-staged-yik9o9qk/src/host/auxiliary-tmpIO5N7K88.fasl
; compilation finished in 0:00:00.021
; compiling file "/tmp/clamsara-cas-staged-yik9o9qk/test/quality/support.lisp" (written 21 SEP 2026 04:57:20 AM):

; wrote /tmp/clamsara-cas-staged-yik9o9qk/independent-review/opaque-admission/fasl-01/sbcl-2.6.8.3-db35d4561-linux-x64/tmp/clamsara-cas-staged-yik9o9qk/test/quality/support-tmpCM21U60Z.fasl
; compilation finished in 0:00:00.076
; 
; compilation unit finished
;   printed 4 notes
OPAQUE-BASELINE-ROOT /tmp/clamsara-cas-staged-yik9o9qk/ implementation=SBCL/2.6.8.3-db35d4561
OPAQUE-APPLICABILITY (:PHASE :ADMIT :NIL-PROBE NIL :OWN-TOKEN (NIL)
                      :TOKEN-OWNED-BY-CONTRIBUTION T :EXECUTED NIL)
OPAQUE-APPLICABILITY (:PHASE :TRANSFORM :NIL-PROBE NIL :OWN-TOKEN (NIL)
                      :TOKEN-OWNED-BY-CONTRIBUTION T :EXECUTED NIL)
OPAQUE-APPLICABILITY (:PHASE :BEFORE :NIL-PROBE NIL :OWN-TOKEN (NIL)
                      :TOKEN-OWNED-BY-CONTRIBUTION T :EXECUTED NIL)
OPAQUE-APPLICABILITY (:PHASE :AFTER :NIL-PROBE NIL :OWN-TOKEN (NIL)
                      :TOKEN-OWNED-BY-CONTRIBUTION T :EXECUTED NIL)
OPAQUE-APPLICABILITY (:PHASE :CANCEL :NIL-PROBE NIL :OWN-TOKEN (NIL)
                      :TOKEN-OWNED-BY-CONTRIBUTION T :EXECUTED NIL)
OPAQUE-ADMISSION-PASS (CLAMSARA.INDEPENDENT.OPAQUE-ADMISSION::BROAD-RULE NIL
                       CLAMSARA.INDEPENDENT.OPAQUE-ADMISSION::PRIVATE-TOKEN)
OPAQUE-ADMISSION-PASS (CLAMSARA.INDEPENDENT.OPAQUE-ADMISSION::BROAD-RULE
                       :RETRY-TRANSFORM
                       CLAMSARA.INDEPENDENT.OPAQUE-ADMISSION::PRIVATE-TOKEN)
OPAQUE-ADMISSION-FAIL (CLAMSARA.INDEPENDENT.OPAQUE-ADMISSION::TYPED-ADMIT-RULE
                       NIL CLAMSARA.INDEPENDENT.OPAQUE-ADMISSION::PRIVATE-TOKEN) [SIMPLE-ERROR] Valid own-token contributor rejected: Construction rejected (:BARRIER-COMPOSITION-SIGNALED) at ((:ROOT
                                                                                                                                                                                                 :PLAN
                                                                                                                                                                                                 :BARRIER
                                                                                                                                                                                                 0
                                                                                                                                                                                                 :DESCRIPTION)); cause: v14 runtime rejected entry: :MISSING-BARRIER-EXECUTION-METHOD
OPAQUE-ADMISSION-FAIL (CLAMSARA.INDEPENDENT.OPAQUE-ADMISSION::TYPED-ADMIT-RULE
                       :RETRY-TRANSFORM
                       CLAMSARA.INDEPENDENT.OPAQUE-ADMISSION::PRIVATE-TOKEN) [SIMPLE-ERROR] Valid own-token contributor rejected: Construction rejected (:BARRIER-COMPOSITION-SIGNALED) at ((:ROOT
                                                                                                                                                                                             :PLAN
                                                                                                                                                                                             :BARRIER
                                                                                                                                                                                             0
                                                                                                                                                                                             :DESCRIPTION)); cause: v14 runtime rejected entry: :MISSING-BARRIER-EXECUTION-METHOD
OPAQUE-ADMISSION-FAIL (CLAMSARA.INDEPENDENT.OPAQUE-ADMISSION::TYPED-TRANSFORM-RULE
                       NIL CLAMSARA.INDEPENDENT.OPAQUE-ADMISSION::PRIVATE-TOKEN) [SIMPLE-ERROR] Valid own-token contributor rejected: Construction rejected (:BARRIER-COMPOSITION-SIGNALED) at ((:ROOT
                                                                                                                                                                                                 :PLAN
                                                                                                                                                                                                 :BARRIER
                                                                                                                                                                                                 0
                                                                                                                                                                                                 :DESCRIPTION)); cause: v14 runtime rejected entry: :MISSING-BARRIER-EXECUTION-METHOD
OPAQUE-ADMISSION-FAIL (CLAMSARA.INDEPENDENT.OPAQUE-ADMISSION::TYPED-TRANSFORM-RULE
                       :RETRY-TRANSFORM
                       CLAMSARA.INDEPENDENT.OPAQUE-ADMISSION::PRIVATE-TOKEN) [SIMPLE-ERROR] Valid own-token contributor rejected: Construction rejected (:BARRIER-COMPOSITION-SIGNALED) at ((:ROOT
                                                                                                                                                                                             :PLAN
                                                                                                                                                                                             :BARRIER
                                                                                                                                                                                             0
                                                                                                                                                                                             :DESCRIPTION)); cause: v14 runtime rejected entry: :MISSING-BARRIER-EXECUTION-METHOD
OPAQUE-ADMISSION-FAIL (CLAMSARA.INDEPENDENT.OPAQUE-ADMISSION::TYPED-BEFORE-RULE
                       NIL CLAMSARA.INDEPENDENT.OPAQUE-ADMISSION::PRIVATE-TOKEN) [SIMPLE-ERROR] Valid own-token contributor rejected: Construction rejected (:BARRIER-COMPOSITION-SIGNALED) at ((:ROOT
                                                                                                                                                                                                 :PLAN
                                                                                                                                                                                                 :BARRIER
                                                                                                                                                                                                 0
                                                                                                                                                                                                 :DESCRIPTION)); cause: v14 runtime rejected entry: :MISSING-BARRIER-EXECUTION-METHOD
OPAQUE-ADMISSION-FAIL (CLAMSARA.INDEPENDENT.OPAQUE-ADMISSION::TYPED-BEFORE-RULE
                       :RETRY-TRANSFORM
                       CLAMSARA.INDEPENDENT.OPAQUE-ADMISSION::PRIVATE-TOKEN) [SIMPLE-ERROR] Valid own-token contributor rejected: Construction rejected (:BARRIER-COMPOSITION-SIGNALED) at ((:ROOT
                                                                                                                                                                                             :PLAN
                                                                                                                                                                                             :BARRIER
                                                                                                                                                                                             0
                                                                                                                                                                                             :DESCRIPTION)); cause: v14 runtime rejected entry: :MISSING-BARRIER-EXECUTION-METHOD
OPAQUE-ADMISSION-FAIL (CLAMSARA.INDEPENDENT.OPAQUE-ADMISSION::TYPED-AFTER-RULE
                       NIL CLAMSARA.INDEPENDENT.OPAQUE-ADMISSION::PRIVATE-TOKEN) [SIMPLE-ERROR] Valid own-token contributor rejected: Construction rejected (:BARRIER-COMPOSITION-SIGNALED) at ((:ROOT
                                                                                                                                                                                                 :PLAN
                                                                                                                                                                                                 :BARRIER
                                                                                                                                                                                                 0
                                                                                                                                                                                                 :DESCRIPTION)); cause: v14 runtime rejected entry: :MISSING-BARRIER-EXECUTION-METHOD
OPAQUE-ADMISSION-FAIL (CLAMSARA.INDEPENDENT.OPAQUE-ADMISSION::TYPED-AFTER-RULE
                       :RETRY-TRANSFORM
                       CLAMSARA.INDEPENDENT.OPAQUE-ADMISSION::PRIVATE-TOKEN) [SIMPLE-ERROR] Valid own-token contributor rejected: Construction rejected (:BARRIER-COMPOSITION-SIGNALED) at ((:ROOT
                                                                                                                                                                                             :PLAN
                                                                                                                                                                                             :BARRIER
                                                                                                                                                                                             0
                                                                                                                                                                                             :DESCRIPTION)); cause: v14 runtime rejected entry: :MISSING-BARRIER-EXECUTION-METHOD
OPAQUE-ADMISSION-FAIL (CLAMSARA.INDEPENDENT.OPAQUE-ADMISSION::TYPED-CANCEL-RULE
                       NIL CLAMSARA.INDEPENDENT.OPAQUE-ADMISSION::PRIVATE-TOKEN) [SIMPLE-ERROR] Valid own-token contributor rejected: Construction rejected (:BARRIER-COMPOSITION-SIGNALED) at ((:ROOT
                                                                                                                                                                                                 :PLAN
                                                                                                                                                                                                 :BARRIER
                                                                                                                                                                                                 0
                                                                                                                                                                                                 :DESCRIPTION)); cause: v14 runtime rejected entry: :MISSING-BARRIER-EXECUTION-METHOD
OPAQUE-ADMISSION-FAIL (CLAMSARA.INDEPENDENT.OPAQUE-ADMISSION::TYPED-CANCEL-RULE
                       :RETRY-TRANSFORM
                       CLAMSARA.INDEPENDENT.OPAQUE-ADMISSION::PRIVATE-TOKEN) [SIMPLE-ERROR] Valid own-token contributor rejected: Construction rejected (:BARRIER-COMPOSITION-SIGNALED) at ((:ROOT
                                                                                                                                                                                             :PLAN
                                                                                                                                                                                             :BARRIER
                                                                                                                                                                                             0
                                                                                                                                                                                             :DESCRIPTION)); cause: v14 runtime rejected entry: :MISSING-BARRIER-EXECUTION-METHOD
OPAQUE-ADMISSION-FAIL (CLAMSARA.INDEPENDENT.OPAQUE-ADMISSION::TYPED-ALL-RULE
                       NIL CLAMSARA.INDEPENDENT.OPAQUE-ADMISSION::PRIVATE-TOKEN) [SIMPLE-ERROR] Valid own-token contributor rejected: Construction rejected (:BARRIER-COMPOSITION-SIGNALED) at ((:ROOT
                                                                                                                                                                                                 :PLAN
                                                                                                                                                                                                 :BARRIER
                                                                                                                                                                                                 0
                                                                                                                                                                                                 :DESCRIPTION)); cause: v14 runtime rejected entry: :MISSING-BARRIER-EXECUTION-METHOD
OPAQUE-ADMISSION-FAIL (CLAMSARA.INDEPENDENT.OPAQUE-ADMISSION::TYPED-ALL-RULE
                       :RETRY-TRANSFORM
                       CLAMSARA.INDEPENDENT.OPAQUE-ADMISSION::PRIVATE-TOKEN) [SIMPLE-ERROR] Valid own-token contributor rejected: Construction rejected (:BARRIER-COMPOSITION-SIGNALED) at ((:ROOT
                                                                                                                                                                                             :PLAN
                                                                                                                                                                                             :BARRIER
                                                                                                                                                                                             0
                                                                                                                                                                                             :DESCRIPTION)); cause: v14 runtime rejected entry: :MISSING-BARRIER-EXECUTION-METHOD
OPAQUE-ADMISSION-FAIL (CLAMSARA.INDEPENDENT.OPAQUE-ADMISSION::TYPED-EQL-READ-RULE
                       NIL CLAMSARA.INDEPENDENT.OPAQUE-ADMISSION::PRIVATE-TOKEN) [SIMPLE-ERROR] Valid own-token contributor rejected: Construction rejected (:BARRIER-COMPOSITION-SIGNALED) at ((:ROOT
                                                                                                                                                                                                 :PLAN
                                                                                                                                                                                                 :BARRIER
                                                                                                                                                                                                 0
                                                                                                                                                                                                 :DESCRIPTION)); cause: v14 runtime rejected entry: :MISSING-BARRIER-EXECUTION-METHOD
OPAQUE-ADMISSION-FAIL (CLAMSARA.INDEPENDENT.OPAQUE-ADMISSION::TYPED-EQL-READ-RULE
                       :RETRY-TRANSFORM
                       CLAMSARA.INDEPENDENT.OPAQUE-ADMISSION::PRIVATE-TOKEN) [SIMPLE-ERROR] Valid own-token contributor rejected: Construction rejected (:BARRIER-COMPOSITION-SIGNALED) at ((:ROOT
                                                                                                                                                                                             :PLAN
                                                                                                                                                                                             :BARRIER
                                                                                                                                                                                             0
                                                                                                                                                                                             :DESCRIPTION)); cause: v14 runtime rejected entry: :MISSING-BARRIER-EXECUTION-METHOD
OPAQUE-ADMISSION-FAIL (CLAMSARA.INDEPENDENT.OPAQUE-ADMISSION::TYPED-ALL-RULE
                       NIL
                       CLAMSARA.INDEPENDENT.OPAQUE-ADMISSION::PRIVATE-TOKEN-CHILD) [SIMPLE-ERROR] Valid own-token contributor rejected: Construction rejected (:BARRIER-COMPOSITION-SIGNALED) at ((:ROOT
                                                                                                                                                                                                   :PLAN
                                                                                                                                                                                                   :BARRIER
                                                                                                                                                                                                   0
                                                                                                                                                                                                   :DESCRIPTION)); cause: v14 runtime rejected entry: :MISSING-BARRIER-EXECUTION-METHOD
OPAQUE-ADMISSION-FAIL (CLAMSARA.INDEPENDENT.OPAQUE-ADMISSION::OBSERVE-NO-TRANSFORM-RULE
                       NIL CLAMSARA.INDEPENDENT.OPAQUE-ADMISSION::PRIVATE-TOKEN) [SIMPLE-ERROR] Valid own-token contributor rejected: Construction rejected (:BARRIER-COMPOSITION-SIGNALED) at ((:ROOT
                                                                                                                                                                                                 :PLAN
                                                                                                                                                                                                 :BARRIER
                                                                                                                                                                                                 0
                                                                                                                                                                                                 :DESCRIPTION)); cause: v14 runtime rejected entry: :MISSING-BARRIER-EXECUTION-METHOD
OPAQUE-ADMISSION-PASS (CLAMSARA.INDEPENDENT.OPAQUE-ADMISSION::MISSING-RESERVE-RULE
                       :REJECT
                       CLAMSARA.INDEPENDENT.OPAQUE-ADMISSION::PRIVATE-TOKEN)
OPAQUE-ADMISSION-PASS (CLAMSARA.INDEPENDENT.OPAQUE-ADMISSION::MISSING-ADMIT-RULE
                       :REJECT
                       CLAMSARA.INDEPENDENT.OPAQUE-ADMISSION::PRIVATE-TOKEN)
OPAQUE-ADMISSION-PASS (CLAMSARA.INDEPENDENT.OPAQUE-ADMISSION::MISSING-TRANSFORM-RULE
                       :REJECT
                       CLAMSARA.INDEPENDENT.OPAQUE-ADMISSION::PRIVATE-TOKEN)
OPAQUE-ADMISSION-PASS (CLAMSARA.INDEPENDENT.OPAQUE-ADMISSION::MISSING-BEFORE-RULE
                       :REJECT
                       CLAMSARA.INDEPENDENT.OPAQUE-ADMISSION::PRIVATE-TOKEN)
OPAQUE-ADMISSION-PASS (CLAMSARA.INDEPENDENT.OPAQUE-ADMISSION::MISSING-AFTER-RULE
                       :REJECT
                       CLAMSARA.INDEPENDENT.OPAQUE-ADMISSION::PRIVATE-TOKEN)
OPAQUE-ADMISSION-PASS (CLAMSARA.INDEPENDENT.OPAQUE-ADMISSION::MISSING-CANCEL-RULE
                       :REJECT
                       CLAMSARA.INDEPENDENT.OPAQUE-ADMISSION::PRIVATE-TOKEN)
OPAQUE-ADMISSION-PASS (CLAMSARA.INDEPENDENT.OPAQUE-ADMISSION::WRONG-RESERVE-EVENT-RULE
                       :REJECT
                       CLAMSARA.INDEPENDENT.OPAQUE-ADMISSION::PRIVATE-TOKEN)
OPAQUE-ADMISSION-PASS (CLAMSARA.INDEPENDENT.OPAQUE-ADMISSION::WRONG-ADMIT-EVENT-RULE
                       :REJECT
                       CLAMSARA.INDEPENDENT.OPAQUE-ADMISSION::PRIVATE-TOKEN)
OPAQUE-ADMISSION-PASS (CLAMSARA.INDEPENDENT.OPAQUE-ADMISSION::WRONG-TRANSFORM-EVENT-RULE
                       :REJECT
                       CLAMSARA.INDEPENDENT.OPAQUE-ADMISSION::PRIVATE-TOKEN)
OPAQUE-ADMISSION-PASS (CLAMSARA.INDEPENDENT.OPAQUE-ADMISSION::WRONG-BEFORE-EVENT-RULE
                       :REJECT
                       CLAMSARA.INDEPENDENT.OPAQUE-ADMISSION::PRIVATE-TOKEN)
OPAQUE-ADMISSION-PASS (CLAMSARA.INDEPENDENT.OPAQUE-ADMISSION::WRONG-AFTER-EVENT-RULE
                       :REJECT
                       CLAMSARA.INDEPENDENT.OPAQUE-ADMISSION::PRIVATE-TOKEN)
OPAQUE-ADMISSION-FAIL (CLAMSARA.INDEPENDENT.OPAQUE-ADMISSION::BEFORE-ONLY-RULE
                       :REJECT
                       CLAMSARA.INDEPENDENT.OPAQUE-ADMISSION::PRIVATE-TOKEN) [SIMPLE-ERROR] Missing method published instead of rejecting
OPAQUE-ADMISSION-FAIL (CLAMSARA.INDEPENDENT.OPAQUE-ADMISSION::AFTER-ONLY-RULE
                       :REJECT
                       CLAMSARA.INDEPENDENT.OPAQUE-ADMISSION::PRIVATE-TOKEN) [SIMPLE-ERROR] Missing method published instead of rejecting
OPAQUE-ADMISSION-FAIL (CLAMSARA.INDEPENDENT.OPAQUE-ADMISSION::AROUND-ONLY-RULE
                       :REJECT
                       CLAMSARA.INDEPENDENT.OPAQUE-ADMISSION::PRIVATE-TOKEN) [SIMPLE-ERROR] Missing method published instead of rejecting
OPAQUE-ADMISSION-FAIL (CLAMSARA.INDEPENDENT.OPAQUE-ADMISSION::COMBINED-RULE NIL
                       CLAMSARA.INDEPENDENT.OPAQUE-ADMISSION::PRIVATE-TOKEN) [SIMPLE-ERROR] Valid own-token contributor rejected: Construction rejected (:BARRIER-COMPOSITION-SIGNALED) at ((:ROOT
                                                                                                                                                                                             :PLAN
                                                                                                                                                                                             :BARRIER
                                                                                                                                                                                             0
                                                                                                                                                                                             :DESCRIPTION)); cause: v14 runtime rejected entry: :MISSING-BARRIER-EXECUTION-METHOD
OPAQUE-ADMISSION-FAIL (CLAMSARA.INDEPENDENT.OPAQUE-ADMISSION::COMBINED-RULE
                       :RETRY-TRANSFORM
                       CLAMSARA.INDEPENDENT.OPAQUE-ADMISSION::PRIVATE-TOKEN) [SIMPLE-ERROR] Valid own-token contributor rejected: Construction rejected (:BARRIER-COMPOSITION-SIGNALED) at ((:ROOT
                                                                                                                                                                                             :PLAN
                                                                                                                                                                                             :BARRIER
                                                                                                                                                                                             0
                                                                                                                                                                                             :DESCRIPTION)); cause: v14 runtime rejected entry: :MISSING-BARRIER-EXECUTION-METHOD
OPAQUE-ADMISSION-SUMMARY cases=34 failures=21 new-failed=21 new-rejected=11 retained-failed=21 retained-rejected=11
OPAQUE-STRICT-RUNNER-ERROR [SIMPLE-ERROR] Opaque admission acceptance failures: 21
OPAQUE-RETAINED-FAIL (CLAMSARA.INDEPENDENT.OPAQUE-ADMISSION::COMBINED-RULE
                      :RETRY-TRANSFORM
                      CLAMSARA.INDEPENDENT.OPAQUE-ADMISSION::PRIVATE-TOKEN) world=NIL plan=T config=:FAILED construction=:RELEASED outer=:BARRIER-COMPOSITION-SIGNALED cause=:MISSING-BARRIER-EXECUTION-METHOD roots=NIL
OPAQUE-RETAINED-FAIL (CLAMSARA.INDEPENDENT.OPAQUE-ADMISSION::COMBINED-RULE NIL
                      CLAMSARA.INDEPENDENT.OPAQUE-ADMISSION::PRIVATE-TOKEN) world=NIL plan=T config=:FAILED construction=:RELEASED outer=:BARRIER-COMPOSITION-SIGNALED cause=:MISSING-BARRIER-EXECUTION-METHOD roots=NIL
OPAQUE-RETAINED-FAIL (CLAMSARA.INDEPENDENT.OPAQUE-ADMISSION::AROUND-ONLY-RULE
                      :REJECT
                      CLAMSARA.INDEPENDENT.OPAQUE-ADMISSION::PRIVATE-TOKEN) world=T plan=T config=:PUBLISHED construction=:PUBLISHED outer=NIL cause=NIL roots=T
OPAQUE-RETAINED-FAIL (CLAMSARA.INDEPENDENT.OPAQUE-ADMISSION::AFTER-ONLY-RULE
                      :REJECT
                      CLAMSARA.INDEPENDENT.OPAQUE-ADMISSION::PRIVATE-TOKEN) world=T plan=T config=:PUBLISHED construction=:PUBLISHED outer=NIL cause=NIL roots=T
OPAQUE-RETAINED-FAIL (CLAMSARA.INDEPENDENT.OPAQUE-ADMISSION::BEFORE-ONLY-RULE
                      :REJECT
                      CLAMSARA.INDEPENDENT.OPAQUE-ADMISSION::PRIVATE-TOKEN) world=T plan=T config=:PUBLISHED construction=:PUBLISHED outer=NIL cause=NIL roots=T
OPAQUE-RETAINED-FAIL (CLAMSARA.INDEPENDENT.OPAQUE-ADMISSION::OBSERVE-NO-TRANSFORM-RULE
                      NIL CLAMSARA.INDEPENDENT.OPAQUE-ADMISSION::PRIVATE-TOKEN) world=NIL plan=T config=:FAILED construction=:RELEASED outer=:BARRIER-COMPOSITION-SIGNALED cause=:MISSING-BARRIER-EXECUTION-METHOD roots=NIL
OPAQUE-RETAINED-FAIL (CLAMSARA.INDEPENDENT.OPAQUE-ADMISSION::TYPED-ALL-RULE NIL
                      CLAMSARA.INDEPENDENT.OPAQUE-ADMISSION::PRIVATE-TOKEN-CHILD) world=NIL plan=T config=:FAILED construction=:RELEASED outer=:BARRIER-COMPOSITION-SIGNALED cause=:MISSING-BARRIER-EXECUTION-METHOD roots=NIL
OPAQUE-RETAINED-FAIL (CLAMSARA.INDEPENDENT.OPAQUE-ADMISSION::TYPED-EQL-READ-RULE
                      :RETRY-TRANSFORM
                      CLAMSARA.INDEPENDENT.OPAQUE-ADMISSION::PRIVATE-TOKEN) world=NIL plan=T config=:FAILED construction=:RELEASED outer=:BARRIER-COMPOSITION-SIGNALED cause=:MISSING-BARRIER-EXECUTION-METHOD roots=NIL
OPAQUE-RETAINED-FAIL (CLAMSARA.INDEPENDENT.OPAQUE-ADMISSION::TYPED-EQL-READ-RULE
                      NIL CLAMSARA.INDEPENDENT.OPAQUE-ADMISSION::PRIVATE-TOKEN) world=NIL plan=T config=:FAILED construction=:RELEASED outer=:BARRIER-COMPOSITION-SIGNALED cause=:MISSING-BARRIER-EXECUTION-METHOD roots=NIL
OPAQUE-RETAINED-FAIL (CLAMSARA.INDEPENDENT.OPAQUE-ADMISSION::TYPED-ALL-RULE
                      :RETRY-TRANSFORM
                      CLAMSARA.INDEPENDENT.OPAQUE-ADMISSION::PRIVATE-TOKEN) world=NIL plan=T config=:FAILED construction=:RELEASED outer=:BARRIER-COMPOSITION-SIGNALED cause=:MISSING-BARRIER-EXECUTION-METHOD roots=NIL
OPAQUE-RETAINED-FAIL (CLAMSARA.INDEPENDENT.OPAQUE-ADMISSION::TYPED-ALL-RULE NIL
                      CLAMSARA.INDEPENDENT.OPAQUE-ADMISSION::PRIVATE-TOKEN) world=NIL plan=T config=:FAILED construction=:RELEASED outer=:BARRIER-COMPOSITION-SIGNALED cause=:MISSING-BARRIER-EXECUTION-METHOD roots=NIL
OPAQUE-RETAINED-FAIL (CLAMSARA.INDEPENDENT.OPAQUE-ADMISSION::TYPED-CANCEL-RULE
                      :RETRY-TRANSFORM
                      CLAMSARA.INDEPENDENT.OPAQUE-ADMISSION::PRIVATE-TOKEN) world=NIL plan=T config=:FAILED construction=:RELEASED outer=:BARRIER-COMPOSITION-SIGNALED cause=:MISSING-BARRIER-EXECUTION-METHOD roots=NIL
OPAQUE-RETAINED-FAIL (CLAMSARA.INDEPENDENT.OPAQUE-ADMISSION::TYPED-CANCEL-RULE
                      NIL CLAMSARA.INDEPENDENT.OPAQUE-ADMISSION::PRIVATE-TOKEN) world=NIL plan=T config=:FAILED construction=:RELEASED outer=:BARRIER-COMPOSITION-SIGNALED cause=:MISSING-BARRIER-EXECUTION-METHOD roots=NIL
OPAQUE-RETAINED-FAIL (CLAMSARA.INDEPENDENT.OPAQUE-ADMISSION::TYPED-AFTER-RULE
                      :RETRY-TRANSFORM
                      CLAMSARA.INDEPENDENT.OPAQUE-ADMISSION::PRIVATE-TOKEN) world=NIL plan=T config=:FAILED construction=:RELEASED outer=:BARRIER-COMPOSITION-SIGNALED cause=:MISSING-BARRIER-EXECUTION-METHOD roots=NIL
OPAQUE-RETAINED-FAIL (CLAMSARA.INDEPENDENT.OPAQUE-ADMISSION::TYPED-AFTER-RULE
                      NIL CLAMSARA.INDEPENDENT.OPAQUE-ADMISSION::PRIVATE-TOKEN) world=NIL plan=T config=:FAILED construction=:RELEASED outer=:BARRIER-COMPOSITION-SIGNALED cause=:MISSING-BARRIER-EXECUTION-METHOD roots=NIL
OPAQUE-RETAINED-FAIL (CLAMSARA.INDEPENDENT.OPAQUE-ADMISSION::TYPED-BEFORE-RULE
                      :RETRY-TRANSFORM
                      CLAMSARA.INDEPENDENT.OPAQUE-ADMISSION::PRIVATE-TOKEN) world=NIL plan=T config=:FAILED construction=:RELEASED outer=:BARRIER-COMPOSITION-SIGNALED cause=:MISSING-BARRIER-EXECUTION-METHOD roots=NIL
OPAQUE-RETAINED-FAIL (CLAMSARA.INDEPENDENT.OPAQUE-ADMISSION::TYPED-BEFORE-RULE
                      NIL CLAMSARA.INDEPENDENT.OPAQUE-ADMISSION::PRIVATE-TOKEN) world=NIL plan=T config=:FAILED construction=:RELEASED outer=:BARRIER-COMPOSITION-SIGNALED cause=:MISSING-BARRIER-EXECUTION-METHOD roots=NIL
OPAQUE-RETAINED-FAIL (CLAMSARA.INDEPENDENT.OPAQUE-ADMISSION::TYPED-TRANSFORM-RULE
                      :RETRY-TRANSFORM
                      CLAMSARA.INDEPENDENT.OPAQUE-ADMISSION::PRIVATE-TOKEN) world=NIL plan=T config=:FAILED construction=:RELEASED outer=:BARRIER-COMPOSITION-SIGNALED cause=:MISSING-BARRIER-EXECUTION-METHOD roots=NIL
OPAQUE-RETAINED-FAIL (CLAMSARA.INDEPENDENT.OPAQUE-ADMISSION::TYPED-TRANSFORM-RULE
                      NIL CLAMSARA.INDEPENDENT.OPAQUE-ADMISSION::PRIVATE-TOKEN) world=NIL plan=T config=:FAILED construction=:RELEASED outer=:BARRIER-COMPOSITION-SIGNALED cause=:MISSING-BARRIER-EXECUTION-METHOD roots=NIL
OPAQUE-RETAINED-FAIL (CLAMSARA.INDEPENDENT.OPAQUE-ADMISSION::TYPED-ADMIT-RULE
                      :RETRY-TRANSFORM
                      CLAMSARA.INDEPENDENT.OPAQUE-ADMISSION::PRIVATE-TOKEN) world=NIL plan=T config=:FAILED construction=:RELEASED outer=:BARRIER-COMPOSITION-SIGNALED cause=:MISSING-BARRIER-EXECUTION-METHOD roots=NIL
OPAQUE-RETAINED-FAIL (CLAMSARA.INDEPENDENT.OPAQUE-ADMISSION::TYPED-ADMIT-RULE
                      NIL CLAMSARA.INDEPENDENT.OPAQUE-ADMISSION::PRIVATE-TOKEN) world=NIL plan=T config=:FAILED construction=:RELEASED outer=:BARRIER-COMPOSITION-SIGNALED cause=:MISSING-BARRIER-EXECUTION-METHOD roots=NIL
OPAQUE-BASELINE-RETENTION failed=21 rejected=11 published-failed=3
