FNA-SOURCE clamsara=/tmp/clamsara-list-baseline-1099d62-xzks71ws/ support=/tmp/clamsara-list-baseline-1099d62-xzks71ws/
; compiling file "/tmp/clamsara-list-baseline-1099d62-xzks71ws/src/package.lisp" (written 21 SEP 2026 07:54:43 AM):

; wrote /tmp/clamsara-list-baseline-1099d62-xzks71ws/independent-review/finalizer-admission/finalizer-admission-native-ww84_306/fasl/sbcl-2.6.8.3-db35d4561-linux-x64/tmp/clamsara-list-baseline-1099d62-xzks71ws/src/package-tmpGHU3ALSV.fasl
; compilation finished in 0:00:00.003
; compiling file "/tmp/clamsara-list-baseline-1099d62-xzks71ws/src/client/object-model.lisp" (written 21 SEP 2026 07:54:43 AM):

; wrote /tmp/clamsara-list-baseline-1099d62-xzks71ws/independent-review/finalizer-admission/finalizer-admission-native-ww84_306/fasl/sbcl-2.6.8.3-db35d4561-linux-x64/tmp/clamsara-list-baseline-1099d62-xzks71ws/src/client/object-model-tmpAAURSO1.fasl
; compilation finished in 0:00:00.004
; compiling file "/tmp/clamsara-list-baseline-1099d62-xzks71ws/src/client/metadata.lisp" (written 21 SEP 2026 07:54:43 AM):

; wrote /tmp/clamsara-list-baseline-1099d62-xzks71ws/independent-review/finalizer-admission/finalizer-admission-native-ww84_306/fasl/sbcl-2.6.8.3-db35d4561-linux-x64/tmp/clamsara-list-baseline-1099d62-xzks71ws/src/client/metadata-tmp5GEXGEG5.fasl
; compilation finished in 0:00:00.000
; compiling file "/tmp/clamsara-list-baseline-1099d62-xzks71ws/src/client/roots.lisp" (written 21 SEP 2026 07:54:43 AM):

; wrote /tmp/clamsara-list-baseline-1099d62-xzks71ws/independent-review/finalizer-admission/finalizer-admission-native-ww84_306/fasl/sbcl-2.6.8.3-db35d4561-linux-x64/tmp/clamsara-list-baseline-1099d62-xzks71ws/src/client/roots-tmpAR3FSGEY.fasl
; compilation finished in 0:00:00.001
; compiling file "/tmp/clamsara-list-baseline-1099d62-xzks71ws/src/client/finalizers.lisp" (written 21 SEP 2026 07:54:43 AM):

; wrote /tmp/clamsara-list-baseline-1099d62-xzks71ws/independent-review/finalizer-admission/finalizer-admission-native-ww84_306/fasl/sbcl-2.6.8.3-db35d4561-linux-x64/tmp/clamsara-list-baseline-1099d62-xzks71ws/src/client/finalizers-tmpJAIDFZTC.fasl
; compilation finished in 0:00:00.001
; compiling file "/tmp/clamsara-list-baseline-1099d62-xzks71ws/src/client/atomics.lisp" (written 21 SEP 2026 07:54:43 AM):

; wrote /tmp/clamsara-list-baseline-1099d62-xzks71ws/independent-review/finalizer-admission/finalizer-admission-native-ww84_306/fasl/sbcl-2.6.8.3-db35d4561-linux-x64/tmp/clamsara-list-baseline-1099d62-xzks71ws/src/client/atomics-tmp8V3J6PE9.fasl
; compilation finished in 0:00:00.001
; compiling file "/tmp/clamsara-list-baseline-1099d62-xzks71ws/src/client/mapping.lisp" (written 21 SEP 2026 07:54:43 AM):

; wrote /tmp/clamsara-list-baseline-1099d62-xzks71ws/independent-review/finalizer-admission/finalizer-admission-native-ww84_306/fasl/sbcl-2.6.8.3-db35d4561-linux-x64/tmp/clamsara-list-baseline-1099d62-xzks71ws/src/client/mapping-tmp9V47YWQF.fasl
; compilation finished in 0:00:00.001
; compiling file "/tmp/clamsara-list-baseline-1099d62-xzks71ws/src/client/diagnostics.lisp" (written 21 SEP 2026 07:54:43 AM):

; wrote /tmp/clamsara-list-baseline-1099d62-xzks71ws/independent-review/finalizer-admission/finalizer-admission-native-ww84_306/fasl/sbcl-2.6.8.3-db35d4561-linux-x64/tmp/clamsara-list-baseline-1099d62-xzks71ws/src/client/diagnostics-tmp9BN22RMA.fasl
; compilation finished in 0:00:00.000
; compiling file "/tmp/clamsara-list-baseline-1099d62-xzks71ws/src/client/coordinator.lisp" (written 21 SEP 2026 07:54:43 AM):

; wrote /tmp/clamsara-list-baseline-1099d62-xzks71ws/independent-review/finalizer-admission/finalizer-admission-native-ww84_306/fasl/sbcl-2.6.8.3-db35d4561-linux-x64/tmp/clamsara-list-baseline-1099d62-xzks71ws/src/client/coordinator-tmp1CXFJSK9.fasl
; compilation finished in 0:00:00.000
; compiling file "/tmp/clamsara-list-baseline-1099d62-xzks71ws/src/construction/protocol.lisp" (written 21 SEP 2026 07:54:43 AM):

; wrote /tmp/clamsara-list-baseline-1099d62-xzks71ws/independent-review/finalizer-admission/finalizer-admission-native-ww84_306/fasl/sbcl-2.6.8.3-db35d4561-linux-x64/tmp/clamsara-list-baseline-1099d62-xzks71ws/src/construction/protocol-tmpX4BRKI0R.fasl
; compilation finished in 0:00:00.016
; compiling file "/tmp/clamsara-list-baseline-1099d62-xzks71ws/src/construction/records.lisp" (written 21 SEP 2026 07:54:43 AM):

; wrote /tmp/clamsara-list-baseline-1099d62-xzks71ws/independent-review/finalizer-admission/finalizer-admission-native-ww84_306/fasl/sbcl-2.6.8.3-db35d4561-linux-x64/tmp/clamsara-list-baseline-1099d62-xzks71ws/src/construction/records-tmpQ371UGST.fasl
; compilation finished in 0:00:00.249
; compiling file "/tmp/clamsara-list-baseline-1099d62-xzks71ws/src/construction/graph.lisp" (written 21 SEP 2026 07:54:43 AM):

; wrote /tmp/clamsara-list-baseline-1099d62-xzks71ws/independent-review/finalizer-admission/finalizer-admission-native-ww84_306/fasl/sbcl-2.6.8.3-db35d4561-linux-x64/tmp/clamsara-list-baseline-1099d62-xzks71ws/src/construction/graph-tmp2OWI3Q7U.fasl
; compilation finished in 0:00:00.059
; compiling file "/tmp/clamsara-list-baseline-1099d62-xzks71ws/src/construction/validation.lisp" (written 21 SEP 2026 07:54:43 AM):

; wrote /tmp/clamsara-list-baseline-1099d62-xzks71ws/independent-review/finalizer-admission/finalizer-admission-native-ww84_306/fasl/sbcl-2.6.8.3-db35d4561-linux-x64/tmp/clamsara-list-baseline-1099d62-xzks71ws/src/construction/validation-tmp9KKTJMYV.fasl
; compilation finished in 0:00:00.066
; compiling file "/tmp/clamsara-list-baseline-1099d62-xzks71ws/src/construction/layout.lisp" (written 21 SEP 2026 07:54:43 AM):

; wrote /tmp/clamsara-list-baseline-1099d62-xzks71ws/independent-review/finalizer-admission/finalizer-admission-native-ww84_306/fasl/sbcl-2.6.8.3-db35d4561-linux-x64/tmp/clamsara-list-baseline-1099d62-xzks71ws/src/construction/layout-tmpJU0JWO19.fasl
; compilation finished in 0:00:00.047
; compiling file "/tmp/clamsara-list-baseline-1099d62-xzks71ws/src/construction/build.lisp" (written 21 SEP 2026 07:54:43 AM):

; wrote /tmp/clamsara-list-baseline-1099d62-xzks71ws/independent-review/finalizer-admission/finalizer-admission-native-ww84_306/fasl/sbcl-2.6.8.3-db35d4561-linux-x64/tmp/clamsara-list-baseline-1099d62-xzks71ws/src/construction/build-tmpZX2WN8N4.fasl
; compilation finished in 0:00:00.076
; compiling file "/tmp/clamsara-list-baseline-1099d62-xzks71ws/src/metadata/metadata.lisp" (written 21 SEP 2026 07:54:43 AM):

; wrote /tmp/clamsara-list-baseline-1099d62-xzks71ws/independent-review/finalizer-admission/finalizer-admission-native-ww84_306/fasl/sbcl-2.6.8.3-db35d4561-linux-x64/tmp/clamsara-list-baseline-1099d62-xzks71ws/src/metadata/metadata-tmpOU81XRV0.fasl
; compilation finished in 0:00:00.101
; compiling file "/tmp/clamsara-list-baseline-1099d62-xzks71ws/src/host/roots.lisp" (written 21 SEP 2026 07:54:43 AM):

; wrote /tmp/clamsara-list-baseline-1099d62-xzks71ws/independent-review/finalizer-admission/finalizer-admission-native-ww84_306/fasl/sbcl-2.6.8.3-db35d4561-linux-x64/tmp/clamsara-list-baseline-1099d62-xzks71ws/src/host/roots-tmpY2ML9CFA.fasl
; compilation finished in 0:00:00.081
; compiling file "/tmp/clamsara-list-baseline-1099d62-xzks71ws/src/host/coordinator.lisp" (written 21 SEP 2026 07:54:43 AM):

; wrote /tmp/clamsara-list-baseline-1099d62-xzks71ws/independent-review/finalizer-admission/finalizer-admission-native-ww84_306/fasl/sbcl-2.6.8.3-db35d4561-linux-x64/tmp/clamsara-list-baseline-1099d62-xzks71ws/src/host/coordinator-tmpX2JYJDQE.fasl
; compilation finished in 0:00:00.029
; compiling file "/tmp/clamsara-list-baseline-1099d62-xzks71ws/src/host/resources.lisp" (written 21 SEP 2026 07:54:43 AM):

; wrote /tmp/clamsara-list-baseline-1099d62-xzks71ws/independent-review/finalizer-admission/finalizer-admission-native-ww84_306/fasl/sbcl-2.6.8.3-db35d4561-linux-x64/tmp/clamsara-list-baseline-1099d62-xzks71ws/src/host/resources-tmpOPCILR65.fasl
; compilation finished in 0:00:00.041
; compiling file "/tmp/clamsara-list-baseline-1099d62-xzks71ws/src/host/address-space.lisp" (written 21 SEP 2026 07:54:43 AM):

; wrote /tmp/clamsara-list-baseline-1099d62-xzks71ws/independent-review/finalizer-admission/finalizer-admission-native-ww84_306/fasl/sbcl-2.6.8.3-db35d4561-linux-x64/tmp/clamsara-list-baseline-1099d62-xzks71ws/src/host/address-space-tmpRV9F8A9A.fasl
; compilation finished in 0:00:00.071
; compiling file "/tmp/clamsara-list-baseline-1099d62-xzks71ws/src/runtime/protocol.lisp" (written 21 SEP 2026 07:54:43 AM):

; wrote /tmp/clamsara-list-baseline-1099d62-xzks71ws/independent-review/finalizer-admission/finalizer-admission-native-ww84_306/fasl/sbcl-2.6.8.3-db35d4561-linux-x64/tmp/clamsara-list-baseline-1099d62-xzks71ws/src/runtime/protocol-tmpK2ZAJT4I.fasl
; compilation finished in 0:00:00.006
; compiling file "/tmp/clamsara-list-baseline-1099d62-xzks71ws/src/runtime/records.lisp" (written 21 SEP 2026 07:54:43 AM):

; wrote /tmp/clamsara-list-baseline-1099d62-xzks71ws/independent-review/finalizer-admission/finalizer-admission-native-ww84_306/fasl/sbcl-2.6.8.3-db35d4561-linux-x64/tmp/clamsara-list-baseline-1099d62-xzks71ws/src/runtime/records-tmpUX5S4ADN.fasl
; compilation finished in 0:00:00.050
; compiling file "/tmp/clamsara-list-baseline-1099d62-xzks71ws/src/runtime/barrier.lisp" (written 21 SEP 2026 07:54:43 AM):

; wrote /tmp/clamsara-list-baseline-1099d62-xzks71ws/independent-review/finalizer-admission/finalizer-admission-native-ww84_306/fasl/sbcl-2.6.8.3-db35d4561-linux-x64/tmp/clamsara-list-baseline-1099d62-xzks71ws/src/runtime/barrier-tmp10401X32.fasl
; compilation finished in 0:00:00.025
; compiling file "/tmp/clamsara-list-baseline-1099d62-xzks71ws/src/runtime/finalizers.lisp" (written 21 SEP 2026 07:54:43 AM):

; wrote /tmp/clamsara-list-baseline-1099d62-xzks71ws/independent-review/finalizer-admission/finalizer-admission-native-ww84_306/fasl/sbcl-2.6.8.3-db35d4561-linux-x64/tmp/clamsara-list-baseline-1099d62-xzks71ws/src/runtime/finalizers-tmpZ7CBRM0G.fasl
; compilation finished in 0:00:00.051
; compiling file "/tmp/clamsara-list-baseline-1099d62-xzks71ws/src/runtime/trace.lisp" (written 21 SEP 2026 07:54:43 AM):

; wrote /tmp/clamsara-list-baseline-1099d62-xzks71ws/independent-review/finalizer-admission/finalizer-admission-native-ww84_306/fasl/sbcl-2.6.8.3-db35d4561-linux-x64/tmp/clamsara-list-baseline-1099d62-xzks71ws/src/runtime/trace-tmp9OZEQ0G2.fasl
; compilation finished in 0:00:00.032
; compiling file "/tmp/clamsara-list-baseline-1099d62-xzks71ws/src/runtime/spaces.lisp" (written 21 SEP 2026 07:54:43 AM):

; wrote /tmp/clamsara-list-baseline-1099d62-xzks71ws/independent-review/finalizer-admission/finalizer-admission-native-ww84_306/fasl/sbcl-2.6.8.3-db35d4561-linux-x64/tmp/clamsara-list-baseline-1099d62-xzks71ws/src/runtime/spaces-tmpB2JTL1W9.fasl
; compilation finished in 0:00:00.076
; compiling file "/tmp/clamsara-list-baseline-1099d62-xzks71ws/src/runtime/cycle.lisp" (written 21 SEP 2026 07:54:43 AM):

; wrote /tmp/clamsara-list-baseline-1099d62-xzks71ws/independent-review/finalizer-admission/finalizer-admission-native-ww84_306/fasl/sbcl-2.6.8.3-db35d4561-linux-x64/tmp/clamsara-list-baseline-1099d62-xzks71ws/src/runtime/cycle-tmpP3BI68WQ.fasl
; compilation finished in 0:00:00.039
; compiling file "/tmp/clamsara-list-baseline-1099d62-xzks71ws/src/runtime/allocation.lisp" (written 21 SEP 2026 07:54:43 AM):

; wrote /tmp/clamsara-list-baseline-1099d62-xzks71ws/independent-review/finalizer-admission/finalizer-admission-native-ww84_306/fasl/sbcl-2.6.8.3-db35d4561-linux-x64/tmp/clamsara-list-baseline-1099d62-xzks71ws/src/runtime/allocation-tmpQDARA81Z.fasl
; compilation finished in 0:00:00.012
; compiling file "/tmp/clamsara-list-baseline-1099d62-xzks71ws/src/host/object-model.lisp" (written 21 SEP 2026 07:54:43 AM):

; file: /tmp/clamsara-list-baseline-1099d62-xzks71ws/src/host/object-model.lisp
; in: DEFUN %HOST-NORMALIZE-STRONG-LAYOUT
;     'NIL
; 
; note: deleting unreachable code

; in: DEFMETHOD MAKE-OBJECT-KIND-DESCRIPTION (HOST-OBJECT-MODEL T)
;     'NIL
; 
; note: deleting unreachable code
; 
; note: deleting unreachable code

; in: DEFMETHOD BIND-OBJECT-MODEL (HOST-OBJECT-MODEL T T)
;     (ERROR "Hosted nonbase codes require 46-bit fixnums")
; 
; note: deleting unreachable code


; wrote /tmp/clamsara-list-baseline-1099d62-xzks71ws/independent-review/finalizer-admission/finalizer-admission-native-ww84_306/fasl/sbcl-2.6.8.3-db35d4561-linux-x64/tmp/clamsara-list-baseline-1099d62-xzks71ws/src/host/object-model-tmpYEMMM7SE.fasl
; compilation finished in 0:00:00.347
; compiling file "/tmp/clamsara-list-baseline-1099d62-xzks71ws/src/host/atomics.lisp" (written 21 SEP 2026 07:54:43 AM):

; wrote /tmp/clamsara-list-baseline-1099d62-xzks71ws/independent-review/finalizer-admission/finalizer-admission-native-ww84_306/fasl/sbcl-2.6.8.3-db35d4561-linux-x64/tmp/clamsara-list-baseline-1099d62-xzks71ws/src/host/atomics-tmp73HU0RPK.fasl
; compilation finished in 0:00:00.029
; compiling file "/tmp/clamsara-list-baseline-1099d62-xzks71ws/src/host/auxiliary.lisp" (written 21 SEP 2026 07:54:43 AM):

; wrote /tmp/clamsara-list-baseline-1099d62-xzks71ws/independent-review/finalizer-admission/finalizer-admission-native-ww84_306/fasl/sbcl-2.6.8.3-db35d4561-linux-x64/tmp/clamsara-list-baseline-1099d62-xzks71ws/src/host/auxiliary-tmpIO5N7K88.fasl
; compilation finished in 0:00:00.019
; compiling file "/tmp/clamsara-list-baseline-1099d62-xzks71ws/test/quality/support.lisp" (written 21 SEP 2026 07:54:43 AM):

; wrote /tmp/clamsara-list-baseline-1099d62-xzks71ws/independent-review/finalizer-admission/finalizer-admission-native-ww84_306/fasl/sbcl-2.6.8.3-db35d4561-linux-x64/tmp/clamsara-list-baseline-1099d62-xzks71ws/test/quality/support-tmpCM21U60Z.fasl
; compilation finished in 0:00:00.075
; 
; compilation unit finished
;   printed 4 notes
FNA-LOADED-SYSTEMS ("asdf" "uiop" "asdf-package-system" "clamsara"
                    "clamsara/protocol" "clamsara/construction/protocol"
                    "clamsara/construction" "clamsara/metadata"
                    "clamsara/host-base" "clamsara/runtime" "clamsara/host"
                    "clamsara/quality/support")
FNA-FORBIDDEN-SYSTEMS NIL machine-package=NIL workload-package=NIL
FNA-CALLER-WORLD-OWNED T
FNA-ERROR [FNA-FAILURE] Finalizer admission baseline: :NATIVE-CALLBACK-WAS-ACCEPTED
FNA-OWNER (:STATUS :RED-ACCEPTED :PHASE :UNEXPECTED-NATIVE-ADMISSION
           :WORLD-RETAINED T :CONFIGURATION-STATE :PUBLISHED :PLAN-STATE :OPEN
           :APPLICATION-ROOT-TOKEN-ACTIVE T :REGISTRY-ROOT-TOKEN-ACTIVE T
           :NEXT-TOKEN 1 :REGISTRY-STATES (:ACTIVE :FREE)
           :RETURNED-VALUES-COUNT 1 :EFFECTS (0 0 0 0 0 0 0 0) :CALLBACK-CALLS
           0 :CONDITION-TYPE FNA-FAILURE :OBSERVED-CONDITION-TYPE NIL)
FNA-BEFORE-AFTER-SAME NIL
FNA-BEFORE-SCALARS (:PUBLISHED :BOUND 1 :IDLE 0 :OPEN 1 1 0 NIL NIL 2 4 0 0 0 0
                    2 6 1018 2 NIL NIL 0 NIL)
FNA-AFTER-SCALARS (:PUBLISHED :BOUND 1 :IDLE 0 :OPEN 1 1 0 NIL NIL 2 4 1 0 0 0
                   2 6 1018 2 NIL NIL 0 NIL)
FNA-DOMAIN functionp=T model-reference-p=NIL root0-local=T root0-id=7101
FNA-REGISTRY next-token=1 states=(:ACTIVE :FREE) token-indices=(0 -1 -1 -1) returned-token-local-index=0
FNA-COUNTS reached=1 retained-worlds=1 retained-owners=1 closed-owners=0 outcome=:STRICT-RED-NATIVE-ADMISSION
While evaluating the form starting at line 64, column 0
  of #P"/tmp/clamsara-list-baseline-1099d62-xzks71ws/independent-review/finalizer-admission/finalizer-admission-native-ww84_306/runner-v1.lisp":
While evaluating the form starting at line 27, column 0
  of #P"/tmp/clamsara-list-baseline-1099d62-xzks71ws/independent-review/finalizer-admission/finalizer-admission-native-ww84_306/bootstrap-v1.lisp":
Unhandled FNA-FAILURE in thread #<SB-THREAD:THREAD tid=22803 "main thread" RUNNING
                                   {1200450003}>:
  Finalizer admission baseline: :NATIVE-CALLBACK-WAS-ACCEPTED

Backtrace for: #<SB-THREAD:THREAD tid=22803 "main thread" RUNNING {1200450003}>
0: (SB-DEBUG::DEBUGGER-DISABLED-HOOK #<FNA-FAILURE {1203152473}> #<unused argument> :QUIT T)
1: (SB-DEBUG::RUN-HOOK SB-EXT:*INVOKE-DEBUGGER-HOOK* #<FNA-FAILURE {1203152473}>)
2: (INVOKE-DEBUGGER #<FNA-FAILURE {1203152473}>)
3: (ERROR #<FNA-FAILURE {1203152473}>)
4: (SB-INT:SIMPLE-EVAL-IN-LEXENV (ERROR *FNA-RUN-CONDITION*) #<NULL-LEXENV>)
5: (SB-INT:SIMPLE-EVAL-IN-LEXENV (WHEN *FNA-RUN-CONDITION* (ERROR *FNA-RUN-CONDITION*)) #<NULL-LEXENV>)
6: (SB-EXT:EVAL-TLF (WHEN *FNA-RUN-CONDITION* (ERROR *FNA-RUN-CONDITION*)) 11 NIL)
7: ((LABELS SB-FASL::EVAL-FORM :IN SB-INT:LOAD-AS-SOURCE) (WHEN *FNA-RUN-CONDITION* (ERROR *FNA-RUN-CONDITION*)) 11)
8: ((LAMBDA (SB-KERNEL:FORM &KEY :CURRENT-INDEX &ALLOW-OTHER-KEYS) :IN SB-INT:LOAD-AS-SOURCE) (WHEN *FNA-RUN-CONDITION* (ERROR *FNA-RUN-CONDITION*)) :CURRENT-INDEX 11)
9: (SB-C::%DO-FORMS-FROM-INFO #<FUNCTION (LAMBDA (SB-KERNEL:FORM &KEY :CURRENT-INDEX &ALLOW-OTHER-KEYS) :IN SB-INT:LOAD-AS-SOURCE) {7F9FFFAF6ADB}> #<SB-C::SOURCE-INFO {1201EDE483}> SB-C::INPUT-ERROR-IN-LOAD)
10: (SB-INT:LOAD-AS-SOURCE #<SB-INT:FORM-TRACKING-STREAM for "file /tmp/clamsara-list-baseline-1099d62-xzks71ws/independent-review/finalizer-admission/finalizer-admission-native-ww84_306/runner-v1.lisp" {1201F3C153}> :VERBOSE NIL :PRINT NIL :CONTEXT "loading")
11: ((LABELS SB-FASL::LOAD-STREAM-1 :IN LOAD) #<SB-INT:FORM-TRACKING-STREAM for "file /tmp/clamsara-list-baseline-1099d62-xzks71ws/independent-review/finalizer-admission/finalizer-admission-native-ww84_306/runner-v1.lisp" {1201F3C153}> NIL)
12: (SB-FASL::CALL-WITH-LOAD-BINDINGS #<FUNCTION (LABELS SB-FASL::LOAD-STREAM-1 :IN LOAD) {7F9FFFAF6E9B}> #<SB-INT:FORM-TRACKING-STREAM for "file /tmp/clamsara-list-baseline-1099d62-xzks71ws/independent-review/finalizer-admission/finalizer-admission-native-ww84_306/runner-v1.lisp" {1201F3C153}> NIL #<SB-INT:FORM-TRACKING-STREAM for "file /tmp/clamsara-list-baseline-1099d62-xzks71ws/independent-review/finalizer-admission/finalizer-admission-native-ww84_306/runner-v1.lisp" {1201F3C153}>)
13: (LOAD #P"/tmp/clamsara-list-baseline-1099d62-xzks71ws/independent-review/finalizer-admission/finalizer-admission-native-ww84_306/runner-v1.lisp" :VERBOSE NIL :PRINT NIL :IF-DOES-NOT-EXIST :ERROR :EXTERNAL-FORMAT :DEFAULT)
14: (SB-INT:SIMPLE-EVAL-IN-LEXENV (LOAD #P"/tmp/clamsara-list-baseline-1099d62-xzks71ws/independent-review/finalizer-admission/finalizer-admission-native-ww84_306/runner-v1.lisp") #<NULL-LEXENV>)
15: (SB-EXT:EVAL-TLF (LOAD #P"/tmp/clamsara-list-baseline-1099d62-xzks71ws/independent-review/finalizer-admission/finalizer-admission-native-ww84_306/runner-v1.lisp") 11 NIL)
16: ((LABELS SB-FASL::EVAL-FORM :IN SB-INT:LOAD-AS-SOURCE) (LOAD #P"/tmp/clamsara-list-baseline-1099d62-xzks71ws/independent-review/finalizer-admission/finalizer-admission-native-ww84_306/runner-v1.lisp") 11)
17: ((LAMBDA (SB-KERNEL:FORM &KEY :CURRENT-INDEX &ALLOW-OTHER-KEYS) :IN SB-INT:LOAD-AS-SOURCE) (LOAD #P"/tmp/clamsara-list-baseline-1099d62-xzks71ws/independent-review/finalizer-admission/finalizer-admission-native-ww84_306/runner-v1.lisp") :CURRENT-INDEX 11)
18: (SB-C::%DO-FORMS-FROM-INFO #<FUNCTION (LAMBDA (SB-KERNEL:FORM &KEY :CURRENT-INDEX &ALLOW-OTHER-KEYS) :IN SB-INT:LOAD-AS-SOURCE) {7F9FFFAF74CB}> #<SB-C::SOURCE-INFO {12004CDF73}> SB-C::INPUT-ERROR-IN-LOAD)
19: (SB-INT:LOAD-AS-SOURCE #<SB-INT:FORM-TRACKING-STREAM for "file /tmp/clamsara-list-baseline-1099d62-xzks71ws/independent-review/finalizer-admission/finalizer-admission-native-ww84_306/bootstrap-v1.lisp" {1200453133}> :VERBOSE NIL :PRINT NIL :CONTEXT "loading")
20: ((LABELS SB-FASL::LOAD-STREAM-1 :IN LOAD) #<SB-INT:FORM-TRACKING-STREAM for "file /tmp/clamsara-list-baseline-1099d62-xzks71ws/independent-review/finalizer-admission/finalizer-admission-native-ww84_306/bootstrap-v1.lisp" {1200453133}> NIL)
21: (SB-FASL::CALL-WITH-LOAD-BINDINGS #<FUNCTION (LABELS SB-FASL::LOAD-STREAM-1 :IN LOAD) {7F9FFFAF788B}> #<SB-INT:FORM-TRACKING-STREAM for "file /tmp/clamsara-list-baseline-1099d62-xzks71ws/independent-review/finalizer-admission/finalizer-admission-native-ww84_306/bootstrap-v1.lisp" {1200453133}> NIL #<SB-INT:FORM-TRACKING-STREAM for "file /tmp/clamsara-list-baseline-1099d62-xzks71ws/independent-review/finalizer-admission/finalizer-admission-native-ww84_306/bootstrap-v1.lisp" {1200453133}>)
22: (LOAD #P"/tmp/clamsara-list-baseline-1099d62-xzks71ws/independent-review/finalizer-admission/finalizer-admission-native-ww84_306/bootstrap-v1.lisp" :VERBOSE NIL :PRINT NIL :IF-DOES-NOT-EXIST :ERROR :EXTERNAL-FORMAT :DEFAULT)
23: (SB-IMPL::PROCESS-EVAL/LOAD-OPTIONS ((:LOAD . "/tmp/clamsara-list-baseline-1099d62-xzks71ws/independent-review/finalizer-admission/finalizer-admission-native-ww84_306/bootstrap-v1.lisp") (:QUIT)))
24: (SB-IMPL::TOPLEVEL-INIT)
25: ((FLET SB-UNIX::BODY :IN SB-IMPL::START-LISP))
26: ((FLET "WITHOUT-INTERRUPTS-BODY-3" :IN SB-IMPL::START-LISP))
27: (SB-IMPL::%START-LISP)

unhandled condition in --disable-debugger mode, quitting
