WARNING: redefining INVISTRA:CONTROL-STRING in DEFGENERIC
WARNING: redefining INVISTRA::DIRECTIVE-CHARACTER in DEFGENERIC
GCBENCH-GEOMETRY (:ACTIVE-SEMISPACE-BYTES 33554432 :RESERVED-SEMISPACE-BYTES
                  67108864 :MAX-OBJECT-BYTES 8388608 :STRETCH-DEPTH 18
                  :LONG-LIVED-TREE-DEPTH 16 :ARRAY-ELEMENTS 524284 :BACKEND
                  :MACLINA-VM-CROSS)
GCBENCH source=test/fixtures/boehm-gc.lisp provenance=CHECKED-IN-LISP-TRANSLATION depth=18
WARNING: Unknown operator POPULATE: treating as global function
WARNING: Unknown operator POPULATE: treating as global function
WARNING: Unknown operator MAKE-TREE: treating as global function
WARNING: Unknown operator MAKE-TREE: treating as global function
GCBENCH-AUTOMATIC (:STATUS :COMPLETE :SCOPE :ALL :ALGORITHM :SEMISPACE :CAUSE
                   :ALLOCATION-ROUTE :REASON :COMPLETE :COUNTS
                   (:OBJECTS-DISCOVERED 196611 :OBJECTS-MOVED 196611
                    :BYTES-MOVED 16777328 :OBJECTS-DEAD 262142))
GCBENCH-DISCHARGE (:STATUS :COMPLETE :SCOPE :ALL :ALGORITHM :SEMISPACE :CAUSE
                   :EXPLICIT :REASON :COMPLETE :COUNTS
                   (:OBJECTS-DISCOVERED 0 :OBJECTS-MOVED 0 :BYTES-MOVED 0
                    :OBJECTS-DEAD 262143))
GCBENCH-CLOSE :COMPLETE
GCBENCH-ACCEPTED (:STATUS :OK :SOURCE "test/fixtures/boehm-gc.lisp" :PROVENANCE
                  :CHECKED-IN-LISP-TRANSLATION :DEPTH 18 :VALUE T
                  :ELAPSED-SECONDS 1060.981 :FINAL-COLLECTION-STATUS
                  (:STATUS :COMPLETE :AUTOMATIC
                   (:STATUS :COMPLETE :SCOPE :ALL :ALGORITHM :SEMISPACE :CAUSE
                    :ALLOCATION-ROUTE :REASON :COMPLETE :COUNTS
                    (:OBJECTS-DISCOVERED 196611 :OBJECTS-MOVED 196611
                     :BYTES-MOVED 16777328 :OBJECTS-DEAD 262142))
                   :DISCHARGE
                   (:STATUS :COMPLETE :SCOPE :ALL :ALGORITHM :SEMISPACE :CAUSE
                    :EXPLICIT :REASON :COMPLETE :COUNTS
                    (:OBJECTS-DISCOVERED 0 :OBJECTS-MOVED 0 :BYTES-MOVED 0
                     :OBJECTS-DEAD 262143))))
