MACLINA-CANDIDATE /tmp/clamsara-maclina-special-id2ma47p/

Running test suite SPECIAL
 Running test SPECIAL.1 WARNING: Unused function F
.
 Running test SPECIAL.2 .
 Running test SPECIAL.3 .
 Running test SPECIAL.GLOBAL-REQUIRED-SETQ .
 Running test SPECIAL.GLOBAL-REQUIRED-REBIND .
 Running test SPECIAL.GLOBAL-OPTIONAL-DEFAULT .
 Running test SPECIAL.GLOBAL-KEY-DEFAULT .
 Running test SPECIAL.GLOBAL-AUX-DEFAULT .
 Running test SPECIAL.GLOBAL-DECLARED-OPTIONAL .
 Running test SPECIAL.GLOBAL-DECLARED-KEY .
 Running test SPECIAL.GLOBAL-DECLARED-AUX .
 Running test SPECIAL.GLOBAL-CALLEE-WRITES .
 Running test SPECIAL.GLOBAL-ESCAPED-READER .
 Running test SPECIAL.GLOBAL-RESTORATION .
 Did 14 checks.
    Pass: 14 (100%)
    Skip: 0 ( 0%)
    Fail: 0 ( 0%)

MACLINA-SPECIAL-SUITE T

Running test suite SPECIAL
 Running test SPECIAL.1 WARNING: Unused function F
.
 Running test SPECIAL.2 .
 Running test SPECIAL.3 .
 Running test SPECIAL.GLOBAL-REQUIRED-SETQ .
 Running test SPECIAL.GLOBAL-REQUIRED-REBIND .
 Running test SPECIAL.GLOBAL-OPTIONAL-DEFAULT .
 Running test SPECIAL.GLOBAL-KEY-DEFAULT .
 Running test SPECIAL.GLOBAL-AUX-DEFAULT .
 Running test SPECIAL.GLOBAL-DECLARED-OPTIONAL .
 Running test SPECIAL.GLOBAL-DECLARED-KEY .
 Running test SPECIAL.GLOBAL-DECLARED-AUX .
 Running test SPECIAL.GLOBAL-CALLEE-WRITES .
 Running test SPECIAL.GLOBAL-ESCAPED-READER .
 Running test SPECIAL.GLOBAL-RESTORATION .
 Did 14 checks.
    Pass: 14 (100%)
    Skip: 0 ( 0%)
    Fail: 0 ( 0%)

MACLINA-NATIVE-SPECIAL-SUITE T
