; compiling file "/tmp/clamsara-staged-ledger-review-tirxn_0p/src/package.lisp" (written 21 SEP 2026 12:13:03 AM):

; wrote /tmp/clamsara-staged-ledger-review-tirxn_0p/independent-review/cas-contract/fasl-02/package-tmpGHU3ALSV.fasl
; compilation finished in 0:00:00.003
; compiling file "/tmp/clamsara-staged-ledger-review-tirxn_0p/src/client/object-model.lisp" (written 21 SEP 2026 12:13:03 AM):

; wrote /tmp/clamsara-staged-ledger-review-tirxn_0p/independent-review/cas-contract/fasl-02/object-model-tmpAAURSO1.fasl
; compilation finished in 0:00:00.004
; compiling file "/tmp/clamsara-staged-ledger-review-tirxn_0p/src/client/metadata.lisp" (written 21 SEP 2026 12:13:03 AM):

; wrote /tmp/clamsara-staged-ledger-review-tirxn_0p/independent-review/cas-contract/fasl-02/metadata-tmp5GEXGEG5.fasl
; compilation finished in 0:00:00.001
; compiling file "/tmp/clamsara-staged-ledger-review-tirxn_0p/src/client/roots.lisp" (written 21 SEP 2026 12:13:03 AM):

; wrote /tmp/clamsara-staged-ledger-review-tirxn_0p/independent-review/cas-contract/fasl-02/roots-tmpAR3FSGEY.fasl
; compilation finished in 0:00:00.001
; compiling file "/tmp/clamsara-staged-ledger-review-tirxn_0p/src/client/finalizers.lisp" (written 21 SEP 2026 12:13:03 AM):

; wrote /tmp/clamsara-staged-ledger-review-tirxn_0p/independent-review/cas-contract/fasl-02/finalizers-tmpJAIDFZTC.fasl
; compilation finished in 0:00:00.000
; compiling file "/tmp/clamsara-staged-ledger-review-tirxn_0p/src/client/atomics.lisp" (written 21 SEP 2026 12:13:03 AM):

; wrote /tmp/clamsara-staged-ledger-review-tirxn_0p/independent-review/cas-contract/fasl-02/atomics-tmp8V3J6PE9.fasl
; compilation finished in 0:00:00.001
; compiling file "/tmp/clamsara-staged-ledger-review-tirxn_0p/src/client/mapping.lisp" (written 21 SEP 2026 12:13:03 AM):

; wrote /tmp/clamsara-staged-ledger-review-tirxn_0p/independent-review/cas-contract/fasl-02/mapping-tmp9V47YWQF.fasl
; compilation finished in 0:00:00.001
; compiling file "/tmp/clamsara-staged-ledger-review-tirxn_0p/src/client/diagnostics.lisp" (written 21 SEP 2026 12:13:03 AM):

; wrote /tmp/clamsara-staged-ledger-review-tirxn_0p/independent-review/cas-contract/fasl-02/diagnostics-tmp9BN22RMA.fasl
; compilation finished in 0:00:00.001
; compiling file "/tmp/clamsara-staged-ledger-review-tirxn_0p/src/client/coordinator.lisp" (written 21 SEP 2026 12:13:03 AM):

; wrote /tmp/clamsara-staged-ledger-review-tirxn_0p/independent-review/cas-contract/fasl-02/coordinator-tmp1CXFJSK9.fasl
; compilation finished in 0:00:00.000
; compiling file "/tmp/clamsara-staged-ledger-review-tirxn_0p/src/construction/protocol.lisp" (written 21 SEP 2026 12:13:03 AM):

; wrote /tmp/clamsara-staged-ledger-review-tirxn_0p/independent-review/cas-contract/fasl-02/protocol-tmpX4BRKI0R.fasl
; compilation finished in 0:00:00.016
; compiling file "/tmp/clamsara-staged-ledger-review-tirxn_0p/src/construction/records.lisp" (written 21 SEP 2026 12:13:03 AM):

; wrote /tmp/clamsara-staged-ledger-review-tirxn_0p/independent-review/cas-contract/fasl-02/records-tmpQ371UGST.fasl
; compilation finished in 0:00:00.237
; compiling file "/tmp/clamsara-staged-ledger-review-tirxn_0p/src/construction/graph.lisp" (written 21 SEP 2026 12:13:03 AM):

; wrote /tmp/clamsara-staged-ledger-review-tirxn_0p/independent-review/cas-contract/fasl-02/graph-tmp2OWI3Q7U.fasl
; compilation finished in 0:00:00.059
; compiling file "/tmp/clamsara-staged-ledger-review-tirxn_0p/src/construction/validation.lisp" (written 21 SEP 2026 12:13:03 AM):

; wrote /tmp/clamsara-staged-ledger-review-tirxn_0p/independent-review/cas-contract/fasl-02/validation-tmp9KKTJMYV.fasl
; compilation finished in 0:00:00.066
; compiling file "/tmp/clamsara-staged-ledger-review-tirxn_0p/src/construction/layout.lisp" (written 21 SEP 2026 12:13:03 AM):

; wrote /tmp/clamsara-staged-ledger-review-tirxn_0p/independent-review/cas-contract/fasl-02/layout-tmpJU0JWO19.fasl
; compilation finished in 0:00:00.047
; compiling file "/tmp/clamsara-staged-ledger-review-tirxn_0p/src/construction/build.lisp" (written 21 SEP 2026 12:13:03 AM):

; wrote /tmp/clamsara-staged-ledger-review-tirxn_0p/independent-review/cas-contract/fasl-02/build-tmpZX2WN8N4.fasl
; compilation finished in 0:00:00.074
; compiling file "/tmp/clamsara-staged-ledger-review-tirxn_0p/src/metadata/metadata.lisp" (written 21 SEP 2026 12:13:03 AM):

; wrote /tmp/clamsara-staged-ledger-review-tirxn_0p/independent-review/cas-contract/fasl-02/metadata-tmpOU81XRV0.fasl
; compilation finished in 0:00:00.101
; compiling file "/tmp/clamsara-staged-ledger-review-tirxn_0p/src/host/roots.lisp" (written 21 SEP 2026 12:13:03 AM):

; wrote /tmp/clamsara-staged-ledger-review-tirxn_0p/independent-review/cas-contract/fasl-02/roots-tmpY2ML9CFA.fasl
; compilation finished in 0:00:00.083
; compiling file "/tmp/clamsara-staged-ledger-review-tirxn_0p/src/host/coordinator.lisp" (written 21 SEP 2026 12:13:03 AM):

; wrote /tmp/clamsara-staged-ledger-review-tirxn_0p/independent-review/cas-contract/fasl-02/coordinator-tmpX2JYJDQE.fasl
; compilation finished in 0:00:00.026
; compiling file "/tmp/clamsara-staged-ledger-review-tirxn_0p/src/host/resources.lisp" (written 21 SEP 2026 12:13:03 AM):

; wrote /tmp/clamsara-staged-ledger-review-tirxn_0p/independent-review/cas-contract/fasl-02/resources-tmpOPCILR65.fasl
; compilation finished in 0:00:00.038
; compiling file "/tmp/clamsara-staged-ledger-review-tirxn_0p/src/host/address-space.lisp" (written 21 SEP 2026 12:13:03 AM):

; wrote /tmp/clamsara-staged-ledger-review-tirxn_0p/independent-review/cas-contract/fasl-02/address-space-tmpRV9F8A9A.fasl
; compilation finished in 0:00:00.071
; compiling file "/tmp/clamsara-staged-ledger-review-tirxn_0p/src/runtime/protocol.lisp" (written 21 SEP 2026 12:13:03 AM):

; wrote /tmp/clamsara-staged-ledger-review-tirxn_0p/independent-review/cas-contract/fasl-02/protocol-tmpK2ZAJT4I.fasl
; compilation finished in 0:00:00.019
; compiling file "/tmp/clamsara-staged-ledger-review-tirxn_0p/src/runtime/records.lisp" (written 21 SEP 2026 12:13:03 AM):

; wrote /tmp/clamsara-staged-ledger-review-tirxn_0p/independent-review/cas-contract/fasl-02/records-tmpUX5S4ADN.fasl
; compilation finished in 0:00:00.049
; compiling file "/tmp/clamsara-staged-ledger-review-tirxn_0p/src/runtime/barrier.lisp" (written 21 SEP 2026 12:13:03 AM):

; wrote /tmp/clamsara-staged-ledger-review-tirxn_0p/independent-review/cas-contract/fasl-02/barrier-tmp10401X32.fasl
; compilation finished in 0:00:00.024
; compiling file "/tmp/clamsara-staged-ledger-review-tirxn_0p/src/runtime/finalizers.lisp" (written 21 SEP 2026 12:13:03 AM):

; wrote /tmp/clamsara-staged-ledger-review-tirxn_0p/independent-review/cas-contract/fasl-02/finalizers-tmpZ7CBRM0G.fasl
; compilation finished in 0:00:00.051
; compiling file "/tmp/clamsara-staged-ledger-review-tirxn_0p/src/runtime/trace.lisp" (written 21 SEP 2026 12:13:03 AM):

; wrote /tmp/clamsara-staged-ledger-review-tirxn_0p/independent-review/cas-contract/fasl-02/trace-tmp9OZEQ0G2.fasl
; compilation finished in 0:00:00.032
; compiling file "/tmp/clamsara-staged-ledger-review-tirxn_0p/src/runtime/spaces.lisp" (written 21 SEP 2026 12:13:03 AM):

; wrote /tmp/clamsara-staged-ledger-review-tirxn_0p/independent-review/cas-contract/fasl-02/spaces-tmpB2JTL1W9.fasl
; compilation finished in 0:00:00.077
; compiling file "/tmp/clamsara-staged-ledger-review-tirxn_0p/src/runtime/cycle.lisp" (written 21 SEP 2026 12:13:03 AM):

; wrote /tmp/clamsara-staged-ledger-review-tirxn_0p/independent-review/cas-contract/fasl-02/cycle-tmpP3BI68WQ.fasl
; compilation finished in 0:00:00.038
; compiling file "/tmp/clamsara-staged-ledger-review-tirxn_0p/src/runtime/allocation.lisp" (written 21 SEP 2026 12:13:03 AM):

; wrote /tmp/clamsara-staged-ledger-review-tirxn_0p/independent-review/cas-contract/fasl-02/allocation-tmpQDARA81Z.fasl
; compilation finished in 0:00:00.012
; compiling file "/tmp/clamsara-staged-ledger-review-tirxn_0p/src/host/object-model.lisp" (written 21 SEP 2026 01:43:01 AM):

; file: /tmp/clamsara-staged-ledger-review-tirxn_0p/src/host/object-model.lisp
; in: DEFUN %HOST-NORMALIZE-STRONG-LAYOUT
;     'NIL
; 
; note: deleting unreachable code

; in: DEFMETHOD MAKE-OBJECT-KIND-DESCRIPTION (HOST-OBJECT-MODEL T)
;     'NIL
; 
; note: deleting unreachable code
; 
; note: deleting unreachable code

; in: DEFMETHOD BIND-OBJECT-MODEL (HOST-OBJECT-MODEL T T)
;     (ERROR "Hosted nonbase codes require 46-bit fixnums")
; 
; note: deleting unreachable code


; wrote /tmp/clamsara-staged-ledger-review-tirxn_0p/independent-review/cas-contract/fasl-02/object-model-tmpYEMMM7SE.fasl
; compilation finished in 0:00:00.379
; compiling file "/tmp/clamsara-staged-ledger-review-tirxn_0p/src/host/atomics.lisp" (written 21 SEP 2026 12:13:03 AM):

; wrote /tmp/clamsara-staged-ledger-review-tirxn_0p/independent-review/cas-contract/fasl-02/atomics-tmp73HU0RPK.fasl
; compilation finished in 0:00:00.036
; compiling file "/tmp/clamsara-staged-ledger-review-tirxn_0p/src/host/auxiliary.lisp" (written 21 SEP 2026 12:13:03 AM):

; wrote /tmp/clamsara-staged-ledger-review-tirxn_0p/independent-review/cas-contract/fasl-02/auxiliary-tmpIO5N7K88.fasl
; compilation finished in 0:00:00.022
; compiling file "/tmp/clamsara-staged-ledger-review-tirxn_0p/test/quality/support.lisp" (written 21 SEP 2026 12:13:03 AM):

; wrote /tmp/clamsara-staged-ledger-review-tirxn_0p/independent-review/cas-contract/fasl-02/support-tmpCM21U60Z.fasl
; compilation finished in 0:00:00.061
; 
; compilation unit finished
;   printed 4 notes
INDEPENDENT-SOURCE /tmp/clamsara-staged-ledger-review-tirxn_0p/
INDEPENDENT-PASS (:RETRY :MATCH :RESERVE 0 :SINGLE-PATH)
INDEPENDENT-PASS (:RETRY :MATCH :RESERVE 1 :SINGLE-PATH)
INDEPENDENT-PASS (:RETRY :MATCH :RESERVE 2 :SINGLE-PATH)
INDEPENDENT-PASS (:RETRY :MATCH :ADMIT 0 :SINGLE-PATH)
INDEPENDENT-PASS (:RETRY :MATCH :ADMIT 1 :SINGLE-PATH)
INDEPENDENT-PASS (:RETRY :MATCH :ADMIT 2 :SINGLE-PATH)
INDEPENDENT-PASS (:RETRY :MATCH :TRANSFORM 0 :SINGLE-PATH)
INDEPENDENT-PASS (:RETRY :MATCH :TRANSFORM 1 :SINGLE-PATH)
INDEPENDENT-PASS (:RETRY :MATCH :TRANSFORM 2 :SINGLE-PATH)
INDEPENDENT-PASS (:RETRY :MISMATCH :RESERVE 0 :SINGLE-PATH)
INDEPENDENT-PASS (:RETRY :MISMATCH :RESERVE 1 :SINGLE-PATH)
INDEPENDENT-PASS (:RETRY :MISMATCH :RESERVE 2 :SINGLE-PATH)
INDEPENDENT-PASS (:RETRY :MISMATCH :ADMIT 0 :SINGLE-PATH)
INDEPENDENT-PASS (:RETRY :MISMATCH :ADMIT 1 :SINGLE-PATH)
INDEPENDENT-PASS (:RETRY :MISMATCH :ADMIT 2 :SINGLE-PATH)
INDEPENDENT-PASS (:RETRY :MISMATCH :TRANSFORM 0 :SINGLE-PATH)
INDEPENDENT-PASS (:RETRY :MISMATCH :TRANSFORM 1 :SINGLE-PATH)
INDEPENDENT-PASS (:RETRY :MISMATCH :TRANSFORM 2 :SINGLE-PATH)
INDEPENDENT-PASS (:RETRY :READ :RESERVE 0 :SINGLE-PATH)
INDEPENDENT-PASS (:RETRY :READ :RESERVE 1 :SINGLE-PATH)
INDEPENDENT-PASS (:RETRY :READ :RESERVE 2 :SINGLE-PATH)
INDEPENDENT-PASS (:RETRY :READ :ADMIT 0 :SINGLE-PATH)
INDEPENDENT-PASS (:RETRY :READ :ADMIT 1 :SINGLE-PATH)
INDEPENDENT-PASS (:RETRY :READ :ADMIT 2 :SINGLE-PATH)
INDEPENDENT-PASS (:RETRY :READ :TRANSFORM 0 :SINGLE-PATH)
INDEPENDENT-PASS (:RETRY :READ :TRANSFORM 1 :SINGLE-PATH)
INDEPENDENT-PASS (:RETRY :READ :TRANSFORM 2 :SINGLE-PATH)
INDEPENDENT-PASS (:RETRY :STORE :RESERVE 0 :SINGLE-PATH)
INDEPENDENT-PASS (:RETRY :STORE :RESERVE 1 :SINGLE-PATH)
INDEPENDENT-PASS (:RETRY :STORE :RESERVE 2 :SINGLE-PATH)
INDEPENDENT-PASS (:RETRY :STORE :ADMIT 0 :SINGLE-PATH)
INDEPENDENT-PASS (:RETRY :STORE :ADMIT 1 :SINGLE-PATH)
INDEPENDENT-PASS (:RETRY :STORE :ADMIT 2 :SINGLE-PATH)
INDEPENDENT-PASS (:RETRY :STORE :TRANSFORM 0 :SINGLE-PATH)
INDEPENDENT-PASS (:RETRY :STORE :TRANSFORM 1 :SINGLE-PATH)
INDEPENDENT-PASS (:RETRY :STORE :TRANSFORM 2 :SINGLE-PATH)
INDEPENDENT-PASS (:RETRY :ROOT-STORE :RESERVE 0 :SINGLE-PATH)
INDEPENDENT-PASS (:RETRY :ROOT-STORE :RESERVE 1 :SINGLE-PATH)
INDEPENDENT-PASS (:RETRY :ROOT-STORE :RESERVE 2 :SINGLE-PATH)
INDEPENDENT-PASS (:RETRY :ROOT-STORE :ADMIT 0 :SINGLE-PATH)
INDEPENDENT-PASS (:RETRY :ROOT-STORE :ADMIT 1 :SINGLE-PATH)
INDEPENDENT-PASS (:RETRY :ROOT-STORE :ADMIT 2 :SINGLE-PATH)
INDEPENDENT-PASS (:RETRY :ROOT-STORE :TRANSFORM 0 :SINGLE-PATH)
INDEPENDENT-PASS (:RETRY :ROOT-STORE :TRANSFORM 1 :SINGLE-PATH)
INDEPENDENT-PASS (:RETRY :ROOT-STORE :TRANSFORM 2 :SINGLE-PATH)
INDEPENDENT-PASS (:RETRY :MATCH :RESERVE 0 :UNION)
INDEPENDENT-PASS (:RETRY :MATCH :RESERVE 1 :UNION)
INDEPENDENT-PASS (:RETRY :MATCH :RESERVE 2 :UNION)
INDEPENDENT-PASS (:RETRY :MATCH :RESERVE 3 :UNION)
INDEPENDENT-PASS (:RETRY :MATCH :ADMIT 0 :UNION)
INDEPENDENT-PASS (:RETRY :MATCH :ADMIT 1 :UNION)
INDEPENDENT-PASS (:RETRY :MATCH :ADMIT 2 :UNION)
INDEPENDENT-PASS (:RETRY :MATCH :ADMIT 3 :UNION)
INDEPENDENT-PASS (:RETRY :MATCH :TRANSFORM 0 :UNION)
INDEPENDENT-PASS (:RETRY :MATCH :TRANSFORM 1 :UNION)
INDEPENDENT-PASS (:RETRY :MATCH :TRANSFORM 2 :UNION)
INDEPENDENT-PASS (:RETRY :MATCH :TRANSFORM 3 :UNION)
FATAL-OUTCOME :POST-PUBLICATION-FAILURE
CLOSURE allocation=:ALLOWED bind=:ALLOWED collect=:ALLOWED shutdown=:BLOCKED release-index=0->0
INDEPENDENT-FAIL (:FATAL :MATCH :BEFORE :ERROR) [SIMPLE-ERROR] Fatal escape reopened managed work
TRACE ((:RESERVE :FIRST :CAS NIL) (:ACQUIRE :FIRST :CAS 0)
       (:RESERVE :LATER :CAS NIL) (:ACQUIRE :LATER :CAS 0)
       (:ADMIT :FIRST :CAS 0) (:ADMIT :LATER :CAS 0) (:TRANSFORM :FIRST :CAS 0)
       (:TRANSFORM :LATER :CAS 0) (:BEFORE :FIRST :CAS 0))
FATAL-OUTCOME :RULE-NONLOCAL-EXIT
CLOSURE allocation=:ALLOWED bind=:ALLOWED collect=:ALLOWED shutdown=:BLOCKED release-index=0->0
INDEPENDENT-FAIL (:FATAL :MATCH :BEFORE :THROW) [SIMPLE-ERROR] Fatal escape reopened managed work
TRACE ((:RESERVE :FIRST :CAS NIL) (:ACQUIRE :FIRST :CAS 0)
       (:RESERVE :LATER :CAS NIL) (:ACQUIRE :LATER :CAS 0)
       (:ADMIT :FIRST :CAS 0) (:ADMIT :LATER :CAS 0) (:TRANSFORM :FIRST :CAS 0)
       (:TRANSFORM :LATER :CAS 0) (:BEFORE :FIRST :CAS 0))
FATAL-OUTCOME :POST-PUBLICATION-FAILURE
CLOSURE allocation=:ALLOWED bind=:ALLOWED collect=:ALLOWED shutdown=:BLOCKED release-index=0->0
INDEPENDENT-FAIL (:FATAL :MATCH :AFTER :ERROR) [SIMPLE-ERROR] Fatal escape reopened managed work
TRACE ((:RESERVE :FIRST :CAS NIL) (:ACQUIRE :FIRST :CAS 0)
       (:RESERVE :LATER :CAS NIL) (:ACQUIRE :LATER :CAS 0)
       (:ADMIT :FIRST :CAS 0) (:ADMIT :LATER :CAS 0) (:TRANSFORM :FIRST :CAS 0)
       (:TRANSFORM :LATER :CAS 0) (:BEFORE :FIRST :CAS 0)
       (:BEFORE :LATER :CAS 0) (:AFTER :FIRST :CAS 0))
FATAL-OUTCOME :RULE-NONLOCAL-EXIT
CLOSURE allocation=:ALLOWED bind=:ALLOWED collect=:ALLOWED shutdown=:BLOCKED release-index=0->0
INDEPENDENT-FAIL (:FATAL :MATCH :AFTER :THROW) [SIMPLE-ERROR] Fatal escape reopened managed work
TRACE ((:RESERVE :FIRST :CAS NIL) (:ACQUIRE :FIRST :CAS 0)
       (:RESERVE :LATER :CAS NIL) (:ACQUIRE :LATER :CAS 0)
       (:ADMIT :FIRST :CAS 0) (:ADMIT :LATER :CAS 0) (:TRANSFORM :FIRST :CAS 0)
       (:TRANSFORM :LATER :CAS 0) (:BEFORE :FIRST :CAS 0)
       (:BEFORE :LATER :CAS 0) (:AFTER :FIRST :CAS 0))
FATAL-OUTCOME :ORDINARY-ERROR
CLOSURE allocation=:ALLOWED bind=:ALLOWED collect=:ALLOWED shutdown=:BLOCKED release-index=0->0
INDEPENDENT-FAIL (:FATAL :MISMATCH :BEFORE :ERROR) [SIMPLE-ERROR] Fatal escape reopened managed work
TRACE ((:RESERVE :FIRST :CAS NIL) (:ACQUIRE :FIRST :CAS 0)
       (:RESERVE :LATER :CAS NIL) (:ACQUIRE :LATER :CAS 0)
       (:ADMIT :FIRST :CAS 0) (:ADMIT :LATER :CAS 0)
       (:TRANSFORM :FIRST :READ 0) (:TRANSFORM :LATER :READ 0)
       (:BEFORE :FIRST :READ 0))
FATAL-OUTCOME :RULE-NONLOCAL-EXIT
CLOSURE allocation=:ALLOWED bind=:ALLOWED collect=:ALLOWED shutdown=:BLOCKED release-index=0->0
INDEPENDENT-FAIL (:FATAL :MISMATCH :BEFORE :THROW) [SIMPLE-ERROR] Fatal escape reopened managed work
TRACE ((:RESERVE :FIRST :CAS NIL) (:ACQUIRE :FIRST :CAS 0)
       (:RESERVE :LATER :CAS NIL) (:ACQUIRE :LATER :CAS 0)
       (:ADMIT :FIRST :CAS 0) (:ADMIT :LATER :CAS 0)
       (:TRANSFORM :FIRST :READ 0) (:TRANSFORM :LATER :READ 0)
       (:BEFORE :FIRST :READ 0))
FATAL-OUTCOME :ORDINARY-ERROR
CLOSURE allocation=:ALLOWED bind=:ALLOWED collect=:ALLOWED shutdown=:BLOCKED release-index=0->0
INDEPENDENT-FAIL (:FATAL :MISMATCH :AFTER :ERROR) [SIMPLE-ERROR] Fatal escape reopened managed work
TRACE ((:RESERVE :FIRST :CAS NIL) (:ACQUIRE :FIRST :CAS 0)
       (:RESERVE :LATER :CAS NIL) (:ACQUIRE :LATER :CAS 0)
       (:ADMIT :FIRST :CAS 0) (:ADMIT :LATER :CAS 0)
       (:TRANSFORM :FIRST :READ 0) (:TRANSFORM :LATER :READ 0)
       (:BEFORE :FIRST :READ 0) (:BEFORE :LATER :READ 0)
       (:AFTER :FIRST :READ 0))
FATAL-OUTCOME :RULE-NONLOCAL-EXIT
CLOSURE allocation=:ALLOWED bind=:ALLOWED collect=:ALLOWED shutdown=:BLOCKED release-index=0->0
INDEPENDENT-FAIL (:FATAL :MISMATCH :AFTER :THROW) [SIMPLE-ERROR] Fatal escape reopened managed work
TRACE ((:RESERVE :FIRST :CAS NIL) (:ACQUIRE :FIRST :CAS 0)
       (:RESERVE :LATER :CAS NIL) (:ACQUIRE :LATER :CAS 0)
       (:ADMIT :FIRST :CAS 0) (:ADMIT :LATER :CAS 0)
       (:TRANSFORM :FIRST :READ 0) (:TRANSFORM :LATER :READ 0)
       (:BEFORE :FIRST :READ 0) (:BEFORE :LATER :READ 0)
       (:AFTER :FIRST :READ 0))
FATAL-OUTCOME :POST-PUBLICATION-FAILURE
CLOSURE allocation=:ALLOWED bind=:ALLOWED collect=:ALLOWED shutdown=:BLOCKED release-index=0->0
INDEPENDENT-FAIL (:FATAL :READ :BEFORE :ERROR) [SIMPLE-ERROR] Fatal escape reopened managed work
TRACE ((:RESERVE :FIRST :READ NIL) (:ACQUIRE :FIRST :READ 0)
       (:RESERVE :LATER :READ NIL) (:ACQUIRE :LATER :READ 0)
       (:ADMIT :FIRST :READ 0) (:ADMIT :LATER :READ 0)
       (:TRANSFORM :FIRST :READ 0) (:TRANSFORM :LATER :READ 0)
       (:BEFORE :FIRST :READ 0))
FATAL-OUTCOME :RULE-NONLOCAL-EXIT
CLOSURE allocation=:ALLOWED bind=:ALLOWED collect=:ALLOWED shutdown=:BLOCKED release-index=0->0
INDEPENDENT-FAIL (:FATAL :READ :BEFORE :THROW) [SIMPLE-ERROR] Fatal escape reopened managed work
TRACE ((:RESERVE :FIRST :READ NIL) (:ACQUIRE :FIRST :READ 0)
       (:RESERVE :LATER :READ NIL) (:ACQUIRE :LATER :READ 0)
       (:ADMIT :FIRST :READ 0) (:ADMIT :LATER :READ 0)
       (:TRANSFORM :FIRST :READ 0) (:TRANSFORM :LATER :READ 0)
       (:BEFORE :FIRST :READ 0))
FATAL-OUTCOME :POST-PUBLICATION-FAILURE
CLOSURE allocation=:ALLOWED bind=:ALLOWED collect=:ALLOWED shutdown=:BLOCKED release-index=0->0
INDEPENDENT-FAIL (:FATAL :READ :AFTER :ERROR) [SIMPLE-ERROR] Fatal escape reopened managed work
TRACE ((:RESERVE :FIRST :READ NIL) (:ACQUIRE :FIRST :READ 0)
       (:RESERVE :LATER :READ NIL) (:ACQUIRE :LATER :READ 0)
       (:ADMIT :FIRST :READ 0) (:ADMIT :LATER :READ 0)
       (:TRANSFORM :FIRST :READ 0) (:TRANSFORM :LATER :READ 0)
       (:BEFORE :FIRST :READ 0) (:BEFORE :LATER :READ 0)
       (:AFTER :FIRST :READ 0))
FATAL-OUTCOME :RULE-NONLOCAL-EXIT
CLOSURE allocation=:ALLOWED bind=:ALLOWED collect=:ALLOWED shutdown=:BLOCKED release-index=0->0
INDEPENDENT-FAIL (:FATAL :READ :AFTER :THROW) [SIMPLE-ERROR] Fatal escape reopened managed work
TRACE ((:RESERVE :FIRST :READ NIL) (:ACQUIRE :FIRST :READ 0)
       (:RESERVE :LATER :READ NIL) (:ACQUIRE :LATER :READ 0)
       (:ADMIT :FIRST :READ 0) (:ADMIT :LATER :READ 0)
       (:TRANSFORM :FIRST :READ 0) (:TRANSFORM :LATER :READ 0)
       (:BEFORE :FIRST :READ 0) (:BEFORE :LATER :READ 0)
       (:AFTER :FIRST :READ 0))
FATAL-OUTCOME :POST-PUBLICATION-FAILURE
CLOSURE allocation=:ALLOWED bind=:ALLOWED collect=:ALLOWED shutdown=:BLOCKED release-index=0->0
INDEPENDENT-FAIL (:FATAL :STORE :BEFORE :ERROR) [SIMPLE-ERROR] Fatal escape reopened managed work
TRACE ((:RESERVE :FIRST :STORE NIL) (:ACQUIRE :FIRST :STORE 0)
       (:RESERVE :LATER :STORE NIL) (:ACQUIRE :LATER :STORE 0)
       (:ADMIT :FIRST :STORE 0) (:ADMIT :LATER :STORE 0)
       (:TRANSFORM :FIRST :STORE 0) (:TRANSFORM :LATER :STORE 0)
       (:BEFORE :FIRST :STORE 0))
FATAL-OUTCOME :RULE-NONLOCAL-EXIT
CLOSURE allocation=:ALLOWED bind=:ALLOWED collect=:ALLOWED shutdown=:BLOCKED release-index=0->0
INDEPENDENT-FAIL (:FATAL :STORE :BEFORE :THROW) [SIMPLE-ERROR] Fatal escape reopened managed work
TRACE ((:RESERVE :FIRST :STORE NIL) (:ACQUIRE :FIRST :STORE 0)
       (:RESERVE :LATER :STORE NIL) (:ACQUIRE :LATER :STORE 0)
       (:ADMIT :FIRST :STORE 0) (:ADMIT :LATER :STORE 0)
       (:TRANSFORM :FIRST :STORE 0) (:TRANSFORM :LATER :STORE 0)
       (:BEFORE :FIRST :STORE 0))
FATAL-OUTCOME :POST-PUBLICATION-FAILURE
CLOSURE allocation=:ALLOWED bind=:ALLOWED collect=:ALLOWED shutdown=:BLOCKED release-index=0->0
INDEPENDENT-FAIL (:FATAL :STORE :AFTER :ERROR) [SIMPLE-ERROR] Fatal escape reopened managed work
TRACE ((:RESERVE :FIRST :STORE NIL) (:ACQUIRE :FIRST :STORE 0)
       (:RESERVE :LATER :STORE NIL) (:ACQUIRE :LATER :STORE 0)
       (:ADMIT :FIRST :STORE 0) (:ADMIT :LATER :STORE 0)
       (:TRANSFORM :FIRST :STORE 0) (:TRANSFORM :LATER :STORE 0)
       (:BEFORE :FIRST :STORE 0) (:BEFORE :LATER :STORE 0)
       (:AFTER :FIRST :STORE 0))
FATAL-OUTCOME :RULE-NONLOCAL-EXIT
CLOSURE allocation=:ALLOWED bind=:ALLOWED collect=:ALLOWED shutdown=:BLOCKED release-index=0->0
INDEPENDENT-FAIL (:FATAL :STORE :AFTER :THROW) [SIMPLE-ERROR] Fatal escape reopened managed work
TRACE ((:RESERVE :FIRST :STORE NIL) (:ACQUIRE :FIRST :STORE 0)
       (:RESERVE :LATER :STORE NIL) (:ACQUIRE :LATER :STORE 0)
       (:ADMIT :FIRST :STORE 0) (:ADMIT :LATER :STORE 0)
       (:TRANSFORM :FIRST :STORE 0) (:TRANSFORM :LATER :STORE 0)
       (:BEFORE :FIRST :STORE 0) (:BEFORE :LATER :STORE 0)
       (:AFTER :FIRST :STORE 0))
FATAL-OUTCOME :POST-PUBLICATION-FAILURE
CLOSURE allocation=:ALLOWED bind=:ALLOWED collect=:ALLOWED shutdown=:BLOCKED release-index=0->0
INDEPENDENT-FAIL (:FATAL :ROOT-STORE :BEFORE :ERROR) [SIMPLE-ERROR] Fatal escape reopened managed work
TRACE ((:RESERVE :FIRST :ROOT-STORE NIL) (:ACQUIRE :FIRST :ROOT-STORE 0)
       (:RESERVE :LATER :ROOT-STORE NIL) (:ACQUIRE :LATER :ROOT-STORE 0)
       (:ADMIT :FIRST :ROOT-STORE 0) (:ADMIT :LATER :ROOT-STORE 0)
       (:TRANSFORM :FIRST :ROOT-STORE 0) (:TRANSFORM :LATER :ROOT-STORE 0)
       (:BEFORE :FIRST :ROOT-STORE 0))
FATAL-OUTCOME :RULE-NONLOCAL-EXIT
CLOSURE allocation=:ALLOWED bind=:ALLOWED collect=:ALLOWED shutdown=:BLOCKED release-index=0->0
INDEPENDENT-FAIL (:FATAL :ROOT-STORE :BEFORE :THROW) [SIMPLE-ERROR] Fatal escape reopened managed work
TRACE ((:RESERVE :FIRST :ROOT-STORE NIL) (:ACQUIRE :FIRST :ROOT-STORE 0)
       (:RESERVE :LATER :ROOT-STORE NIL) (:ACQUIRE :LATER :ROOT-STORE 0)
       (:ADMIT :FIRST :ROOT-STORE 0) (:ADMIT :LATER :ROOT-STORE 0)
       (:TRANSFORM :FIRST :ROOT-STORE 0) (:TRANSFORM :LATER :ROOT-STORE 0)
       (:BEFORE :FIRST :ROOT-STORE 0))
FATAL-OUTCOME :POST-PUBLICATION-FAILURE
CLOSURE allocation=:ALLOWED bind=:ALLOWED collect=:ALLOWED shutdown=:BLOCKED release-index=0->0
INDEPENDENT-FAIL (:FATAL :ROOT-STORE :AFTER :ERROR) [SIMPLE-ERROR] Fatal escape reopened managed work
TRACE ((:RESERVE :FIRST :ROOT-STORE NIL) (:ACQUIRE :FIRST :ROOT-STORE 0)
       (:RESERVE :LATER :ROOT-STORE NIL) (:ACQUIRE :LATER :ROOT-STORE 0)
       (:ADMIT :FIRST :ROOT-STORE 0) (:ADMIT :LATER :ROOT-STORE 0)
       (:TRANSFORM :FIRST :ROOT-STORE 0) (:TRANSFORM :LATER :ROOT-STORE 0)
       (:BEFORE :FIRST :ROOT-STORE 0) (:BEFORE :LATER :ROOT-STORE 0)
       (:AFTER :FIRST :ROOT-STORE 0))
FATAL-OUTCOME :RULE-NONLOCAL-EXIT
CLOSURE allocation=:ALLOWED bind=:ALLOWED collect=:ALLOWED shutdown=:BLOCKED release-index=0->0
INDEPENDENT-FAIL (:FATAL :ROOT-STORE :AFTER :THROW) [SIMPLE-ERROR] Fatal escape reopened managed work
TRACE ((:RESERVE :FIRST :ROOT-STORE NIL) (:ACQUIRE :FIRST :ROOT-STORE 0)
       (:RESERVE :LATER :ROOT-STORE NIL) (:ACQUIRE :LATER :ROOT-STORE 0)
       (:ADMIT :FIRST :ROOT-STORE 0) (:ADMIT :LATER :ROOT-STORE 0)
       (:TRANSFORM :FIRST :ROOT-STORE 0) (:TRANSFORM :LATER :ROOT-STORE 0)
       (:BEFORE :FIRST :ROOT-STORE 0) (:BEFORE :LATER :ROOT-STORE 0)
       (:AFTER :FIRST :ROOT-STORE 0))
INDEPENDENT-FAIL (:SAME-CONTEXT :RESERVE) [SIMPLE-ERROR] Success raw-load count 2
TRACE ((:RESERVE :A :READ NIL) (:ACQUIRE :A :READ 0) (:RESERVE :B :READ NIL)
       (:ACQUIRE :B :READ 0) (:RESERVE :A :READ NIL) (:ACQUIRE :A :READ 1)
       (:RESERVE :B :READ NIL) (:ACQUIRE :B :READ 1) (:RESERVE :C :READ NIL)
       (:ACQUIRE :C :READ 0) (:ADMIT :A :READ 1) (:ADMIT :B :READ 1)
       (:ADMIT :C :READ 0) (:TRANSFORM :A :READ 1) (:TRANSFORM :B :READ 1)
       (:TRANSFORM :C :READ 0) (:BEFORE :A :READ 1) (:BEFORE :B :READ 1)
       (:BEFORE :C :READ 0) (:AFTER :A :READ 1) (:AFTER :B :READ 1)
       (:AFTER :C :READ 0) (:RESERVE :C :READ NIL) (:ACQUIRE :C :READ 0)
       (:ADMIT :B :READ 0) (:ADMIT :C :READ 0) (:TRANSFORM :B :READ 0)
       (:TRANSFORM :C :READ 0) (:BEFORE :B :READ 0) (:BEFORE :C :READ 0)
       (:AFTER :B :READ 0) (:AFTER :C :READ 0))
INDEPENDENT-FAIL (:SAME-CONTEXT :ADMIT) [SIMPLE-ERROR] Token settlement is not exactly once for :A/0
TRACE ((:RESERVE :A :READ NIL) (:ACQUIRE :A :READ 0) (:RESERVE :B :READ NIL)
       (:ACQUIRE :B :READ 0) (:RESERVE :C :READ NIL) (:ACQUIRE :C :READ 0)
       (:ADMIT :A :READ 0) (:ADMIT :B :READ 0) (:RESERVE :A :READ NIL)
       (:ACQUIRE :A :READ 1) (:RESERVE :B :READ NIL) (:ACQUIRE :B :READ 1)
       (:RESERVE :C :READ NIL) (:ACQUIRE :C :READ 1) (:CANCEL :C NIL 1)
       (:CANCEL :B NIL 1) (:CANCEL :A NIL 1))
INDEPENDENT-FAIL (:SAME-CONTEXT :TRANSFORM) [SIMPLE-ERROR] Token settlement is not exactly once for :A/0
TRACE ((:RESERVE :A :READ NIL) (:ACQUIRE :A :READ 0) (:RESERVE :B :READ NIL)
       (:ACQUIRE :B :READ 0) (:RESERVE :C :READ NIL) (:ACQUIRE :C :READ 0)
       (:ADMIT :A :READ 0) (:ADMIT :B :READ 0) (:ADMIT :C :READ 0)
       (:TRANSFORM :A :READ 0) (:TRANSFORM :B :READ 0) (:RESERVE :A :READ NIL)
       (:ACQUIRE :A :READ 1) (:RESERVE :B :READ NIL) (:ACQUIRE :B :READ 1)
       (:RESERVE :C :READ NIL) (:ACQUIRE :C :READ 1) (:CANCEL :C NIL 1)
       (:CANCEL :B NIL 1) (:CANCEL :A NIL 1))
INDEPENDENT-PASS (:SECOND-CONTEXT-BUSY :ADMIT)
INDEPENDENT-FAIL (:ACTIVE-CONTROL :UNBIND :RESERVE) [SIMPLE-ERROR] Token settlement is not exactly once for :A/0
TRACE ((:RESERVE :A :READ NIL) (:ACQUIRE :A :READ 0) (:RESERVE :B :READ NIL)
       (:ACQUIRE :B :READ 0) (:RESERVE :C :READ NIL) (:ACQUIRE :C :READ 0)
       (:ADMIT :B :READ 0) (:ADMIT :C :READ 0) (:TRANSFORM :B :READ 0)
       (:TRANSFORM :C :READ 0) (:BEFORE :B :READ 0) (:BEFORE :C :READ 0)
       (:AFTER :B :READ 0) (:AFTER :C :READ 0))
INDEPENDENT-FAIL (:ACTIVE-CONTROL :COLLECT :RESERVE) [SIMPLE-ERROR] Stale object reference location
TRACE ((:RESERVE :A :READ NIL) (:ACQUIRE :A :READ 0) (:RESERVE :B :READ NIL)
       (:ACQUIRE :B :READ 0) (:RESERVE :C :READ NIL) (:ACQUIRE :C :READ 0)
       (:ADMIT :A :READ 0) (:ADMIT :B :READ 0) (:ADMIT :C :READ 0))
INDEPENDENT-FAIL (:ACTIVE-CONTROL :UNBIND :ADMIT) [SIMPLE-ERROR] Token settlement is not exactly once for :A/0
TRACE ((:RESERVE :A :READ NIL) (:ACQUIRE :A :READ 0) (:RESERVE :B :READ NIL)
       (:ACQUIRE :B :READ 0) (:RESERVE :C :READ NIL) (:ACQUIRE :C :READ 0)
       (:ADMIT :A :READ 0) (:ADMIT :B :READ 0))
INDEPENDENT-FAIL (:ACTIVE-CONTROL :COLLECT :ADMIT) [SIMPLE-ERROR] Stale object reference location
TRACE ((:RESERVE :A :READ NIL) (:ACQUIRE :A :READ 0) (:RESERVE :B :READ NIL)
       (:ACQUIRE :B :READ 0) (:RESERVE :C :READ NIL) (:ACQUIRE :C :READ 0)
       (:ADMIT :A :READ 0) (:ADMIT :B :READ 0) (:ADMIT :C :READ 0))
INDEPENDENT-FAIL (:ACTIVE-CONTROL :UNBIND :TRANSFORM) [SIMPLE-ERROR] Token settlement is not exactly once for :A/0
TRACE ((:RESERVE :A :READ NIL) (:ACQUIRE :A :READ 0) (:RESERVE :B :READ NIL)
       (:ACQUIRE :B :READ 0) (:RESERVE :C :READ NIL) (:ACQUIRE :C :READ 0)
       (:ADMIT :A :READ 0) (:ADMIT :B :READ 0) (:ADMIT :C :READ 0)
       (:TRANSFORM :A :READ 0) (:TRANSFORM :B :READ 0))
INDEPENDENT-FAIL (:ACTIVE-CONTROL :COLLECT :TRANSFORM) [SIMPLE-ERROR] Success raw-load count 18
TRACE ((:RESERVE :A :READ NIL) (:ACQUIRE :A :READ 0) (:RESERVE :B :READ NIL)
       (:ACQUIRE :B :READ 0) (:RESERVE :C :READ NIL) (:ACQUIRE :C :READ 0)
       (:ADMIT :A :READ 0) (:ADMIT :B :READ 0) (:ADMIT :C :READ 0)
       (:TRANSFORM :A :READ 0) (:TRANSFORM :B :READ 0) (:TRANSFORM :C :READ 0)
       (:BEFORE :A :READ 0) (:BEFORE :B :READ 0) (:BEFORE :C :READ 0)
       (:AFTER :A :READ 0) (:AFTER :B :READ 0) (:AFTER :C :READ 0))
INDEPENDENT-FAIL :MISMATCH-DISJOINT-TERMINAL-ONCE [SIMPLE-ERROR] Write-only mismatch cancellation is forward
TRACE ((:RESERVE :W1 :CAS NIL) (:ACQUIRE :W1 :CAS 0) (:RESERVE :R1 :CAS NIL)
       (:ACQUIRE :R1 :CAS 0) (:RESERVE :W2 :CAS NIL) (:ACQUIRE :W2 :CAS 0)
       (:RESERVE :R2 :CAS NIL) (:ACQUIRE :R2 :CAS 0) (:ADMIT :W1 :CAS 0)
       (:ADMIT :R1 :CAS 0) (:ADMIT :W2 :CAS 0) (:ADMIT :R2 :CAS 0)
       (:TRANSFORM :R1 :READ 0) (:TRANSFORM :R2 :READ 0) (:CANCEL :W1 NIL 0)
       (:CANCEL :W2 NIL 0) (:BEFORE :R1 :READ 0) (:BEFORE :R2 :READ 0)
       (:AFTER :R1 :READ 0) (:AFTER :R2 :READ 0))
INDEPENDENT-FAIL :MATCH-DISJOINT-POSITIVE-CONTROL [SIMPLE-ERROR] Match before order
TRACE ((:RESERVE :W1 :CAS NIL) (:ACQUIRE :W1 :CAS 0) (:RESERVE :R1 :CAS NIL)
       (:ACQUIRE :R1 :CAS 0) (:RESERVE :W2 :CAS NIL) (:ACQUIRE :W2 :CAS 0)
       (:RESERVE :R2 :CAS NIL) (:ACQUIRE :R2 :CAS 0) (:ADMIT :W1 :CAS 0)
       (:ADMIT :R1 :CAS 0) (:ADMIT :W2 :CAS 0) (:ADMIT :R2 :CAS 0)
       (:TRANSFORM :R1 :READ 0) (:TRANSFORM :R2 :READ 0)
       (:TRANSFORM :W1 :CAS 0) (:TRANSFORM :W2 :CAS 0) (:BEFORE :R1 :READ 0)
       (:BEFORE :R2 :READ 0) (:BEFORE :W1 :CAS 0) (:BEFORE :W2 :CAS 0)
       (:AFTER :R1 :READ 0) (:AFTER :R2 :READ 0) (:AFTER :W1 :CAS 0)
       (:AFTER :W2 :CAS 0))
INDEPENDENT-FAIL :DISJOINT-READ-FIRST-POSITIVE-CONTROL [SIMPLE-ERROR] Reserve/admit operation does not match admitted event path
TRACE ((:RESERVE :READ :CAS NIL) (:ACQUIRE :READ :CAS 0)
       (:RESERVE :WRITE :CAS NIL) (:ACQUIRE :WRITE :CAS 0)
       (:ADMIT :READ :CAS 0) (:ADMIT :WRITE :CAS 0) (:TRANSFORM :READ :READ 0)
       (:TRANSFORM :WRITE :CAS 0) (:BEFORE :READ :READ 0)
       (:BEFORE :WRITE :CAS 0) (:AFTER :READ :READ 0) (:AFTER :WRITE :CAS 0))
UNKNOWN-RESERVE-OUTCOME :ORDINARY-ERROR
CLOSURE allocation=:ALLOWED bind=:ALLOWED collect=:ALLOWED shutdown=:BLOCKED release-index=0->0
INDEPENDENT-FAIL (:UNKNOWN-UNRETURNED-RESERVATION :ERROR) [SIMPLE-ERROR] Fatal escape reopened managed work
TRACE ((:RESERVE :A :READ NIL) (:ACQUIRE :A :READ 0) (:RESERVE :B :READ NIL)
       (:ACQUIRE :B :READ 0))
UNKNOWN-RESERVE-OUTCOME :RULE-NONLOCAL-EXIT
CLOSURE allocation=:ALLOWED bind=:ALLOWED collect=:ALLOWED shutdown=:BLOCKED release-index=0->0
INDEPENDENT-FAIL (:UNKNOWN-UNRETURNED-RESERVATION :THROW) [SIMPLE-ERROR] Fatal escape reopened managed work
TRACE ((:RESERVE :A :READ NIL) (:ACQUIRE :A :READ 0) (:RESERVE :B :READ NIL)
       (:ACQUIRE :B :READ 0))
INDEPENDENT-FAIL :DUAL-PREPUBLICATION-REJECTION [SIMPLE-ERROR] Ambiguous dual READ+CAS contribution was published
INDEPENDENT-SUMMARY cases=93 failures=35 failed-worlds=35 expected-fatal-worlds=0
While evaluating the form starting at line 684, column 0
  of #P"/tmp/clamsara-staged-ledger-review-tirxn_0p/independent-review/cas-contract/acceptance-02.lisp":
While evaluating the form starting at line 8, column 0
  of #P"/tmp/clamsara-staged-ledger-review-tirxn_0p/independent-review/cas-contract/bootstrap-02.lisp":
Unhandled SIMPLE-ERROR in thread #<SB-THREAD:THREAD tid=10022 "main thread" RUNNING
                                    {1200450003}>:
  Independent CAS acceptance failures: 35

Backtrace for: #<SB-THREAD:THREAD tid=10022 "main thread" RUNNING {1200450003}>
0: (SB-DEBUG::DEBUGGER-DISABLED-HOOK #<SIMPLE-ERROR "Independent CAS acceptance failures: ~D" {1205DB53B3}> #<unused argument> :QUIT T)
1: (SB-DEBUG::RUN-HOOK SB-EXT:*INVOKE-DEBUGGER-HOOK* #<SIMPLE-ERROR "Independent CAS acceptance failures: ~D" {1205DB53B3}>)
2: (INVOKE-DEBUGGER #<SIMPLE-ERROR "Independent CAS acceptance failures: ~D" {1205DB53B3}>)
3: (ERROR "Independent CAS acceptance failures: ~D" 35)
4: (CHECK NIL "Independent CAS acceptance failures: ~D" 35)
5: (SB-INT:SIMPLE-EVAL-IN-LEXENV (CHECK (ZEROP *FAILURES*) "Independent CAS acceptance failures: ~D" *FAILURES*) #<NULL-LEXENV>)
6: (SB-EXT:EVAL-TLF (CHECK (ZEROP *FAILURES*) "Independent CAS acceptance failures: ~D" *FAILURES*) 75 NIL)
7: ((LABELS SB-FASL::EVAL-FORM :IN SB-INT:LOAD-AS-SOURCE) (CHECK (ZEROP *FAILURES*) "Independent CAS acceptance failures: ~D" *FAILURES*) 75)
8: ((LAMBDA (SB-KERNEL:FORM &KEY :CURRENT-INDEX &ALLOW-OTHER-KEYS) :IN SB-INT:LOAD-AS-SOURCE) (CHECK (ZEROP *FAILURES*) "Independent CAS acceptance failures: ~D" *FAILURES*) :CURRENT-INDEX 75)
9: (SB-C::%DO-FORMS-FROM-INFO #<FUNCTION (LAMBDA (SB-KERNEL:FORM &KEY :CURRENT-INDEX &ALLOW-OTHER-KEYS) :IN SB-INT:LOAD-AS-SOURCE) {7F7C122F6ADB}> #<SB-C::SOURCE-INFO {1206371973}> SB-C::INPUT-ERROR-IN-LOAD)
10: (SB-INT:LOAD-AS-SOURCE #<SB-INT:FORM-TRACKING-STREAM for "file /tmp/clamsara-staged-ledger-review-tirxn_0p/independent-review/cas-contract/acceptance-02.lisp" {120635E453}> :VERBOSE NIL :PRINT NIL :CONTEXT "loading")
11: ((LABELS SB-FASL::LOAD-STREAM-1 :IN LOAD) #<SB-INT:FORM-TRACKING-STREAM for "file /tmp/clamsara-staged-ledger-review-tirxn_0p/independent-review/cas-contract/acceptance-02.lisp" {120635E453}> NIL)
12: (SB-FASL::CALL-WITH-LOAD-BINDINGS #<FUNCTION (LABELS SB-FASL::LOAD-STREAM-1 :IN LOAD) {7F7C122F6E9B}> #<SB-INT:FORM-TRACKING-STREAM for "file /tmp/clamsara-staged-ledger-review-tirxn_0p/independent-review/cas-contract/acceptance-02.lisp" {120635E453}> NIL #<SB-INT:FORM-TRACKING-STREAM for "file /tmp/clamsara-staged-ledger-review-tirxn_0p/independent-review/cas-contract/acceptance-02.lisp" {120635E453}>)
13: (LOAD #P"/tmp/clamsara-staged-ledger-review-tirxn_0p/independent-review/cas-contract/acceptance-02.lisp" :VERBOSE NIL :PRINT NIL :IF-DOES-NOT-EXIST :ERROR :EXTERNAL-FORMAT :DEFAULT)
14: (SB-INT:SIMPLE-EVAL-IN-LEXENV (LOAD #P"/tmp/clamsara-staged-ledger-review-tirxn_0p/independent-review/cas-contract/acceptance-02.lisp") #<NULL-LEXENV>)
15: (SB-EXT:EVAL-TLF (LOAD #P"/tmp/clamsara-staged-ledger-review-tirxn_0p/independent-review/cas-contract/acceptance-02.lisp") 6 NIL)
16: ((LABELS SB-FASL::EVAL-FORM :IN SB-INT:LOAD-AS-SOURCE) (LOAD #P"/tmp/clamsara-staged-ledger-review-tirxn_0p/independent-review/cas-contract/acceptance-02.lisp") 6)
17: ((LAMBDA (SB-KERNEL:FORM &KEY :CURRENT-INDEX &ALLOW-OTHER-KEYS) :IN SB-INT:LOAD-AS-SOURCE) (LOAD #P"/tmp/clamsara-staged-ledger-review-tirxn_0p/independent-review/cas-contract/acceptance-02.lisp") :CURRENT-INDEX 6)
18: (SB-C::%DO-FORMS-FROM-INFO #<FUNCTION (LAMBDA (SB-KERNEL:FORM &KEY :CURRENT-INDEX &ALLOW-OTHER-KEYS) :IN SB-INT:LOAD-AS-SOURCE) {7F7C122F74CB}> #<SB-C::SOURCE-INFO {12004CDF33}> SB-C::INPUT-ERROR-IN-LOAD)
19: (SB-INT:LOAD-AS-SOURCE #<SB-INT:FORM-TRACKING-STREAM for "file /tmp/clamsara-staged-ledger-review-tirxn_0p/independent-review/cas-contract/bootstrap-02.lisp" {1200452CE3}> :VERBOSE NIL :PRINT NIL :CONTEXT "loading")
20: ((LABELS SB-FASL::LOAD-STREAM-1 :IN LOAD) #<SB-INT:FORM-TRACKING-STREAM for "file /tmp/clamsara-staged-ledger-review-tirxn_0p/independent-review/cas-contract/bootstrap-02.lisp" {1200452CE3}> NIL)
21: (SB-FASL::CALL-WITH-LOAD-BINDINGS #<FUNCTION (LABELS SB-FASL::LOAD-STREAM-1 :IN LOAD) {7F7C122F788B}> #<SB-INT:FORM-TRACKING-STREAM for "file /tmp/clamsara-staged-ledger-review-tirxn_0p/independent-review/cas-contract/bootstrap-02.lisp" {1200452CE3}> NIL #<SB-INT:FORM-TRACKING-STREAM for "file /tmp/clamsara-staged-ledger-review-tirxn_0p/independent-review/cas-contract/bootstrap-02.lisp" {1200452CE3}>)
22: (LOAD #P"/tmp/clamsara-staged-ledger-review-tirxn_0p/independent-review/cas-contract/bootstrap-02.lisp" :VERBOSE NIL :PRINT NIL :IF-DOES-NOT-EXIST :ERROR :EXTERNAL-FORMAT :DEFAULT)
23: (SB-IMPL::PROCESS-EVAL/LOAD-OPTIONS ((:LOAD . "/tmp/clamsara-staged-ledger-review-tirxn_0p/independent-review/cas-contract/bootstrap-02.lisp") (:QUIT)))
24: (SB-IMPL::TOPLEVEL-INIT)
25: ((FLET SB-UNIX::BODY :IN SB-IMPL::START-LISP))
26: ((FLET "WITHOUT-INTERRUPTS-BODY-3" :IN SB-IMPL::START-LISP))
27: (SB-IMPL::%START-LISP)

unhandled condition in --disable-debugger mode, quitting
